Component: ARM Compiler 6.12 Tool: armlink [5d624300]

==============================================================================

Section Cross References

    startup_stm32f103xb.o(RESET) refers to startup_stm32f103xb.o(STACK) for __initial_sp
    startup_stm32f103xb.o(RESET) refers to startup_stm32f103xb.o(.text) for Reset_Handler
    startup_stm32f103xb.o(RESET) refers to stm32f1xx_it.o(.text.NMI_Handler) for NMI_Handler
    startup_stm32f103xb.o(RESET) refers to stm32f1xx_it.o(.text.HardFault_Handler) for HardFault_Handler
    startup_stm32f103xb.o(RESET) refers to stm32f1xx_it.o(.text.MemManage_Handler) for MemManage_Handler
    startup_stm32f103xb.o(RESET) refers to stm32f1xx_it.o(.text.BusFault_Handler) for BusFault_Handler
    startup_stm32f103xb.o(RESET) refers to stm32f1xx_it.o(.text.UsageFault_Handler) for UsageFault_Handler
    startup_stm32f103xb.o(RESET) refers to stm32f1xx_it.o(.text.SVC_Handler) for SVC_Handler
    startup_stm32f103xb.o(RESET) refers to stm32f1xx_it.o(.text.DebugMon_Handler) for DebugMon_Handler
    startup_stm32f103xb.o(RESET) refers to stm32f1xx_it.o(.text.PendSV_Handler) for PendSV_Handler
    startup_stm32f103xb.o(RESET) refers to stm32f1xx_it.o(.text.SysTick_Handler) for SysTick_Handler
    startup_stm32f103xb.o(RESET) refers to stm32f1xx_it.o(.text.DMA1_Channel2_IRQHandler) for DMA1_Channel2_IRQHandler
    startup_stm32f103xb.o(RESET) refers to stm32f1xx_it.o(.text.DMA1_Channel3_IRQHandler) for DMA1_Channel3_IRQHandler
    startup_stm32f103xb.o(RESET) refers to stm32f1xx_it.o(.text.DMA1_Channel4_IRQHandler) for DMA1_Channel4_IRQHandler
    startup_stm32f103xb.o(RESET) refers to stm32f1xx_it.o(.text.DMA1_Channel5_IRQHandler) for DMA1_Channel5_IRQHandler
    startup_stm32f103xb.o(RESET) refers to stm32f1xx_it.o(.text.USB_HP_CAN1_TX_IRQHandler) for USB_HP_CAN1_TX_IRQHandler
    startup_stm32f103xb.o(RESET) refers to stm32f1xx_it.o(.text.USB_LP_CAN1_RX0_IRQHandler) for USB_LP_CAN1_RX0_IRQHandler
    startup_stm32f103xb.o(RESET) refers to stm32f1xx_it.o(.text.SPI1_IRQHandler) for SPI1_IRQHandler
    startup_stm32f103xb.o(RESET) refers to stm32f1xx_it.o(.text.USART1_IRQHandler) for USART1_IRQHandler
    startup_stm32f103xb.o(.text) refers to system_stm32f1xx.o(.text.SystemInit) for SystemInit
    startup_stm32f103xb.o(.text) refers to entry.o(.ARM.Collect$$$$00000000) for __main
    main.o(.text.main) refers to stm32f1xx_hal.o(.text.HAL_Init) for HAL_Init
    main.o(.text.main) refers to main.o(.text.SystemClock_Config) for SystemClock_Config
    main.o(.text.main) refers to gpio.o(.text.MX_GPIO_Init) for MX_GPIO_Init
    main.o(.text.main) refers to dma.o(.text.MX_DMA_Init) for MX_DMA_Init
    main.o(.text.main) refers to spi.o(.text.MX_SPI1_Init) for MX_SPI1_Init
    main.o(.text.main) refers to usart.o(.text.MX_USART1_UART_Init) for MX_USART1_UART_Init
    main.o(.text.main) refers to usb_device.o(.text.MX_USB_DEVICE_Init) for MX_USB_DEVICE_Init
    main.o(.text.main) refers to uart_demo.o(.text.uart_rx_dma_configuration) for uart_rx_dma_configuration
    main.o(.text.main) refers to main.o(.bss.USBD_RxCnt) for USBD_RxCnt
    main.o(.text.main) refers to usb_device.o(.bss.hUsbDeviceFS) for hUsbDeviceFS
    main.o(.text.main) refers to main.o(.bss.USBD_RXBuffer) for USBD_RXBuffer
    main.o(.text.main) refers to usbd_conf.o(.text.USBD_LL_Transmit) for USBD_LL_Transmit
    main.o(.ARM.exidx.text.main) refers to main.o(.text.main) for [Anonymous Symbol]
    main.o(.text.SystemClock_Config) refers to main.o(.text.LL_FLASH_SetLatency) for LL_FLASH_SetLatency
    main.o(.text.SystemClock_Config) refers to main.o(.text.LL_FLASH_GetLatency) for LL_FLASH_GetLatency
    main.o(.text.SystemClock_Config) refers to main.o(.text.Error_Handler) for Error_Handler
    main.o(.text.SystemClock_Config) refers to main.o(.text.LL_RCC_HSE_Enable) for LL_RCC_HSE_Enable
    main.o(.text.SystemClock_Config) refers to main.o(.text.LL_RCC_HSE_IsReady) for LL_RCC_HSE_IsReady
    main.o(.text.SystemClock_Config) refers to main.o(.text.LL_RCC_HSE_EnableCSS) for LL_RCC_HSE_EnableCSS
    main.o(.text.SystemClock_Config) refers to main.o(.text.LL_RCC_PLL_ConfigDomain_SYS) for LL_RCC_PLL_ConfigDomain_SYS
    main.o(.text.SystemClock_Config) refers to main.o(.text.LL_RCC_PLL_Enable) for LL_RCC_PLL_Enable
    main.o(.text.SystemClock_Config) refers to main.o(.text.LL_RCC_PLL_IsReady) for LL_RCC_PLL_IsReady
    main.o(.text.SystemClock_Config) refers to main.o(.text.LL_RCC_SetAHBPrescaler) for LL_RCC_SetAHBPrescaler
    main.o(.text.SystemClock_Config) refers to main.o(.text.LL_RCC_SetAPB1Prescaler) for LL_RCC_SetAPB1Prescaler
    main.o(.text.SystemClock_Config) refers to main.o(.text.LL_RCC_SetAPB2Prescaler) for LL_RCC_SetAPB2Prescaler
    main.o(.text.SystemClock_Config) refers to main.o(.text.LL_RCC_SetSysClkSource) for LL_RCC_SetSysClkSource
    main.o(.text.SystemClock_Config) refers to main.o(.text.LL_RCC_GetSysClkSource) for LL_RCC_GetSysClkSource
[...]
    [Anonymous Symbol]                       0x0800545c   Section        0  usbd_conf.o(.text.USBD_LL_Start)
    [Anonymous Symbol]                       0x08005494   Section        0  usbd_core.o(.text.USBD_LL_Suspend)
    [Anonymous Symbol]                       0x080054b4   Section        0  usbd_conf.o(.text.USBD_LL_Transmit)
    [Anonymous Symbol]                       0x08005510   Section        0  usbd_ctlreq.o(.text.USBD_ParseSetupRequest)
    [Anonymous Symbol]                       0x0800555c   Section        0  usbd_core.o(.text.USBD_RegisterClass)
    [Anonymous Symbol]                       0x08005598   Section        0  usbd_core.o(.text.USBD_RunTestMode)
    USBD_SetAddress                          0x080055a9   Thumb Code   160  usbd_ctlreq.o(.text.USBD_SetAddress)
    [Anonymous Symbol]                       0x080055a8   Section        0  usbd_ctlreq.o(.text.USBD_SetAddress)
    [Anonymous Symbol]                       0x08005648   Section        0  usbd_core.o(.text.USBD_SetClassConfig)
    USBD_SetConfig                           0x08005699   Thumb Code   360  usbd_ctlreq.o(.text.USBD_SetConfig)
    [Anonymous Symbol]                       0x08005698   Section        0  usbd_ctlreq.o(.text.USBD_SetConfig)
    USBD_SetFeature                          0x08005801   Thumb Code    48  usbd_ctlreq.o(.text.USBD_SetFeature)
    [Anonymous Symbol]                       0x08005800   Section        0  usbd_ctlreq.o(.text.USBD_SetFeature)
    [Anonymous Symbol]                       0x08005830   Section        0  usbd_core.o(.text.USBD_Start)
    [Anonymous Symbol]                       0x0800584c   Section        0  usbd_ctlreq.o(.text.USBD_StdDevReq)
    [Anonymous Symbol]                       0x0800591c   Section        0  usbd_ctlreq.o(.text.USBD_StdEPReq)
    [Anonymous Symbol]                       0x08005ca4   Section        0  usbd_ctlreq.o(.text.USBD_StdItfReq)
    [Anonymous Symbol]                       0x08005d54   Section        0  usbd_conf.o(.text.USBD_static_free)
    [Anonymous Symbol]                       0x08005d60   Section        0  stm32f1xx_ll_usb.o(.text.USB_ActivateEndpoint)
    [Anonymous Symbol]                       0x080063d8   Section        0  stm32f1xx_ll_usb.o(.text.USB_CoreInit)
    [Anonymous Symbol]                       0x08006420   Section        0  stm32f1xx_ll_usb.o(.text.USB_DeactivateEndpoint)
    [Anonymous Symbol]                       0x0800678c   Section        0  stm32f1xx_ll_usb.o(.text.USB_DevConnect)
    [Anonymous Symbol]                       0x0800679c   Section        0  stm32f1xx_ll_usb.o(.text.USB_DevDisconnect)
    [Anonymous Symbol]                       0x080067ac   Section        0  stm32f1xx_ll_usb.o(.text.USB_DevInit)
    [Anonymous Symbol]                       0x0800681c   Section        0  stm32f1xx_ll_usb.o(.text.USB_DisableGlobalInt)
    [Anonymous Symbol]                       0x08006844   Section        0  stm32f1xx_ll_usb.o(.text.USB_EP0_OutStart)
    [Anonymous Symbol]                       0x08006858   Section        0  stm32f1xx_ll_usb.o(.text.USB_EPClearStall)
    [Anonymous Symbol]                       0x080069a8   Section        0  stm32f1xx_ll_usb.o(.text.USB_EPSetStall)
    [Anonymous Symbol]                       0x08006a3c   Section        0  stm32f1xx_ll_usb.o(.text.USB_EPStartXfer)
    [Anonymous Symbol]                       0x080070a8   Section        0  stm32f1xx_ll_usb.o(.text.USB_EnableGlobalInt)
    [Anonymous Symbol]                       0x080070d0   Section        0  stm32f1xx_it.o(.text.USB_HP_CAN1_TX_IRQHandler)
    [Anonymous Symbol]                       0x080070e0   Section        0  stm32f1xx_it.o(.text.USB_LP_CAN1_RX0_IRQHandler)
    [Anonymous Symbol]                       0x080070f0   Section        0  stm32f1xx_ll_usb.o(.text.USB_ReadInterrupts)
    [Anonymous Symbol]                       0x08007108   Section        0  stm32f1xx_ll_usb.o(.text.USB_ReadPMA)
    [Anonymous Symbol]                       0x080071b0   Section        0  stm32f1xx_ll_usb.o(.text.USB_SetCurrentMode)
    [Anonymous Symbol]                       0x080071c8   Section        0  stm32f1xx_ll_usb.o(.text.USB_SetDevAddress)
    [Anonymous Symbol]                       0x080071f4   Section        0  stm32f1xx_ll_usb.o(.text.USB_WritePMA)
    [Anonymous Symbol]                       0x08007288   Section        0  stm32f1xx_it.o(.text.UsageFault_Handler)
    __NVIC_EnableIRQ                         0x0800728d   Thumb Code    54  dma.o(.text.__NVIC_EnableIRQ)
    [Anonymous Symbol]                       0x0800728c   Section        0  dma.o(.text.__NVIC_EnableIRQ)
    __NVIC_EnableIRQ                         0x080072c5   Thumb Code    54  spi.o(.text.__NVIC_EnableIRQ)
    [Anonymous Symbol]                       0x080072c4   Section        0  spi.o(.text.__NVIC_EnableIRQ)
    __NVIC_EnableIRQ                         0x080072fd   Thumb Code    54  usart.o(.text.__NVIC_EnableIRQ)
    [Anonymous Symbol]                       0x080072fc   Section        0  usart.o(.text.__NVIC_EnableIRQ)
    __NVIC_EnableIRQ                         0x08007335   Thumb Code    54  stm32f1xx_hal_cortex.o(.text.__NVIC_EnableIRQ)
    [Anonymous Symbol]                       0x08007334   Section        0  stm32f1xx_hal_cortex.o(.text.__NVIC_EnableIRQ)
    __NVIC_GetPriorityGrouping               0x0800736d   Thumb Code    16  dma.o(.text.__NVIC_GetPriorityGrouping)
    [Anonymous Symbol]                       0x0800736c   Section        0  dma.o(.text.__NVIC_GetPriorityGrouping)
    __NVIC_GetPriorityGrouping               0x0800737d   Thumb Code    16  spi.o(.text.__NVIC_GetPriorityGrouping)
    [Anonymous Symbol]                       0x0800737c   Section        0  spi.o(.text.__NVIC_GetPriorityGrouping)
    __NVIC_GetPriorityGrouping               0x0800738d   Thumb Code    16  usart.o(.text.__NVIC_GetPriorityGrouping)
    [Anonymous Symbol]                       0x0800738c   Section        0  usart.o(.text.__NVIC_GetPriorityGrouping)
    __NVIC_GetPriorityGrouping               0x0800739d   Thumb Code    16  stm32f1xx_hal_cortex.o(.text.__NVIC_GetPriorityGrouping)
    [Anonymous Symbol]                       0x0800739c   Section        0  stm32f1xx_hal_cortex.o(.text.__NVIC_GetPriorityGrouping)
    __NVIC_SetPriority                       0x080073ad   Thumb Code    74  dma.o(.text.__NVIC_SetPriority)
    [Anonymous Symbol]                       0x080073ac   Section        0  dma.o(.text.__NVIC_SetPriority)
    __NVIC_SetPriority                       0x080073f9   Thumb Code    74  spi.o(.text.__NVIC_SetPriority)
    [Anonymous Symbol]                       0x080073f8   Section        0  spi.o(.text.__NVIC_SetPriority)
    __NVIC_SetPriority                       0x08007445   Thumb Code    74  usart.o(.text.__NVIC_SetPriority)
    [Anonymous Symbol]                       0x08007444   Section        0  usart.o(.text.__NVIC_SetPriority)
    __NVIC_SetPriority                       0x08007491   Thumb Code    74  stm32f1xx_hal_cortex.o(.text.__NVIC_SetPriority)
    [Anonymous Symbol]                       0x08007490   Section        0  stm32f1xx_hal_cortex.o(.text.__NVIC_SetPriority)
    __NVIC_SetPriorityGrouping               0x080074dd   Thumb Code    64  stm32f1xx_hal_cortex.o(.text.__NVIC_SetPriorityGrouping)
    [Anonymous Symbol]                       0x080074dc   Section        0  stm32f1xx_hal_cortex.o(.text.__NVIC_SetPriorityGrouping)
    [Anonymous Symbol]                       0x0800751c   Section        0  main.o(.text.assert_failed)
    [Anonymous Symbol]                       0x0800754c   Section        0  main.o(.text.main)
    [Anonymous Symbol]                       0x080075bc   Section        0  uart_demo.o(.text.uart_receive_dma_callback)
    [Anonymous Symbol]                       0x08007604   Section        0  uart_demo.o(.text.uart_receive_interrupt_callback)
    [Anonymous Symbol]                       0x08007628   Section        0  uart_demo.o(.text.uart_rx_dma_configuration)
    i.__0printf                              0x08007698   Section        0  printfa.o(i.__0printf)
    i.__scatterload_copy                     0x080076b8   Section       14  handlers.o(i.__scatterload_copy)
    i.__scatterload_null                     0x080076c6   Section        2  handlers.o(i.__scatterload_null)
    i.__scatterload_zeroinit                 0x080076c8   Section       14  handlers.o(i.__scatterload_zeroinit)
    _fp_digits                               0x080076d9   Thumb Code   366  printfa.o(i._fp_digits)
    i._fp_digits                             0x080076d8   Section        0  printfa.o(i._fp_digits)
    _printf_core                             0x0800785d   Thumb Code  1744  printfa.o(i._printf_core)
    i._printf_core                           0x0800785c   Section        0  printfa.o(i._printf_core)
    _printf_post_padding                     0x08007f39   Thumb Code    36  printfa.o(i._printf_post_padding)
    i._printf_post_padding                   0x08007f38   Section        0  printfa.o(i._printf_post_padding)
    _printf_pre_padding                      0x08007f5d   Thumb Code    46  printfa.o(i._printf_pre_padding)
    i._printf_pre_padding                    0x08007f5c   Section        0  printfa.o(i._printf_pre_padding)
    i.fputc                                  0x08007f8a   Section        0  fputc.o(i.fputc)
    CHANNEL_OFFSET_TAB                       0x08007fb4   Data           7  spi.o(.rodata.CHANNEL_OFFSET_TAB)
    [Anonymous Symbol]                       0x08007fb4   Section        0  spi.o(.rodata.CHANNEL_OFFSET_TAB)
    CHANNEL_OFFSET_TAB                       0x08007fbb   Data           7  usart.o(.rodata.CHANNEL_OFFSET_TAB)
    [Anonymous Symbol]                       0x08007fbb   Section        0  usart.o(.rodata.CHANNEL_OFFSET_TAB)
    CHANNEL_OFFSET_TAB                       0x08007fc2   Data           7  stm32f1xx_it.o(.rodata.CHANNEL_OFFSET_TAB)
    [Anonymous Symbol]                       0x08007fc2   Section        0  stm32f1xx_it.o(.rodata.CHANNEL_OFFSET_TAB)
    CHANNEL_OFFSET_TAB                       0x08007fc9   Data           7  uart_demo.o(.rodata.CHANNEL_OFFSET_TAB)
    [Anonymous Symbol]                       0x08007fc9   Section        0  uart_demo.o(.rodata.CHANNEL_OFFSET_TAB)
    .L.str                                   0x08007fd0   Data          45  main.o(.rodata.str1.1)
    [Anonymous Symbol]                       0x08007fd0   Section        0  main.o(.rodata.str1.1)
    .L.str.3                                 0x08007ffd   Data          14  usbd_desc.o(.rodata.str1.1)
    [Anonymous Symbol]                       0x08007ffd   Section        0  usbd_desc.o(.rodata.str1.1)
    .L.str.2                                 0x0800800b   Data          11  usbd_desc.o(.rodata.str1.1)
    .L.str.1                                 0x08008016   Data          19  usbd_desc.o(.rodata.str1.1)
    .L.str                                   0x08008029   Data          22  usbd_desc.o(.rodata.str1.1)
    .L.str                                   0x0800803f   Data          56  stm32f1xx_ll_gpio.o(.rodata.str1.1)
    [Anonymous Symbol]                       0x0800803f   Section        0  stm32f1xx_ll_gpio.o(.rodata.str1.1)
    .L.str                                   0x08008077   Data          56  stm32f1xx_hal_pcd.o(.rodata.str1.1)
    [Anonymous Symbol]                       0x08008077   Section        0  stm32f1xx_hal_pcd.o(.rodata.str1.1)
    .L.str                                   0x080080af   Data          55  stm32f1xx_ll_spi.o(.rodata.str1.1)
    [Anonymous Symbol]                       0x080080af   Section        0  stm32f1xx_ll_spi.o(.rodata.str1.1)
    .L.str                                   0x080080e6   Data          57  stm32f1xx_ll_usart.o(.rodata.str1.1)
    [Anonymous Symbol]                       0x080080e6   Section        0  stm32f1xx_ll_usart.o(.rodata.str1.1)
    .L.str                                   0x0800811f   Data          56  stm32f1xx_ll_exti.o(.rodata.str1.1)
    [Anonymous Symbol]                       0x0800811f   Section        0  stm32f1xx_ll_exti.o(.rodata.str1.1)
    .L.str                                   0x08008157   Data          59  stm32f1xx_hal_cortex.o(.rodata.str1.1)
    [Anonymous Symbol]                       0x08008157   Section        0  stm32f1xx_hal_cortex.o(.rodata.str1.1)
    .data                                    0x20000000   Section        4  stdout.o(.data)
    USBD_CDC_DeviceQualifierDesc             0x2000009c   Data          10  usbd_cdc.o(.data.USBD_CDC_DeviceQualifierDesc)
    [Anonymous Symbol]                       0x2000009c   Section        0  usbd_cdc.o(.data.USBD_CDC_DeviceQualifierDesc)
    USBD_CDC_Setup.ifalt                     0x20000110   Data           1  usbd_cdc.o(.bss.USBD_CDC_Setup.ifalt)
    [Anonymous Symbol]                       0x20000110   Section        0  usbd_cdc.o(.bss.USBD_CDC_Setup.ifalt)
    USBD_SetConfig.cfgidx                    0x20000152   Data           1  usbd_ctlreq.o(.bss.USBD_SetConfig.cfgidx)
    [Anonymous Symbol]                       0x20000152   Section        0  usbd_ctlreq.o(.bss.USBD_SetConfig.cfgidx)
    STACK                                    0x20001160   Section     4096  startup_stm32f103xb.o(STACK)

    Global Symbols

    Symbol Name                              Value     Ov Type        Size  Object(Section)

    BuildAttributes$$THM_ISAv4$P$D$K$B$S$PE$A:L22UL41UL21$X:L11$S22US41US21$IEEE1$IW$~IW$USESV6$~STKCKD$USESV7$~SHL$OSPACE$ROPI$EBA8$MICROLIB$REQ8$PRES8$EABIv2 0x00000000   Number         0  anon$$obj.o ABSOLUTE
    __cpp_initialize__aeabi_                  - Undefined Weak Reference
    __cxa_finalize                            - Undefined Weak Reference
    __decompress                              - Undefined Weak Reference
    _clock_init                               - Undefined Weak Reference
    _microlib_exit                            - Undefined Weak Reference
    __Vectors_Size                           0x000000ec   Number         0  startup_stm32f103xb.o ABSOLUTE
    __Vectors                                0x08000000   Data           4  startup_stm32f103xb.o(RESET)
    __Vectors_End                            0x080000ec   Data           0  startup_stm32f103xb.o(RESET)
    __main                                   0x080000ed   Thumb Code     0  entry.o(.ARM.Collect$$$$00000000)
    _main_stk                                0x080000ed   Thumb Code     0  entry2.o(.ARM.Collect$$$$00000001)
    _main_scatterload                        0x080000f1   Thumb Code     0  entry5.o(.ARM.Collect$$$$00000004)
    __main_after_scatterload                 0x080000f5   Thumb Code     0  entry5.o(.ARM.Collect$$$$00000004)
    _main_clock                              0x080000f5   Thumb Code     0  entry7b.o(.ARM.Collect$$$$00000008)
    _main_cpp_init                           0x080000f5   Thumb Code     0  entry8b.o(.ARM.Collect$$$$0000000A)
    _main_init                               0x080000f5   Thumb Code     0  entry9a.o(.ARM.Collect$$$$0000000B)
    __rt_final_cpp                           0x080000fd   Thumb Code     0  entry10a.o(.ARM.Collect$$$$0000000D)
    __rt_final_exit                          0x080000fd   Thumb Code     0  entry11a.o(.ARM.Collect$$$$0000000F)
    Reset_Handler                            0x08000101   Thumb Code     8  startup_stm32f103xb.o(.text)
    ADC1_2_IRQHandler                        0x0800011b   Thumb Code     0  startup_stm32f103xb.o(.text)
    CAN1_RX1_IRQHandler                      0x0800011b   Thumb Code     0  startup_stm32f103xb.o(.text)
    CAN1_SCE_IRQHandler                      0x0800011b   Thumb Code     0  startup_stm32f103xb.o(.text)
    DMA1_Channel1_IRQHandler                 0x0800011b   Thumb Code     0  startup_stm32f103xb.o(.text)
    DMA1_Channel6_IRQHandler                 0x0800011b   Thumb Code     0  startup_stm32f103xb.o(.text)
    DMA1_Channel7_IRQHandler                 0x0800011b   Thumb Code     0  startup_stm32f103xb.o(.text)
    EXTI0_IRQHandler                         0x0800011b   Thumb Code     0  startup_stm32f103xb.o(.text)
    EXTI15_10_IRQHandler                     0x0800011b   Thumb Code     0  startup_stm32f103xb.o(.text)
    EXTI1_IRQHandler                         0x0800011b   Thumb Code     0  startup_stm32f103xb.o(.text)
    EXTI2_IRQHandler                         0x0800011b   Thumb Code     0  startup_stm32f103xb.o(.text)
    EXTI3_IRQHandler                         0x0800011b   Thumb Code     0  startup_stm32f103xb.o(.text)
    EXTI4_IRQHandler                         0x0800011b   Thumb Code     0  startup_stm32f103xb.o(.text)
    EXTI9_5_IRQHandler                       0x0800011b   Thumb Code     0  startup_stm32f103xb.o(.text)
    FLASH_IRQHandler                         0x0800011b   Thumb Code     0  startup_stm32f103xb.o(.text)
    I2C1_ER_IRQHandler                       0x0800011b   Thumb Code     0  startup_stm32f103xb.o(.text)
    I2C1_EV_IRQHandler                       0x0800011b   Thumb Code     0  startup_stm32f103xb.o(.text)
    I2C2_ER_IRQHandler                       0x0800011b   Thumb Code     0  startup_stm32f103xb.o(.text)
    I2C2_EV_IRQHandler                       0x0800011b   Thumb Code     0  startup_stm32f103xb.o(.text)
    PVD_IRQHandler                           0x0800011b   Thumb Code     0  startup_stm32f103xb.o(.text)
    RCC_IRQHandler                           0x0800011b   Thumb Code     0  startup_stm32f103xb.o(.text)
    RTC_Alarm_IRQHandler                     0x0800011b   Thumb Code     0  startup_stm32f103xb.o(.text)
    RTC_IRQHandler                           0x0800011b   Thumb Code     0  startup_stm32f103xb.o(.text)
    SPI2_IRQHandler                          0x0800011b   Thumb Code     0  startup_stm32f103xb.o(.text)
    TAMPER_IRQHandler                        0x0800011b   Thumb Code     0  startup_stm32f103xb.o(.text)
    TIM1_BRK_IRQHandler                      0x0800011b   Thumb Code     0  startup_stm32f103xb.o(.text)
    TIM1_CC_IRQHandler                       0x0800011b   Thumb Code     0  startup_stm32f103xb.o(.text)
    TIM1_TRG_COM_IRQHandler                  0x0800011b   Thumb Code     0  startup_stm32f103xb.o(.text)
    TIM1_UP_IRQHandler                       0x0800011b   Thumb Code     0  startup_stm32f103xb.o(.text)
    TIM2_IRQHandler                          0x0800011b   Thumb Code     0  startup_stm32f103xb.o(.text)
    TIM3_IRQHandler                          0x0800011b   Thumb Code     0  startup_stm32f103xb.o(.text)
    TIM4_IRQHandler                          0x0800011b   Thumb Code     0  startup_stm32f103xb.o(.text)
    USART2_IRQHandler                        0x0800011b   Thumb Code     0  startup_stm32f103xb.o(.text)
    USART3_IRQHandler                        0x0800011b   Thumb Code     0  startup_stm32f103xb.o(.text)
    USBWakeUp_IRQHandler                     0x0800011b   Thumb Code     0  startup_stm32f103xb.o(.text)
    WWDG_IRQHandler                          0x0800011b   Thumb Code     0  startup_stm32f103xb.o(.text)
    __aeabi_memset                           0x08000125   Thumb Code    14  memseta.o(.text)
    __aeabi_memset4                          0x08000125   Thumb Code     0  memseta.o(.text)
    __aeabi_memset8                          0x08000125   Thumb Code     0  memseta.o(.text)
    __aeabi_memclr                           0x08000133   Thumb Code     4  memseta.o(.text)
    __aeabi_memclr4                          0x08000133   Thumb Code     0  memseta.o(.text)
    __aeabi_memclr8                          0x08000133   Thumb Code     0  memseta.o(.text)
    _memset$wrapper                          0x08000137   Thumb Code    18  memseta.o(.text)
    __aeabi_uidiv                            0x08000149   Thumb Code     0  uidiv.o(.text)
    __aeabi_uidivmod                         0x08000149   Thumb Code    44  uidiv.o(.text)
    __aeabi_uldivmod                         0x08000175   Thumb Code    98  uldiv.o(.text)
    __I$use$fp                               0x080001d7   Thumb Code     0  iusefp.o(.text)
    __aeabi_dadd                             0x080001d7   Thumb Code   322  dadd.o(.text)
    __aeabi_dsub                             0x08000319   Thumb Code     6  dadd.o(.text)
    __aeabi_drsub                            0x0800031f   Thumb Code     6  dadd.o(.text)
    __aeabi_dmul                             0x08000325   Thumb Code   228  dmul.o(.text)
    __aeabi_ddiv                             0x08000409   Thumb Code   222  ddiv.o(.text)
    __aeabi_d2ulz                            0x080004e7   Thumb Code    48  dfixul.o(.text)
    __aeabi_cdrcmple                         0x08000519   Thumb Code    48  cdrcmple.o(.text)
    __scatterload                            0x08000549   Thumb Code    28  init.o(.text)
    __scatterload_rt2                        0x08000549   Thumb Code     0  init.o(.text)
    __aeabi_llsl                             0x0800056d   Thumb Code    30  llshl.o(.text)
    __semihosting_library_function           0x0800056d   Thumb Code     0  semi.o(.text)
    _ll_shift_l                              0x0800056d   Thumb Code     0  llshl.o(.text)
    __aeabi_llsr                             0x0800058b   Thumb Code    32  llushr.o(.text)
    _ll_ushift_r                             0x0800058b   Thumb Code     0  llushr.o(.text)
    __aeabi_lasr                             0x080005ab   Thumb Code    36  llsshr.o(.text)
    _ll_sshift_r                             0x080005ab   Thumb Code     0  llsshr.o(.text)
    __I$use$semihosting$fputc                0x080005cf   Thumb Code     0  iusesemip.o(.text)
    _double_round                            0x080005cf   Thumb Code    30  depilogue.o(.text)
    _double_epilogue                         0x080005ed   Thumb Code   156  depilogue.o(.text)
    BusFault_Handler                         0x08000689   Thumb Code     4  stm32f1xx_it.o(.text.BusFault_Handler)
    DMA1_Channel2_IRQHandler                 0x08000771   Thumb Code     2  stm32f1xx_it.o(.text.DMA1_Channel2_IRQHandler)
    DMA1_Channel3_IRQHandler                 0x08000775   Thumb Code     2  stm32f1xx_it.o(.text.DMA1_Channel3_IRQHandler)
    DMA1_Channel4_IRQHandler                 0x08000779   Thumb Code    92  stm32f1xx_it.o(.text.DMA1_Channel4_IRQHandler)
    DMA1_Channel5_IRQHandler                 0x080007d5   Thumb Code     2  stm32f1xx_it.o(.text.DMA1_Channel5_IRQHandler)
    DebugMon_Handler                         0x080007d9   Thumb Code     2  stm32f1xx_it.o(.text.DebugMon_Handler)
    Error_Handler                            0x080007dd   Thumb Code     2  main.o(.text.Error_Handler)
    HAL_IncTick                              0x08000845   Thumb Code    26  stm32f1xx_hal.o(.text.HAL_IncTick)
    HAL_Init                                 0x08000861   Thumb Code    46  stm32f1xx_hal.o(.text.HAL_Init)
    HAL_InitTick                             0x08000891   Thumb Code   118  stm32f1xx_hal.o(.text.HAL_InitTick)
    HAL_MspInit                              0x08000909   Thumb Code    96  stm32f1xx_hal_msp.o(.text.HAL_MspInit)
    HAL_NVIC_EnableIRQ                       0x08000969   Thumb Code    52  stm32f1xx_hal_cortex.o(.text.HAL_NVIC_EnableIRQ)
    HAL_NVIC_SetPriority                     0x0800099d   Thumb Code   126  stm32f1xx_hal_cortex.o(.text.HAL_NVIC_SetPriority)
    HAL_NVIC_SetPriorityGrouping             0x08000a1d   Thumb Code    78  stm32f1xx_hal_cortex.o(.text.HAL_NVIC_SetPriorityGrouping)
    HAL_PCDEx_PMAConfig                      0x08000a6d   Thumb Code   138  stm32f1xx_hal_pcd_ex.o(.text.HAL_PCDEx_PMAConfig)
    HAL_PCDEx_SetConnectionState             0x08000af9   Thumb Code    34  usbd_conf.o(.text.HAL_PCDEx_SetConnectionState)
    HAL_PCD_DataInStageCallback              0x08000b1d   Thumb Code    56  usbd_conf.o(.text.HAL_PCD_DataInStageCallback)
    HAL_PCD_DataOutStageCallback             0x08000b55   Thumb Code    58  usbd_conf.o(.text.HAL_PCD_DataOutStageCallback)
    HAL_PCD_EP_Close                         0x08000b91   Thumb Code   170  stm32f1xx_hal_pcd.o(.text.HAL_PCD_EP_Close)
    HAL_PCD_EP_ClrStall                      0x08000c3d   Thumb Code   202  stm32f1xx_hal_pcd.o(.text.HAL_PCD_EP_ClrStall)
    HAL_PCD_EP_GetRxCount                    0x08000d09   Thumb Code    38  stm32f1xx_hal_pcd.o(.text.HAL_PCD_EP_GetRxCount)
    HAL_PCD_EP_Open                          0x08000d31   Thumb Code   250  stm32f1xx_hal_pcd.o(.text.HAL_PCD_EP_Open)
    HAL_PCD_EP_Receive                       0x08000e2d   Thumb Code   134  stm32f1xx_hal_pcd.o(.text.HAL_PCD_EP_Receive)
    HAL_PCD_EP_SetStall                      0x08000eb5   Thumb Code   232  stm32f1xx_hal_pcd.o(.text.HAL_PCD_EP_SetStall)
    HAL_PCD_EP_Transmit                      0x08000f9d   Thumb Code   134  stm32f1xx_hal_pcd.o(.text.HAL_PCD_EP_Transmit)
    HAL_PCD_IRQHandler                       0x08001025   Thumb Code   410  stm32f1xx_hal_pcd.o(.text.HAL_PCD_IRQHandler)
    HAL_PCD_Init                             0x080011c1   Thumb Code   574  stm32f1xx_hal_pcd.o(.text.HAL_PCD_Init)
    HAL_PCD_MspInit                          0x08001401   Thumb Code   104  usbd_conf.o(.text.HAL_PCD_MspInit)
    HAL_PCD_ResetCallback                    0x08001469   Thumb Code    66  usbd_conf.o(.text.HAL_PCD_ResetCallback)
    HAL_PCD_ResumeCallback                   0x080014ad   Thumb Code    26  usbd_conf.o(.text.HAL_PCD_ResumeCallback)
    HAL_PCD_SOFCallback                      0x080014c9   Thumb Code    26  usbd_conf.o(.text.HAL_PCD_SOFCallback)
    HAL_PCD_SetAddress                       0x080014e5   Thumb Code   104  stm32f1xx_hal_pcd.o(.text.HAL_PCD_SetAddress)
    HAL_PCD_SetupStageCallback               0x0800154d   Thumb Code    38  usbd_conf.o(.text.HAL_PCD_SetupStageCallback)
    HAL_PCD_Start                            0x08001575   Thumb Code   102  stm32f1xx_hal_pcd.o(.text.HAL_PCD_Start)
    HAL_PCD_SuspendCallback                  0x080015dd   Thumb Code    54  usbd_conf.o(.text.HAL_PCD_SuspendCallback)
    HAL_SYSTICK_Config                       0x08001615   Thumb Code    20  stm32f1xx_hal_cortex.o(.text.HAL_SYSTICK_Config)
    HardFault_Handler                        0x08001629   Thumb Code    10  stm32f1xx_it.o(.text.HardFault_Handler)
    LL_EXTI_Init                             0x08001e2d   Thumb Code   438  stm32f1xx_ll_exti.o(.text.LL_EXTI_Init)
    LL_GPIO_Init                             0x0800205d   Thumb Code   534  stm32f1xx_ll_gpio.o(.text.LL_GPIO_Init)
    LL_Init1msTick                           0x08002429   Thumb Code    26  stm32f1xx_ll_utils.o(.text.LL_Init1msTick)
    LL_RCC_GetSystemClocksFreq               0x080024d5   Thumb Code    58  stm32f1xx_ll_rcc.o(.text.LL_RCC_GetSystemClocksFreq)
    LL_SPI_Init                              0x08002675   Thumb Code   678  stm32f1xx_ll_spi.o(.text.LL_SPI_Init)
    LL_SetSystemCoreClock                    0x08002985   Thumb Code    24  stm32f1xx_ll_utils.o(.text.LL_SetSystemCoreClock)
    LL_USART_Init                            0x08002aa1   Thumb Code   656  stm32f1xx_ll_usart.o(.text.LL_USART_Init)
    MX_DMA_Init                              0x08002e85   Thumb Code   158  dma.o(.text.MX_DMA_Init)
    MX_GPIO_Init                             0x08002f25   Thumb Code   402  gpio.o(.text.MX_GPIO_Init)
    MX_SPI1_Init                             0x080030b9   Thumb Code   368  spi.o(.text.MX_SPI1_Init)
    MX_USART1_UART_Init                      0x08003229   Thumb Code   380  usart.o(.text.MX_USART1_UART_Init)
    MX_USB_DEVICE_Init                       0x080033a5   Thumb Code   126  usb_device.o(.text.MX_USB_DEVICE_Init)
    MemManage_Handler                        0x08003425   Thumb Code     4  stm32f1xx_it.o(.text.MemManage_Handler)
    NMI_Handler                              0x08003429   Thumb Code     2  stm32f1xx_it.o(.text.NMI_Handler)
    PendSV_Handler                           0x08003ba9   Thumb Code     2  stm32f1xx_it.o(.text.PendSV_Handler)
    RCC_GetHCLKClockFreq                     0x08003bad   Thumb Code    42  stm32f1xx_ll_rcc.o(.text.RCC_GetHCLKClockFreq)
    RCC_GetPCLK1ClockFreq                    0x08003bd9   Thumb Code    40  stm32f1xx_ll_rcc.o(.text.RCC_GetPCLK1ClockFreq)
    RCC_GetPCLK2ClockFreq                    0x08003c01   Thumb Code    40  stm32f1xx_ll_rcc.o(.text.RCC_GetPCLK2ClockFreq)
    RCC_GetSystemClockFreq                   0x08003c29   Thumb Code    90  stm32f1xx_ll_rcc.o(.text.RCC_GetSystemClockFreq)
    RCC_PLL_GetFreqDomain_SYS                0x08003c85   Thumb Code   110  stm32f1xx_ll_rcc.o(.text.RCC_PLL_GetFreqDomain_SYS)
    SPI1_IRQHandler                          0x08003cf5   Thumb Code     2  stm32f1xx_it.o(.text.SPI1_IRQHandler)
    SVC_Handler                              0x08003cf9   Thumb Code     2  stm32f1xx_it.o(.text.SVC_Handler)
    SysTick_Handler                          0x08003d59   Thumb Code     8  stm32f1xx_it.o(.text.SysTick_Handler)
    SystemClock_Config                       0x08003d61   Thumb Code   156  main.o(.text.SystemClock_Config)
    SystemInit                               0x08003dfd   Thumb Code    96  system_stm32f1xx.o(.text.SystemInit)
    USART1_IRQHandler                        0x08003e5d   Thumb Code   152  stm32f1xx_it.o(.text.USART1_IRQHandler)
    USBD_CDC_GetDeviceQualifierDescriptor    0x08004055   Thumb Code    26  usbd_cdc.o(.text.USBD_CDC_GetDeviceQualifierDescriptor)
    USBD_CDC_ReceivePacket                   0x08004129   Thumb Code   106  usbd_cdc.o(.text.USBD_CDC_ReceivePacket)
    USBD_CDC_RegisterInterface               0x08004195   Thumb Code    52  usbd_cdc.o(.text.USBD_CDC_RegisterInterface)
    USBD_CDC_SetRxBuffer                     0x080041c9   Thumb Code    36  usbd_cdc.o(.text.USBD_CDC_SetRxBuffer)
    USBD_CDC_SetTxBuffer                     0x080041ed   Thumb Code    60  usbd_cdc.o(.text.USBD_CDC_SetTxBuffer)
    USBD_ClrClassConfig                      0x08004321   Thumb Code    50  usbd_core.o(.text.USBD_ClrClassConfig)
    USBD_CtlContinueRx                       0x080043a1   Thumb Code    62  usbd_ioreq.o(.text.USBD_CtlContinueRx)
    USBD_CtlContinueSendData                 0x080043e1   Thumb Code    62  usbd_ioreq.o(.text.USBD_CtlContinueSendData)
    USBD_CtlError                            0x08004421   Thumb Code    44  usbd_ctlreq.o(.text.USBD_CtlError)
    USBD_CtlPrepareRx                        0x0800444d   Thumb Code    90  usbd_ioreq.o(.text.USBD_CtlPrepareRx)
    USBD_CtlReceiveStatus                    0x080044a9   Thumb Code    42  usbd_ioreq.o(.text.USBD_CtlReceiveStatus)
    USBD_CtlSendData                         0x080044d5   Thumb Code    86  usbd_ioreq.o(.text.USBD_CtlSendData)
    USBD_CtlSendStatus                       0x0800452d   Thumb Code    42  usbd_ioreq.o(.text.USBD_CtlSendStatus)
    USBD_FS_ConfigStrDescriptor              0x08004559   Thumb Code    88  usbd_desc.o(.text.USBD_FS_ConfigStrDescriptor)
    USBD_FS_DeviceDescriptor                 0x080045b1   Thumb Code    34  usbd_desc.o(.text.USBD_FS_DeviceDescriptor)
    USBD_FS_InterfaceStrDescriptor           0x080045d5   Thumb Code    88  usbd_desc.o(.text.USBD_FS_InterfaceStrDescriptor)
    USBD_FS_LangIDStrDescriptor              0x0800462d   Thumb Code    34  usbd_desc.o(.text.USBD_FS_LangIDStrDescriptor)
    USBD_FS_ManufacturerStrDescriptor        0x08004651   Thumb Code    62  usbd_desc.o(.text.USBD_FS_ManufacturerStrDescriptor)
    USBD_FS_ProductStrDescriptor             0x08004691   Thumb Code    88  usbd_desc.o(.text.USBD_FS_ProductStrDescriptor)
    USBD_FS_SerialStrDescriptor              0x080046e9   Thumb Code    40  usbd_desc.o(.text.USBD_FS_SerialStrDescriptor)
    USBD_GetString                           0x08004b65   Thumb Code   158  usbd_ctlreq.o(.text.USBD_GetString)
    USBD_Init                                0x08004c5d   Thumb Code   124  usbd_core.o(.text.USBD_Init)
    USBD_LL_ClearStallEP                     0x08004cd9   Thumb Code    66  usbd_conf.o(.text.USBD_LL_ClearStallEP)
    USBD_LL_CloseEP                          0x08004d1d   Thumb Code    66  usbd_conf.o(.text.USBD_LL_CloseEP)
    USBD_LL_DataInStage                      0x08004d61   Thumb Code   414  usbd_core.o(.text.USBD_LL_DataInStage)
    USBD_LL_DataOutStage                     0x08004f01   Thumb Code   294  usbd_core.o(.text.USBD_LL_DataOutStage)
    USBD_LL_GetRxDataSize                    0x08005029   Thumb Code    36  usbd_conf.o(.text.USBD_LL_GetRxDataSize)
    USBD_LL_Init                             0x0800504d   Thumb Code   194  usbd_conf.o(.text.USBD_LL_Init)
    USBD_LL_IsStallEP                        0x08005111   Thumb Code    92  usbd_conf.o(.text.USBD_LL_IsStallEP)
    USBD_LL_OpenEP                           0x0800516d   Thumb Code    94  usbd_conf.o(.text.USBD_LL_OpenEP)
    USBD_LL_PrepareReceive                   0x080051cd   Thumb Code    90  usbd_conf.o(.text.USBD_LL_PrepareReceive)
    USBD_LL_Reset                            0x08005229   Thumb Code   148  usbd_core.o(.text.USBD_LL_Reset)
    USBD_LL_Resume                           0x080052bd   Thumb Code    38  usbd_core.o(.text.USBD_LL_Resume)
    USBD_LL_SOF                              0x080052e5   Thumb Code    58  usbd_core.o(.text.USBD_LL_SOF)
    USBD_LL_SetSpeed                         0x08005321   Thumb Code    30  usbd_core.o(.text.USBD_LL_SetSpeed)
    USBD_LL_SetUSBAddress                    0x08005341   Thumb Code    66  usbd_conf.o(.text.USBD_LL_SetUSBAddress)
    USBD_LL_SetupStage                       0x08005385   Thumb Code   148  usbd_core.o(.text.USBD_LL_SetupStage)
    USBD_LL_StallEP                          0x08005419   Thumb Code    66  usbd_conf.o(.text.USBD_LL_StallEP)
    USBD_LL_Start                            0x0800545d   Thumb Code    54  usbd_conf.o(.text.USBD_LL_Start)
    USBD_LL_Suspend                          0x08005495   Thumb Code    32  usbd_core.o(.text.USBD_LL_Suspend)
    USBD_LL_Transmit                         0x080054b5   Thumb Code    90  usbd_conf.o(.text.USBD_LL_Transmit)
    USBD_ParseSetupRequest                   0x08005511   Thumb Code    76  usbd_ctlreq.o(.text.USBD_ParseSetupRequest)
    USBD_RegisterClass                       0x0800555d   Thumb Code    60  usbd_core.o(.text.USBD_RegisterClass)
    USBD_RunTestMode                         0x08005599   Thumb Code    14  usbd_core.o(.text.USBD_RunTestMode)
    USBD_SetClassConfig                      0x08005649   Thumb Code    80  usbd_core.o(.text.USBD_SetClassConfig)
    USBD_Start                               0x08005831   Thumb Code    26  usbd_core.o(.text.USBD_Start)
    USBD_StdDevReq                           0x0800584d   Thumb Code   206  usbd_ctlreq.o(.text.USBD_StdDevReq)
    USBD_StdEPReq                            0x0800591d   Thumb Code   902  usbd_ctlreq.o(.text.USBD_StdEPReq)
    USBD_StdItfReq                           0x08005ca5   Thumb Code   174  usbd_ctlreq.o(.text.USBD_StdItfReq)
    USBD_static_free                         0x08005d55   Thumb Code    12  usbd_conf.o(.text.USBD_static_free)
    USB_ActivateEndpoint                     0x08005d61   Thumb Code  1656  stm32f1xx_ll_usb.o(.text.USB_ActivateEndpoint)
    USB_CoreInit                             0x080063d9   Thumb Code    72  stm32f1xx_ll_usb.o(.text.USB_CoreInit)
    USB_DeactivateEndpoint                   0x08006421   Thumb Code   874  stm32f1xx_ll_usb.o(.text.USB_DeactivateEndpoint)
    USB_DevConnect                           0x0800678d   Thumb Code    14  stm32f1xx_ll_usb.o(.text.USB_DevConnect)
    USB_DevDisconnect                        0x0800679d   Thumb Code    14  stm32f1xx_ll_usb.o(.text.USB_DevDisconnect)
    USB_DevInit                              0x080067ad   Thumb Code   112  stm32f1xx_ll_usb.o(.text.USB_DevInit)
    USB_DisableGlobalInt                     0x0800681d   Thumb Code    40  stm32f1xx_ll_usb.o(.text.USB_DisableGlobalInt)
    USB_EP0_OutStart                         0x08006845   Thumb Code    20  stm32f1xx_ll_usb.o(.text.USB_EP0_OutStart)
    USB_EPClearStall                         0x08006859   Thumb Code   336  stm32f1xx_ll_usb.o(.text.USB_EPClearStall)
    USB_EPSetStall                           0x080069a9   Thumb Code   146  stm32f1xx_ll_usb.o(.text.USB_EPSetStall)
    USB_EPStartXfer                          0x08006a3d   Thumb Code  1642  stm32f1xx_ll_usb.o(.text.USB_EPStartXfer)
    USB_EnableGlobalInt                      0x080070a9   Thumb Code    38  stm32f1xx_ll_usb.o(.text.USB_EnableGlobalInt)
    USB_HP_CAN1_TX_IRQHandler                0x080070d1   Thumb Code    16  stm32f1xx_it.o(.text.USB_HP_CAN1_TX_IRQHandler)
    USB_LP_CAN1_RX0_IRQHandler               0x080070e1   Thumb Code    16  stm32f1xx_it.o(.text.USB_LP_CAN1_RX0_IRQHandler)
    USB_ReadInterrupts                       0x080070f1   Thumb Code    22  stm32f1xx_ll_usb.o(.text.USB_ReadInterrupts)
    USB_ReadPMA                              0x08007109   Thumb Code   166  stm32f1xx_ll_usb.o(.text.USB_ReadPMA)
    USB_SetCurrentMode                       0x080071b1   Thumb Code    22  stm32f1xx_ll_usb.o(.text.USB_SetCurrentMode)
    USB_SetDevAddress                        0x080071c9   Thumb Code    42  stm32f1xx_ll_usb.o(.text.USB_SetDevAddress)
    USB_WritePMA                             0x080071f5   Thumb Code   146  stm32f1xx_ll_usb.o(.text.USB_WritePMA)
    UsageFault_Handler                       0x08007289   Thumb Code     4  stm32f1xx_it.o(.text.UsageFault_Handler)
    assert_failed                            0x0800751d   Thumb Code    48  main.o(.text.assert_failed)
    main                                     0x0800754d   Thumb Code   112  main.o(.text.main)
    uart_receive_dma_callback                0x080075bd   Thumb Code    72  uart_demo.o(.text.uart_receive_dma_callback)
    uart_receive_interrupt_callback          0x08007605   Thumb Code    34  uart_demo.o(.text.uart_receive_interrupt_callback)
    uart_rx_dma_configuration                0x08007629   Thumb Code   112  uart_demo.o(.text.uart_rx_dma_configuration)
    __0printf                                0x08007699   Thumb Code    22  printfa.o(i.__0printf)
    __1printf                                0x08007699   Thumb Code     0  printfa.o(i.__0printf)
    __2printf                                0x08007699   Thumb Code     0  printfa.o(i.__0printf)
    __c89printf                              0x08007699   Thumb Code     0  printfa.o(i.__0printf)
    printf                                   0x08007699   Thumb Code     0  printfa.o(i.__0printf)
    __scatterload_copy                       0x080076b9   Thumb Code    14  handlers.o(i.__scatterload_copy)
    __scatterload_null                       0x080076c7   Thumb Code     2  handlers.o(i.__scatterload_null)
    __scatterload_zeroinit                   0x080076c9   Thumb Code    14  handlers.o(i.__scatterload_zeroinit)
    fputc                                    0x08007f8b   Thumb Code    18  fputc.o(i.fputc)
    AHBPrescTable                            0x08007f9c   Data          16  system_stm32f1xx.o(.rodata.AHBPrescTable)
    APBPrescTable                            0x08007fac   Data           8  system_stm32f1xx.o(.rodata.APBPrescTable)
    Region$$Table$$Base                      0x08008194   Number         0  anon$$obj.o(Region$$Table)
    Region$$Table$$Limit                     0x080081b4   Number         0  anon$$obj.o(Region$$Table)
    __stdout                                 0x20000000   Data           4  stdout.o(.data)
    FS_Desc                                  0x20000004   Data          28  usbd_desc.o(.data.FS_Desc)
    SystemCoreClock                          0x20000020   Data           4  system_stm32f1xx.o(.data.SystemCoreClock)
    USBD_CDC                                 0x20000024   Data          56  usbd_cdc.o(.data.USBD_CDC)
    USBD_CDC_CfgFSDesc                       0x2000005c   Data          32  usbd_cdc.o(.data.USBD_CDC_CfgFSDesc)
    USBD_CDC_CfgHSDesc                       0x2000007c   Data          32  usbd_cdc.o(.data.USBD_CDC_CfgHSDesc)
    USBD_CDC_OtherSpeedCfgDesc               0x200000a8   Data          32  usbd_cdc.o(.data.USBD_CDC_OtherSpeedCfgDesc)
    USBD_FS_DeviceDesc                       0x200000c8   Data          18  usbd_desc.o(.data.USBD_FS_DeviceDesc)
    USBD_Interface_fops_FS                   0x200000dc   Data          16  usbd_cdc_if.o(.data.USBD_Interface_fops_FS)
    USBD_LangIDDesc                          0x200000ec   Data           4  usbd_desc.o(.data.USBD_LangIDDesc)
    USBD_StringSerial                        0x200000f0   Data          26  usbd_desc.o(.data.USBD_StringSerial)
    uwTickFreq                               0x2000010a   Data           1  stm32f1xx_hal.o(.data.uwTickFreq)
    uwTickPrio                               0x2000010c   Data           4  stm32f1xx_hal.o(.data.uwTickPrio)
    USBD_RXBuffer                            0x20000111   Data          64  main.o(.bss.USBD_RXBuffer)
    USBD_RxCnt                               0x20000151   Data           1  main.o(.bss.USBD_RxCnt)
    USBD_StrDesc                             0x20000154   Data         512  usbd_desc.o(.bss.USBD_StrDesc)
    UserRxBufferFS                           0x20000354   Data        1000  usbd_cdc_if.o(.bss.UserRxBufferFS)
    UserTxBufferFS                           0x2000073c   Data        1000  usbd_cdc_if.o(.bss.UserTxBufferFS)
    hUsbDeviceFS                             0x20000b24   Data         708  usb_device.o(.bss.hUsbDeviceFS)
    hpcd_USB_FS                              0x20000de8   Data         620  usbd_conf.o(.bss.hpcd_USB_FS)
    recv_buff                                0x20001054   Data         255  uart_demo.o(.bss.recv_buff)
    recv_len                                 0x20001154   Data           4  uart_demo.o(.bss.recv_len)
    uwTick                                   0x20001158   Data           4  stm32f1xx_hal.o(.bss.uwTick)
    __initial_sp                             0x20002160   Data           0  startup_stm32f103xb.o(STACK)



==============================================================================

Memory Map of the image

  Image Entry point : 0x080000ed

  Load Region LR_IROM1 (Base: 0x08000000, Size: 0x000082c8, Max: 0x00020000, ABSOLUTE)

    Execution Region ER_IROM1 (Exec base: 0x08000000, Load base: 0x08000000, Size: 0x000081b4, Max: 0x00020000, ABSOLUTE)

    Exec Addr    Load Addr    Size         Type   Attr      Idx    E Section Name        Object

    0x08000000   0x08000000   0x000000ec   Data   RO            3    RESET               startup_stm32f103xb.o
    0x080000ec   0x080000ec   0x00000000   Code   RO         1547  * .ARM.Collect$$$$00000000  mc_w.l(entry.o)
    0x080000ec   0x080000ec   0x00000004   Code   RO         1582    .ARM.Collect$$$$00000001  mc_w.l(entry2.o)
    0x080000f0   0x080000f0   0x00000004   Code   RO         1585    .ARM.Collect$$$$00000004  mc_w.l(entry5.o)
    0x080000f4   0x080000f4   0x00000000   Code   RO         1587    .ARM.Collect$$$$00000008  mc_w.l(entry7b.o)
    0x080000f4   0x080000f4   0x00000000   Code   RO         1589    .ARM.Collect$$$$0000000A  mc_w.l(entry8b.o)
    0x080000f4   0x080000f4   0x00000008   Code   RO         1590    .ARM.Collect$$$$0000000B  mc_w.l(entry9a.o)
    0x080000fc   0x080000fc   0x00000000   Code   RO         1592    .ARM.Collect$$$$0000000D  mc_w.l(entry10a.o)
    0x080000fc   0x080000fc   0x00000000   Code   RO         1594    .ARM.Collect$$$$0000000F  mc_w.l(entry11a.o)
    0x080000fc   0x080000fc   0x00000004   Code   RO         1583    .ARM.Collect$$$$00002712  mc_w.l(entry2.o)
    0x08000100   0x08000100   0x00000024   Code   RO            4    .text               startup_stm32f103xb.o
    0x08000124   0x08000124   0x00000024   Code   RO         1550    .text               mc_w.l(memseta.o)
    0x08000148   0x08000148   0x0000002c   Code   RO         1601    .text               mc_w.l(uidiv.o)
    0x08000174   0x08000174   0x00000062   Code   RO         1603    .text               mc_w.l(uldiv.o)
    0x080001d6   0x080001d6   0x00000000   Code   RO         1605    .text               mc_w.l(iusefp.o)
    0x080001d6   0x080001d6   0x0000014e   Code   RO         1606    .text               mf_w.l(dadd.o)
    0x08000324   0x08000324   0x000000e4   Code   RO         1608    .text               mf_w.l(dmul.o)
    0x08000408   0x08000408   0x000000de   Code   RO         1610    .text               mf_w.l(ddiv.o)
    0x080004e6   0x080004e6   0x00000030   Code   RO         1612    .text               mf_w.l(dfixul.o)
    0x08000516   0x08000516   0x00000002   PAD
    0x08000518   0x08000518   0x00000030   Code   RO         1614    .text               mf_w.l(cdrcmple.o)
    0x08000548   0x08000548   0x00000024   Code   RO         1616    .text               mc_w.l(init.o)
    0x0800056c   0x0800056c   0x00000000   Code   RO         1618    .text               mc_w.l(semi.o)
    0x0800056c   0x0800056c   0x0000001e   Code   RO         1619    .text               mc_w.l(llshl.o)
    0x0800058a   0x0800058a   0x00000020   Code   RO         1621    .text               mc_w.l(llushr.o)
    0x080005aa   0x080005aa   0x00000024   Code   RO         1623    .text               mc_w.l(llsshr.o)
    0x080005ce   0x080005ce   0x00000000   Code   RO         1625    .text               mc_w.l(iusesemip.o)
    0x080005ce   0x080005ce   0x000000ba   Code   RO         1626    .text               mf_w.l(depilogue.o)
    0x08000688   0x08000688   0x00000004   Code   RO          296    .text.BusFault_Handler  stm32f1xx_it.o
    0x0800068c   0x0800068c   0x0000006e   Code   RO          374    .text.CDC_Control_FS  usbd_cdc_if.o
    0x080006fa   0x080006fa   0x00000002   PAD
    0x080006fc   0x080006fc   0x00000004   Code   RO          372    .text.CDC_DeInit_FS  usbd_cdc_if.o
    0x08000700   0x08000700   0x0000003a   Code   RO          370    .text.CDC_Init_FS   usbd_cdc_if.o
    0x0800073a   0x0800073a   0x00000002   PAD
    0x0800073c   0x0800073c   0x00000034   Code   RO          376    .text.CDC_Receive_FS  usbd_cdc_if.o
    0x08000770   0x08000770   0x00000002   Code   RO          308    .text.DMA1_Channel2_IRQHandler  stm32f1xx_it.o
    0x08000772   0x08000772   0x00000002   PAD
    0x08000774   0x08000774   0x00000002   Code   RO          310    .text.DMA1_Channel3_IRQHandler  stm32f1xx_it.o
    0x08000776   0x08000776   0x00000002   PAD
    0x08000778   0x08000778   0x0000005c   Code   RO          312    .text.DMA1_Channel4_IRQHandler  stm32f1xx_it.o
    0x080007d4   0x080007d4   0x00000002   Code   RO          326    .text.DMA1_Channel5_IRQHandler  stm32f1xx_it.o
    0x080007d6   0x080007d6   0x00000002   PAD
    0x080007d8   0x080007d8   0x00000002   Code   RO          302    .text.DebugMon_Handler  stm32f1xx_it.o
    0x080007da   0x080007da   0x00000002   PAD
    0x080007dc   0x080007dc   0x00000002   Code   RO           19    .text.Error_Handler  main.o
    0x080007de   0x080007de   0x00000002   PAD
    0x080007e0   0x080007e0   0x00000062   Code   RO          272    .text.Get_SerialNum  usbd_desc.o
    0x08000842   0x08000842   0x00000002   PAD
    0x08000844   0x08000844   0x0000001a   Code   RO          857    .text.HAL_IncTick   stm32f1xx_hal.o
    0x0800085e   0x0800085e   0x00000002   PAD
    0x08000860   0x08000860   0x0000002e   Code   RO          847    .text.HAL_Init      stm32f1xx_hal.o
    0x0800088e   0x0800088e   0x00000002   PAD
    0x08000890   0x08000890   0x00000076   Code   RO          849    .text.HAL_InitTick  stm32f1xx_hal.o
    0x08000906   0x08000906   0x00000002   PAD
    0x08000908   0x08000908   0x00000060   Code   RO          361    .text.HAL_MspInit   stm32f1xx_hal_msp.o
    0x08000968   0x08000968   0x00000034   Code   RO         1039    .text.HAL_NVIC_EnableIRQ  stm32f1xx_hal_cortex.o
    0x0800099c   0x0800099c   0x0000007e   Code   RO         1031    .text.HAL_NVIC_SetPriority  stm32f1xx_hal_cortex.o
    0x08000a1a   0x08000a1a   0x00000002   PAD
    0x08000a1c   0x08000a1c   0x0000004e   Code   RO         1027    .text.HAL_NVIC_SetPriorityGrouping  stm32f1xx_hal_cortex.o
    0x08000a6a   0x08000a6a   0x00000002   PAD
    0x08000a6c   0x08000a6c   0x0000008a   Code   RO          508    .text.HAL_PCDEx_PMAConfig  stm32f1xx_hal_pcd_ex.o
    0x08000af6   0x08000af6   0x00000002   PAD
    0x08000af8   0x08000af8   0x00000022   Code   RO          246    .text.HAL_PCDEx_SetConnectionState  usbd_conf.o
    0x08000b1a   0x08000b1a   0x00000002   PAD
    0x08000b1c   0x08000b1c   0x00000038   Code   RO          192    .text.HAL_PCD_DataInStageCallback  usbd_conf.o
    0x08000b54   0x08000b54   0x0000003a   Code   RO          190    .text.HAL_PCD_DataOutStageCallback  usbd_conf.o
    0x08000b8e   0x08000b8e   0x00000002   PAD
    0x08000b90   0x08000b90   0x000000aa   Code   RO          479    .text.HAL_PCD_EP_Close  stm32f1xx_hal_pcd.o
    0x08000c3a   0x08000c3a   0x00000002   PAD
    0x08000c3c   0x08000c3c   0x000000ca   Code   RO          489    .text.HAL_PCD_EP_ClrStall  stm32f1xx_hal_pcd.o
    0x08000d06   0x08000d06   0x00000002   PAD
    0x08000d08   0x08000d08   0x00000026   Code   RO          483    .text.HAL_PCD_EP_GetRxCount  stm32f1xx_hal_pcd.o
    0x08000d2e   0x08000d2e   0x00000002   PAD
    0x08000d30   0x08000d30   0x000000fa   Code   RO          477    .text.HAL_PCD_EP_Open  stm32f1xx_hal_pcd.o
    0x08000e2a   0x08000e2a   0x00000002   PAD
    0x08000e2c   0x08000e2c   0x00000086   Code   RO          481    .text.HAL_PCD_EP_Receive  stm32f1xx_hal_pcd.o
    0x08000eb2   0x08000eb2   0x00000002   PAD
    0x08000eb4   0x08000eb4   0x000000e8   Code   RO          487    .text.HAL_PCD_EP_SetStall  stm32f1xx_hal_pcd.o
    0x08000f9c   0x08000f9c   0x00000086   Code   RO          485    .text.HAL_PCD_EP_Transmit  stm32f1xx_hal_pcd.o
    0x08001022   0x08001022   0x00000002   PAD
    0x08001024   0x08001024   0x0000019a   Code   RO          445    .text.HAL_PCD_IRQHandler  stm32f1xx_hal_pcd.o
    0x080011be   0x080011be   0x00000002   PAD
    0x080011c0   0x080011c0   0x0000023e   Code   RO          433    .text.HAL_PCD_Init  stm32f1xx_hal_pcd.o
    0x080013fe   0x080013fe   0x00000002   PAD
    0x08001400   0x08001400   0x00000068   Code   RO          184    .text.HAL_PCD_MspInit  usbd_conf.o
    0x08001468   0x08001468   0x00000042   Code   RO          196    .text.HAL_PCD_ResetCallback  usbd_conf.o
    0x080014aa   0x080014aa   0x00000002   PAD
    0x080014ac   0x080014ac   0x0000001a   Code   RO          200    .text.HAL_PCD_ResumeCallback  usbd_conf.o
    0x080014c6   0x080014c6   0x00000002   PAD
    0x080014c8   0x080014c8   0x0000001a   Code   RO          194    .text.HAL_PCD_SOFCallback  usbd_conf.o
    0x080014e2   0x080014e2   0x00000002   PAD
    0x080014e4   0x080014e4   0x00000068   Code   RO          451    .text.HAL_PCD_SetAddress  stm32f1xx_hal_pcd.o
    0x0800154c   0x0800154c   0x00000026   Code   RO          188    .text.HAL_PCD_SetupStageCallback  usbd_conf.o
    0x08001572   0x08001572   0x00000002   PAD
    0x08001574   0x08001574   0x00000066   Code   RO          443    .text.HAL_PCD_Start  stm32f1xx_hal_pcd.o
    0x080015da   0x080015da   0x00000002   PAD
    0x080015dc   0x080015dc   0x00000036   Code   RO          198    .text.HAL_PCD_SuspendCallback  usbd_conf.o
    0x08001612   0x08001612   0x00000002   PAD
    0x08001614   0x08001614   0x00000014   Code   RO         1051    .text.HAL_SYSTICK_Config  stm32f1xx_hal_cortex.o
    0x08001628   0x08001628   0x0000000a   Code   RO          292    .text.HardFault_Handler  stm32f1xx_it.o
    0x08001632   0x08001632   0x00000002   PAD
    0x08001634   0x08001634   0x00000088   Code   RO          274    .text.IntToUnicode  usbd_desc.o
    0x080016bc   0x080016bc   0x00000028   Code   RO           82    .text.LL_AHB1_GRP1_EnableClock  dma.o
    0x080016e4   0x080016e4   0x00000028   Code   RO           62    .text.LL_APB2_GRP1_EnableClock  gpio.o
    0x0800170c   0x0800170c   0x00000028   Code   RO          102    .text.LL_APB2_GRP1_EnableClock  spi.o
    0x08001734   0x08001734   0x00000028   Code   RO          137    .text.LL_APB2_GRP1_EnableClock  usart.o
    0x0800175c   0x0800175c   0x00000014   Code   RO          320    .text.LL_DMA_ClearFlag_GI4  stm32f1xx_it.o
    0x08001770   0x08001770   0x00000014   Code   RO          316    .text.LL_DMA_ClearFlag_TC4  stm32f1xx_it.o
    0x08001784   0x08001784   0x00000014   Code   RO          324    .text.LL_DMA_ClearFlag_TE4  stm32f1xx_it.o
    0x08001798   0x08001798   0x00000030   Code   RO          346    .text.LL_DMA_DisableChannel  stm32f1xx_it.o
    0x080017c8   0x080017c8   0x00000030   Code   RO         1304    .text.LL_DMA_DisableChannel  uart_demo.o
    0x080017f8   0x080017f8   0x00000030   Code   RO         1276    .text.LL_DMA_EnableChannel  uart_demo.o
    0x08001828   0x08001828   0x0000002a   Code   RO         1306    .text.LL_DMA_GetDataLength  uart_demo.o
    0x08001852   0x08001852   0x00000002   PAD
    0x08001854   0x08001854   0x00000014   Code   RO          318    .text.LL_DMA_IsActiveFlag_GI4  stm32f1xx_it.o
    0x08001868   0x08001868   0x00000014   Code   RO          322    .text.LL_DMA_IsActiveFlag_HT4  stm32f1xx_it.o
    0x0800187c   0x0800187c   0x00000014   Code   RO          314    .text.LL_DMA_IsActiveFlag_TC4  stm32f1xx_it.o
    0x08001890   0x08001890   0x00000046   Code   RO          106    .text.LL_DMA_SetChannelPriorityLevel  spi.o
    0x080018d6   0x080018d6   0x00000002   PAD
    0x080018d8   0x080018d8   0x00000046   Code   RO          141    .text.LL_DMA_SetChannelPriorityLevel  usart.o
    0x0800191e   0x0800191e   0x00000002   PAD
    0x08001920   0x08001920   0x0000004c   Code   RO         1272    .text.LL_DMA_SetDataLength  uart_demo.o
    0x0800196c   0x0800196c   0x00000048   Code   RO          104    .text.LL_DMA_SetDataTransferDirection  spi.o
    0x080019b4   0x080019b4   0x00000048   Code   RO          139    .text.LL_DMA_SetDataTransferDirection  usart.o
    0x080019fc   0x080019fc   0x00000036   Code   RO         1270    .text.LL_DMA_SetMemoryAddress  uart_demo.o
    0x08001a32   0x08001a32   0x00000002   PAD
    0x08001a34   0x08001a34   0x00000046   Code   RO          112    .text.LL_DMA_SetMemoryIncMode  spi.o
    0x08001a7a   0x08001a7a   0x00000002   PAD
    0x08001a7c   0x08001a7c   0x00000046   Code   RO          147    .text.LL_DMA_SetMemoryIncMode  usart.o
    0x08001ac2   0x08001ac2   0x00000002   PAD
    0x08001ac4   0x08001ac4   0x00000046   Code   RO          116    .text.LL_DMA_SetMemorySize  spi.o
    0x08001b0a   0x08001b0a   0x00000002   PAD
    0x08001b0c   0x08001b0c   0x00000046   Code   RO          151    .text.LL_DMA_SetMemorySize  usart.o
    0x08001b52   0x08001b52   0x00000002   PAD
    0x08001b54   0x08001b54   0x00000046   Code   RO          108    .text.LL_DMA_SetMode  spi.o
    0x08001b9a   0x08001b9a   0x00000002   PAD
    0x08001b9c   0x08001b9c   0x00000046   Code   RO          143    .text.LL_DMA_SetMode  usart.o
    0x08001be2   0x08001be2   0x00000002   PAD
    0x08001be4   0x08001be4   0x00000036   Code   RO         1296    .text.LL_DMA_SetPeriphAddress  uart_demo.o
    0x08001c1a   0x08001c1a   0x00000002   PAD
    0x08001c1c   0x08001c1c   0x00000046   Code   RO          110    .text.LL_DMA_SetPeriphIncMode  spi.o
    0x08001c62   0x08001c62   0x00000002   PAD
    0x08001c64   0x08001c64   0x00000046   Code   RO          145    .text.LL_DMA_SetPeriphIncMode  usart.o
    0x08001caa   0x08001caa   0x00000002   PAD
    0x08001cac   0x08001cac   0x00000046   Code   RO          114    .text.LL_DMA_SetPeriphSize  spi.o
    0x08001cf2   0x08001cf2   0x00000002   PAD
    0x08001cf4   0x08001cf4   0x00000046   Code   RO          149    .text.LL_DMA_SetPeriphSize  usart.o
    0x08001d3a   0x08001d3a   0x00000002   PAD
    0x08001d3c   0x08001d3c   0x0000001e   Code   RO          820    .text.LL_EXTI_DisableEvent_0_31  stm32f1xx_ll_exti.o
    0x08001d5a   0x08001d5a   0x00000002   PAD
    0x08001d5c   0x08001d5c   0x0000001e   Code   RO          828    .text.LL_EXTI_DisableFallingTrig_0_31  stm32f1xx_ll_exti.o
    0x08001d7a   0x08001d7a   0x00000002   PAD
    0x08001d7c   0x08001d7c   0x0000001e   Code   RO          824    .text.LL_EXTI_DisableIT_0_31  stm32f1xx_ll_exti.o
    0x08001d9a   0x08001d9a   0x00000002   PAD
    0x08001d9c   0x08001d9c   0x0000001e   Code   RO          832    .text.LL_EXTI_DisableRisingTrig_0_31  stm32f1xx_ll_exti.o
    0x08001dba   0x08001dba   0x00000002   PAD
    0x08001dbc   0x08001dbc   0x0000001c   Code   RO          826    .text.LL_EXTI_EnableEvent_0_31  stm32f1xx_ll_exti.o
    0x08001dd8   0x08001dd8   0x0000001c   Code   RO          834    .text.LL_EXTI_EnableFallingTrig_0_31  stm32f1xx_ll_exti.o
    0x08001df4   0x08001df4   0x0000001c   Code   RO          822    .text.LL_EXTI_EnableIT_0_31  stm32f1xx_ll_exti.o
    0x08001e10   0x08001e10   0x0000001c   Code   RO          830    .text.LL_EXTI_EnableRisingTrig_0_31  stm32f1xx_ll_exti.o
    0x08001e2c   0x08001e2c   0x000001b6   Code   RO          818    .text.LL_EXTI_Init  stm32f1xx_ll_exti.o
    0x08001fe2   0x08001fe2   0x00000002   PAD
    0x08001fe4   0x08001fe4   0x00000010   Code   RO           17    .text.LL_FLASH_GetLatency  main.o
    0x08001ff4   0x08001ff4   0x00000020   Code   RO           15    .text.LL_FLASH_SetLatency  main.o
    0x08002014   0x08002014   0x00000048   Code   RO           66    .text.LL_GPIO_AF_SetEXTISource  gpio.o
    0x0800205c   0x0800205c   0x00000216   Code   RO          412    .text.LL_GPIO_Init  stm32f1xx_ll_gpio.o
    0x08002272   0x08002272   0x00000002   PAD
    0x08002274   0x08002274   0x0000001a   Code   RO           64    .text.LL_GPIO_ResetOutputPin  gpio.o
    0x0800228e   0x0800228e   0x00000002   PAD
    0x08002290   0x08002290   0x00000048   Code   RO           70    .text.LL_GPIO_SetPinMode  gpio.o
    0x080022d8   0x080022d8   0x00000048   Code   RO          414    .text.LL_GPIO_SetPinMode  stm32f1xx_ll_gpio.o
    0x08002320   0x08002320   0x00000048   Code   RO          420    .text.LL_GPIO_SetPinOutputType  stm32f1xx_ll_gpio.o
    0x08002368   0x08002368   0x0000003c   Code   RO           68    .text.LL_GPIO_SetPinPull  gpio.o
    0x080023a4   0x080023a4   0x0000003c   Code   RO          416    .text.LL_GPIO_SetPinPull  stm32f1xx_ll_gpio.o
    0x080023e0   0x080023e0   0x00000048   Code   RO          418    .text.LL_GPIO_SetPinSpeed  stm32f1xx_ll_gpio.o
    0x08002428   0x08002428   0x0000001a   Code   RO          753    .text.LL_Init1msTick  stm32f1xx_ll_utils.o
    0x08002442   0x08002442   0x00000002   PAD
    0x08002444   0x08002444   0x0000003e   Code   RO          755    .text.LL_InitTick   stm32f1xx_ll_utils.o
    0x08002482   0x08002482   0x00000002   PAD
    0x08002484   0x08002484   0x00000010   Code   RO          732    .text.LL_RCC_GetAHBPrescaler  stm32f1xx_ll_rcc.o
    0x08002494   0x08002494   0x00000010   Code   RO          734    .text.LL_RCC_GetAPB1Prescaler  stm32f1xx_ll_rcc.o
    0x080024a4   0x080024a4   0x00000010   Code   RO          736    .text.LL_RCC_GetAPB2Prescaler  stm32f1xx_ll_rcc.o
    0x080024b4   0x080024b4   0x00000010   Code   RO           41    .text.LL_RCC_GetSysClkSource  main.o
    0x080024c4   0x080024c4   0x00000010   Code   RO          704    .text.LL_RCC_GetSysClkSource  stm32f1xx_ll_rcc.o
    0x080024d4   0x080024d4   0x0000003a   Code   RO          712    .text.LL_RCC_GetSystemClocksFreq  stm32f1xx_ll_rcc.o
    0x0800250e   0x0800250e   0x00000002   PAD
    0x08002510   0x08002510   0x00000012   Code   RO           21    .text.LL_RCC_HSE_Enable  main.o
    0x08002522   0x08002522   0x00000002   PAD
    0x08002524   0x08002524   0x00000012   Code   RO           25    .text.LL_RCC_HSE_EnableCSS  main.o
    0x08002536   0x08002536   0x00000002   PAD
    0x08002538   0x08002538   0x00000010   Code   RO           23    .text.LL_RCC_HSE_IsReady  main.o
    0x08002548   0x08002548   0x00000038   Code   RO           27    .text.LL_RCC_PLL_ConfigDomain_SYS  main.o
    0x08002580   0x08002580   0x00000012   Code   RO           29    .text.LL_RCC_PLL_Enable  main.o
    0x08002592   0x08002592   0x00000002   PAD
    0x08002594   0x08002594   0x00000010   Code   RO          738    .text.LL_RCC_PLL_GetMainSource  stm32f1xx_ll_rcc.o
    0x080025a4   0x080025a4   0x00000010   Code   RO          742    .text.LL_RCC_PLL_GetMultiplicator  stm32f1xx_ll_rcc.o
    0x080025b4   0x080025b4   0x00000010   Code   RO          740    .text.LL_RCC_PLL_GetPrediv  stm32f1xx_ll_rcc.o
    0x080025c4   0x080025c4   0x00000010   Code   RO           31    .text.LL_RCC_PLL_IsReady  main.o
    0x080025d4   0x080025d4   0x00000020   Code   RO           33    .text.LL_RCC_SetAHBPrescaler  main.o
    0x080025f4   0x080025f4   0x00000020   Code   RO           35    .text.LL_RCC_SetAPB1Prescaler  main.o
    0x08002614   0x08002614   0x00000020   Code   RO           37    .text.LL_RCC_SetAPB2Prescaler  main.o
    0x08002634   0x08002634   0x00000020   Code   RO           39    .text.LL_RCC_SetSysClkSource  main.o
    0x08002654   0x08002654   0x00000020   Code   RO           45    .text.LL_RCC_SetUSBClockSource  main.o
    0x08002674   0x08002674   0x000002a6   Code   RO          640    .text.LL_SPI_Init   stm32f1xx_ll_spi.o
    0x0800291a   0x0800291a   0x00000002   PAD
    0x0800291c   0x0800291c   0x00000014   Code   RO          642    .text.LL_SPI_IsEnabled  stm32f1xx_ll_spi.o
    0x08002930   0x08002930   0x0000001a   Code   RO          644    .text.LL_SPI_SetCRCPolynomial  stm32f1xx_ll_spi.o
    0x0800294a   0x0800294a   0x00000002   PAD
    0x0800294c   0x0800294c   0x00000038   Code   RO           43    .text.LL_SYSTICK_SetClkSource  main.o
    0x08002984   0x08002984   0x00000018   Code   RO          759    .text.LL_SetSystemCoreClock  stm32f1xx_ll_utils.o
    0x0800299c   0x0800299c   0x00000020   Code   RO         1294    .text.LL_USART_ClearFlag_IDLE  uart_demo.o
    0x080029bc   0x080029bc   0x00000020   Code   RO          350    .text.LL_USART_ClearFlag_ORE  stm32f1xx_it.o
    0x080029dc   0x080029dc   0x00000020   Code   RO         1292    .text.LL_USART_ClearFlag_ORE  uart_demo.o
    0x080029fc   0x080029fc   0x00000014   Code   RO          344    .text.LL_USART_ClearFlag_TC  stm32f1xx_it.o
    0x08002a10   0x08002a10   0x00000020   Code   RO          161    .text.LL_USART_ConfigAsyncMode  usart.o
    0x08002a30   0x08002a30   0x00000010   Code   RO         1298    .text.LL_USART_DMA_GetRegAddr  uart_demo.o
    0x08002a40   0x08002a40   0x00000016   Code   RO          163    .text.LL_USART_Enable  usart.o
    0x08002a56   0x08002a56   0x00000002   PAD
    0x08002a58   0x08002a58   0x00000016   Code   RO         1300    .text.LL_USART_EnableDMAReq_RX  uart_demo.o
    0x08002a6e   0x08002a6e   0x00000002   PAD
    0x08002a70   0x08002a70   0x00000016   Code   RO         1282    .text.LL_USART_EnableIT_ERROR  uart_demo.o
    0x08002a86   0x08002a86   0x00000002   PAD
    0x08002a88   0x08002a88   0x00000016   Code   RO         1290    .text.LL_USART_EnableIT_IDLE  uart_demo.o
    0x08002a9e   0x08002a9e   0x00000002   PAD
    0x08002aa0   0x08002aa0   0x00000290   Code   RO          669    .text.LL_USART_Init  stm32f1xx_ll_usart.o
    0x08002d30   0x08002d30   0x00000014   Code   RO          336    .text.LL_USART_IsActiveFlag_IDLE  stm32f1xx_it.o
    0x08002d44   0x08002d44   0x00000014   Code   RO          348    .text.LL_USART_IsActiveFlag_ORE  stm32f1xx_it.o
    0x08002d58   0x08002d58   0x00000014   Code   RO          338    .text.LL_USART_IsActiveFlag_RXNE  stm32f1xx_it.o
    0x08002d6c   0x08002d6c   0x00000014   Code   RO          671    .text.LL_USART_IsEnabled  stm32f1xx_ll_usart.o
    0x08002d80   0x08002d80   0x00000014   Code   RO          340    .text.LL_USART_IsEnabledIT_RXNE  stm32f1xx_it.o
    0x08002d94   0x08002d94   0x00000014   Code   RO          342    .text.LL_USART_IsEnabledIT_TC  stm32f1xx_it.o
    0x08002da8   0x08002da8   0x00000012   Code   RO         1286    .text.LL_USART_ReceiveData8  uart_demo.o
    0x08002dba   0x08002dba   0x00000002   PAD
    0x08002dbc   0x08002dbc   0x00000064   Code   RO          677    .text.LL_USART_SetBaudRate  stm32f1xx_ll_usart.o
    0x08002e20   0x08002e20   0x00000022   Code   RO          675    .text.LL_USART_SetHWFlowCtrl  stm32f1xx_ll_usart.o
    0x08002e42   0x08002e42   0x00000002   PAD
    0x08002e44   0x08002e44   0x00000022   Code   RO          673    .text.LL_USART_SetStopBitsLength  stm32f1xx_ll_usart.o
    0x08002e66   0x08002e66   0x00000002   PAD
    0x08002e68   0x08002e68   0x0000001c   Code   RO         1254    .text.LL_USART_TransmitData8  uart_demo.o
    0x08002e84   0x08002e84   0x0000009e   Code   RO           80    .text.MX_DMA_Init   dma.o
    0x08002f22   0x08002f22   0x00000002   PAD
    0x08002f24   0x08002f24   0x00000192   Code   RO           60    .text.MX_GPIO_Init  gpio.o
    0x080030b6   0x080030b6   0x00000002   PAD
    0x080030b8   0x080030b8   0x00000170   Code   RO          100    .text.MX_SPI1_Init  spi.o
    0x08003228   0x08003228   0x0000017c   Code   RO          135    .text.MX_USART1_UART_Init  usart.o
    0x080033a4   0x080033a4   0x0000007e   Code   RO          174    .text.MX_USB_DEVICE_Init  usb_device.o
    0x08003422   0x08003422   0x00000002   PAD
    0x08003424   0x08003424   0x00000004   Code   RO          294    .text.MemManage_Handler  stm32f1xx_it.o
    0x08003428   0x08003428   0x00000002   Code   RO          290    .text.NMI_Handler   stm32f1xx_it.o
    0x0800342a   0x0800342a   0x00000002   PAD
    0x0800342c   0x0800342c   0x00000080   Code   RO           86    .text.NVIC_EncodePriority  dma.o
    0x080034ac   0x080034ac   0x00000080   Code   RO          120    .text.NVIC_EncodePriority  spi.o
    0x0800352c   0x0800352c   0x00000080   Code   RO          155    .text.NVIC_EncodePriority  usart.o
    0x080035ac   0x080035ac   0x00000080   Code   RO         1037    .text.NVIC_EncodePriority  stm32f1xx_hal_cortex.o
    0x0800362c   0x0800362c   0x0000057c   Code   RO          447    .text.PCD_EP_ISR_Handler  stm32f1xx_hal_pcd.o
    0x08003ba8   0x08003ba8   0x00000002   Code   RO          304    .text.PendSV_Handler  stm32f1xx_it.o
    0x08003baa   0x08003baa   0x00000002   PAD
    0x08003bac   0x08003bac   0x0000002a   Code   RO          716    .text.RCC_GetHCLKClockFreq  stm32f1xx_ll_rcc.o
    0x08003bd6   0x08003bd6   0x00000002   PAD
    0x08003bd8   0x08003bd8   0x00000028   Code   RO          718    .text.RCC_GetPCLK1ClockFreq  stm32f1xx_ll_rcc.o
    0x08003c00   0x08003c00   0x00000028   Code   RO          720    .text.RCC_GetPCLK2ClockFreq  stm32f1xx_ll_rcc.o
    0x08003c28   0x08003c28   0x0000005a   Code   RO          714    .text.RCC_GetSystemClockFreq  stm32f1xx_ll_rcc.o
    0x08003c82   0x08003c82   0x00000002   PAD
    0x08003c84   0x08003c84   0x0000006e   Code   RO          726    .text.RCC_PLL_GetFreqDomain_SYS  stm32f1xx_ll_rcc.o
    0x08003cf2   0x08003cf2   0x00000002   PAD
    0x08003cf4   0x08003cf4   0x00000002   Code   RO          332    .text.SPI1_IRQHandler  stm32f1xx_it.o
    0x08003cf6   0x08003cf6   0x00000002   PAD
    0x08003cf8   0x08003cf8   0x00000002   Code   RO          300    .text.SVC_Handler   stm32f1xx_it.o
    0x08003cfa   0x08003cfa   0x00000002   PAD
    0x08003cfc   0x08003cfc   0x0000005a   Code   RO         1053    .text.SysTick_Config  stm32f1xx_hal_cortex.o
    0x08003d56   0x08003d56   0x00000002   PAD
    0x08003d58   0x08003d58   0x00000008   Code   RO          306    .text.SysTick_Handler  stm32f1xx_it.o
    0x08003d60   0x08003d60   0x0000009c   Code   RO           13    .text.SystemClock_Config  main.o
    0x08003dfc   0x08003dfc   0x00000060   Code   RO         1218    .text.SystemInit    system_stm32f1xx.o
    0x08003e5c   0x08003e5c   0x00000098   Code   RO          334    .text.USART1_IRQHandler  stm32f1xx_it.o
    0x08003ef4   0x08003ef4   0x00000042   Code   RO         1512    .text.USBD_CDC_DataIn  usbd_cdc.o
    0x08003f36   0x08003f36   0x00000002   PAD
    0x08003f38   0x08003f38   0x0000004a   Code   RO         1514    .text.USBD_CDC_DataOut  usbd_cdc.o
    0x08003f82   0x08003f82   0x00000002   PAD
    0x08003f84   0x08003f84   0x00000078   Code   RO         1506    .text.USBD_CDC_DeInit  usbd_cdc.o
    0x08003ffc   0x08003ffc   0x00000058   Code   RO         1510    .text.USBD_CDC_EP0_RxReady  usbd_cdc.o
    0x08004054   0x08004054   0x0000001a   Code   RO         1522    .text.USBD_CDC_GetDeviceQualifierDescriptor  usbd_cdc.o
    0x0800406e   0x0800406e   0x00000002   PAD
    0x08004070   0x08004070   0x0000001a   Code   RO         1518    .text.USBD_CDC_GetFSCfgDesc  usbd_cdc.o
    0x0800408a   0x0800408a   0x00000002   PAD
    0x0800408c   0x0800408c   0x0000001a   Code   RO         1516    .text.USBD_CDC_GetHSCfgDesc  usbd_cdc.o
    0x080040a6   0x080040a6   0x00000002   PAD
    0x080040a8   0x080040a8   0x0000001a   Code   RO         1520    .text.USBD_CDC_GetOtherSpeedCfgDesc  usbd_cdc.o
    0x080040c2   0x080040c2   0x00000002   PAD
    0x080040c4   0x080040c4   0x00000064   Code   RO         1504    .text.USBD_CDC_Init  usbd_cdc.o
    0x08004128   0x08004128   0x0000006a   Code   RO         1532    .text.USBD_CDC_ReceivePacket  usbd_cdc.o
    0x08004192   0x08004192   0x00000002   PAD
    0x08004194   0x08004194   0x00000034   Code   RO         1524    .text.USBD_CDC_RegisterInterface  usbd_cdc.o
    0x080041c8   0x080041c8   0x00000024   Code   RO         1528    .text.USBD_CDC_SetRxBuffer  usbd_cdc.o
    0x080041ec   0x080041ec   0x0000003c   Code   RO         1526    .text.USBD_CDC_SetTxBuffer  usbd_cdc.o
    0x08004228   0x08004228   0x000000f8   Code   RO         1508    .text.USBD_CDC_Setup  usbd_cdc.o
    0x08004320   0x08004320   0x00000032   Code   RO         1411    .text.USBD_ClrClassConfig  usbd_core.o
    0x08004352   0x08004352   0x00000002   PAD
    0x08004354   0x08004354   0x0000004a   Code   RO         1459    .text.USBD_ClrFeature  usbd_ctlreq.o
    0x0800439e   0x0800439e   0x00000002   PAD
    0x080043a0   0x080043a0   0x0000003e   Code   RO         1488    .text.USBD_CtlContinueRx  usbd_ioreq.o
    0x080043de   0x080043de   0x00000002   PAD
    0x080043e0   0x080043e0   0x0000003e   Code   RO         1484    .text.USBD_CtlContinueSendData  usbd_ioreq.o
    0x0800441e   0x0800441e   0x00000002   PAD
    0x08004420   0x08004420   0x0000002c   Code   RO         1461    .text.USBD_CtlError  usbd_ctlreq.o
    0x0800444c   0x0800444c   0x0000005a   Code   RO         1486    .text.USBD_CtlPrepareRx  usbd_ioreq.o
    0x080044a6   0x080044a6   0x00000002   PAD
    0x080044a8   0x080044a8   0x0000002a   Code   RO         1492    .text.USBD_CtlReceiveStatus  usbd_ioreq.o
    0x080044d2   0x080044d2   0x00000002   PAD
    0x080044d4   0x080044d4   0x00000056   Code   RO         1482    .text.USBD_CtlSendData  usbd_ioreq.o
    0x0800452a   0x0800452a   0x00000002   PAD
    0x0800452c   0x0800452c   0x0000002a   Code   RO         1490    .text.USBD_CtlSendStatus  usbd_ioreq.o
    0x08004556   0x08004556   0x00000002   PAD
    0x08004558   0x08004558   0x00000058   Code   RO          268    .text.USBD_FS_ConfigStrDescriptor  usbd_desc.o
    0x080045b0   0x080045b0   0x00000022   Code   RO          258    .text.USBD_FS_DeviceDescriptor  usbd_desc.o
    0x080045d2   0x080045d2   0x00000002   PAD
    0x080045d4   0x080045d4   0x00000058   Code   RO          270    .text.USBD_FS_InterfaceStrDescriptor  usbd_desc.o
    0x0800462c   0x0800462c   0x00000022   Code   RO          260    .text.USBD_FS_LangIDStrDescriptor  usbd_desc.o
    0x0800464e   0x0800464e   0x00000002   PAD
    0x08004650   0x08004650   0x0000003e   Code   RO          262    .text.USBD_FS_ManufacturerStrDescriptor  usbd_desc.o
    0x0800468e   0x0800468e   0x00000002   PAD
    0x08004690   0x08004690   0x00000058   Code   RO          264    .text.USBD_FS_ProductStrDescriptor  usbd_desc.o
    0x080046e8   0x080046e8   0x00000028   Code   RO          266    .text.USBD_FS_SerialStrDescriptor  usbd_desc.o
    0x08004710   0x08004710   0x00000070   Code   RO         1453    .text.USBD_GetConfig  usbd_ctlreq.o
    0x08004780   0x08004780   0x0000033e   Code   RO         1447    .text.USBD_GetDescriptor  usbd_ctlreq.o
    0x08004abe   0x08004abe   0x00000002   PAD
    0x08004ac0   0x08004ac0   0x00000034   Code   RO         1471    .text.USBD_GetLen   usbd_ctlreq.o
    0x08004af4   0x08004af4   0x0000006e   Code   RO         1455    .text.USBD_GetStatus  usbd_ctlreq.o
    0x08004b62   0x08004b62   0x00000002   PAD
    0x08004b64   0x08004b64   0x0000009e   Code   RO         1469    .text.USBD_GetString  usbd_ctlreq.o
    0x08004c02   0x08004c02   0x00000002   PAD
    0x08004c04   0x08004c04   0x00000056   Code   RO          214    .text.USBD_Get_USB_Status  usbd_conf.o
    0x08004c5a   0x08004c5a   0x00000002   PAD
    0x08004c5c   0x08004c5c   0x0000007c   Code   RO         1397    .text.USBD_Init     usbd_core.o
    0x08004cd8   0x08004cd8   0x00000042   Code   RO          228    .text.USBD_LL_ClearStallEP  usbd_conf.o
    0x08004d1a   0x08004d1a   0x00000002   PAD
    0x08004d1c   0x08004d1c   0x00000042   Code   RO          222    .text.USBD_LL_CloseEP  usbd_conf.o
    0x08004d5e   0x08004d5e   0x00000002   PAD
    0x08004d60   0x08004d60   0x0000019e   Code   RO         1417    .text.USBD_LL_DataInStage  usbd_core.o
    0x08004efe   0x08004efe   0x00000002   PAD
    0x08004f00   0x08004f00   0x00000126   Code   RO         1415    .text.USBD_LL_DataOutStage  usbd_core.o
    0x08005026   0x08005026   0x00000002   PAD
    0x08005028   0x08005028   0x00000024   Code   RO          238    .text.USBD_LL_GetRxDataSize  usbd_conf.o
    0x0800504c   0x0800504c   0x000000c2   Code   RO          210    .text.USBD_LL_Init  usbd_conf.o
    0x0800510e   0x0800510e   0x00000002   PAD
    0x08005110   0x08005110   0x0000005c   Code   RO          230    .text.USBD_LL_IsStallEP  usbd_conf.o
    0x0800516c   0x0800516c   0x0000005e   Code   RO          220    .text.USBD_LL_OpenEP  usbd_conf.o
    0x080051ca   0x080051ca   0x00000002   PAD
    0x080051cc   0x080051cc   0x0000005a   Code   RO          236    .text.USBD_LL_PrepareReceive  usbd_conf.o
    0x08005226   0x08005226   0x00000002   PAD
    0x08005228   0x08005228   0x00000094   Code   RO         1419    .text.USBD_LL_Reset  usbd_core.o
    0x080052bc   0x080052bc   0x00000026   Code   RO         1425    .text.USBD_LL_Resume  usbd_core.o
    0x080052e2   0x080052e2   0x00000002   PAD
    0x080052e4   0x080052e4   0x0000003a   Code   RO         1427    .text.USBD_LL_SOF   usbd_core.o
    0x0800531e   0x0800531e   0x00000002   PAD
    0x08005320   0x08005320   0x0000001e   Code   RO         1421    .text.USBD_LL_SetSpeed  usbd_core.o
    0x0800533e   0x0800533e   0x00000002   PAD
    0x08005340   0x08005340   0x00000042   Code   RO          232    .text.USBD_LL_SetUSBAddress  usbd_conf.o
    0x08005382   0x08005382   0x00000002   PAD
    0x08005384   0x08005384   0x00000094   Code   RO         1413    .text.USBD_LL_SetupStage  usbd_core.o
    0x08005418   0x08005418   0x00000042   Code   RO          226    .text.USBD_LL_StallEP  usbd_conf.o
    0x0800545a   0x0800545a   0x00000002   PAD
    0x0800545c   0x0800545c   0x00000036   Code   RO          216    .text.USBD_LL_Start  usbd_conf.o
    0x08005492   0x08005492   0x00000002   PAD
    0x08005494   0x08005494   0x00000020   Code   RO         1423    .text.USBD_LL_Suspend  usbd_core.o
    0x080054b4   0x080054b4   0x0000005a   Code   RO          234    .text.USBD_LL_Transmit  usbd_conf.o
    0x0800550e   0x0800550e   0x00000002   PAD
    0x08005510   0x08005510   0x0000004c   Code   RO         1467    .text.USBD_ParseSetupRequest  usbd_ctlreq.o
    0x0800555c   0x0800555c   0x0000003c   Code   RO         1401    .text.USBD_RegisterClass  usbd_core.o
    0x08005598   0x08005598   0x0000000e   Code   RO         1407    .text.USBD_RunTestMode  usbd_core.o
    0x080055a6   0x080055a6   0x00000002   PAD
    0x080055a8   0x080055a8   0x000000a0   Code   RO         1449    .text.USBD_SetAddress  usbd_ctlreq.o
    0x08005648   0x08005648   0x00000050   Code   RO         1409    .text.USBD_SetClassConfig  usbd_core.o
    0x08005698   0x08005698   0x00000168   Code   RO         1451    .text.USBD_SetConfig  usbd_ctlreq.o
    0x08005800   0x08005800   0x00000030   Code   RO         1457    .text.USBD_SetFeature  usbd_ctlreq.o
    0x08005830   0x08005830   0x0000001a   Code   RO         1403    .text.USBD_Start    usbd_core.o
    0x0800584a   0x0800584a   0x00000002   PAD
    0x0800584c   0x0800584c   0x000000ce   Code   RO         1445    .text.USBD_StdDevReq  usbd_ctlreq.o
    0x0800591a   0x0800591a   0x00000002   PAD
    0x0800591c   0x0800591c   0x00000386   Code   RO         1465    .text.USBD_StdEPReq  usbd_ctlreq.o
    0x08005ca2   0x08005ca2   0x00000002   PAD
    0x08005ca4   0x08005ca4   0x000000ae   Code   RO         1463    .text.USBD_StdItfReq  usbd_ctlreq.o
    0x08005d52   0x08005d52   0x00000002   PAD
    0x08005d54   0x08005d54   0x0000000c   Code   RO          244    .text.USBD_static_free  usbd_conf.o
    0x08005d60   0x08005d60   0x00000678   Code   RO          540    .text.USB_ActivateEndpoint  stm32f1xx_ll_usb.o
    0x080063d8   0x080063d8   0x00000048   Code   RO          524    .text.USB_CoreInit  stm32f1xx_ll_usb.o
    0x08006420   0x08006420   0x0000036a   Code   RO          542    .text.USB_DeactivateEndpoint  stm32f1xx_ll_usb.o
    0x0800678a   0x0800678a   0x00000002   PAD
    0x0800678c   0x0800678c   0x0000000e   Code   RO          560    .text.USB_DevConnect  stm32f1xx_ll_usb.o
    0x0800679a   0x0800679a   0x00000002   PAD
    0x0800679c   0x0800679c   0x0000000e   Code   RO          562    .text.USB_DevDisconnect  stm32f1xx_ll_usb.o
    0x080067aa   0x080067aa   0x00000002   PAD
    0x080067ac   0x080067ac   0x00000070   Code   RO          532    .text.USB_DevInit   stm32f1xx_ll_usb.o
    0x0800681c   0x0800681c   0x00000028   Code   RO          528    .text.USB_DisableGlobalInt  stm32f1xx_ll_usb.o
    0x08006844   0x08006844   0x00000014   Code   RO          576    .text.USB_EP0_OutStart  stm32f1xx_ll_usb.o
    0x08006858   0x08006858   0x00000150   Code   RO          554    .text.USB_EPClearStall  stm32f1xx_ll_usb.o
    0x080069a8   0x080069a8   0x00000092   Code   RO          552    .text.USB_EPSetStall  stm32f1xx_ll_usb.o
    0x08006a3a   0x08006a3a   0x00000002   PAD
    0x08006a3c   0x08006a3c   0x0000066a   Code   RO          544    .text.USB_EPStartXfer  stm32f1xx_ll_usb.o
    0x080070a6   0x080070a6   0x00000002   PAD
    0x080070a8   0x080070a8   0x00000026   Code   RO          526    .text.USB_EnableGlobalInt  stm32f1xx_ll_usb.o
    0x080070ce   0x080070ce   0x00000002   PAD
    0x080070d0   0x080070d0   0x00000010   Code   RO          328    .text.USB_HP_CAN1_TX_IRQHandler  stm32f1xx_it.o
    0x080070e0   0x080070e0   0x00000010   Code   RO          330    .text.USB_LP_CAN1_RX0_IRQHandler  stm32f1xx_it.o
    0x080070f0   0x080070f0   0x00000016   Code   RO          564    .text.USB_ReadInterrupts  stm32f1xx_ll_usb.o
    0x08007106   0x08007106   0x00000002   PAD
    0x08007108   0x08007108   0x000000a6   Code   RO          582    .text.USB_ReadPMA   stm32f1xx_ll_usb.o
    0x080071ae   0x080071ae   0x00000002   PAD
    0x080071b0   0x080071b0   0x00000016   Code   RO          530    .text.USB_SetCurrentMode  stm32f1xx_ll_usb.o
    0x080071c6   0x080071c6   0x00000002   PAD
    0x080071c8   0x080071c8   0x0000002a   Code   RO          558    .text.USB_SetDevAddress  stm32f1xx_ll_usb.o
    0x080071f2   0x080071f2   0x00000002   PAD
    0x080071f4   0x080071f4   0x00000092   Code   RO          546    .text.USB_WritePMA  stm32f1xx_ll_usb.o
    0x08007286   0x08007286   0x00000002   PAD
    0x08007288   0x08007288   0x00000004   Code   RO          298    .text.UsageFault_Handler  stm32f1xx_it.o
    0x0800728c   0x0800728c   0x00000036   Code   RO           90    .text.__NVIC_EnableIRQ  dma.o
    0x080072c2   0x080072c2   0x00000002   PAD
    0x080072c4   0x080072c4   0x00000036   Code   RO          124    .text.__NVIC_EnableIRQ  spi.o
    0x080072fa   0x080072fa   0x00000002   PAD
    0x080072fc   0x080072fc   0x00000036   Code   RO          159    .text.__NVIC_EnableIRQ  usart.o
    0x08007332   0x08007332   0x00000002   PAD
    0x08007334   0x08007334   0x00000036   Code   RO         1041    .text.__NVIC_EnableIRQ  stm32f1xx_hal_cortex.o
    0x0800736a   0x0800736a   0x00000002   PAD
    0x0800736c   0x0800736c   0x00000010   Code   RO           88    .text.__NVIC_GetPriorityGrouping  dma.o
    0x0800737c   0x0800737c   0x00000010   Code   RO          122    .text.__NVIC_GetPriorityGrouping  spi.o
    0x0800738c   0x0800738c   0x00000010   Code   RO          157    .text.__NVIC_GetPriorityGrouping  usart.o
    0x0800739c   0x0800739c   0x00000010   Code   RO         1033    .text.__NVIC_GetPriorityGrouping  stm32f1xx_hal_cortex.o
    0x080073ac   0x080073ac   0x0000004a   Code   RO           84    .text.__NVIC_SetPriority  dma.o
    0x080073f6   0x080073f6   0x00000002   PAD
    0x080073f8   0x080073f8   0x0000004a   Code   RO          118    .text.__NVIC_SetPriority  spi.o
    0x08007442   0x08007442   0x00000002   PAD
    0x08007444   0x08007444   0x0000004a   Code   RO          153    .text.__NVIC_SetPriority  usart.o
    0x0800748e   0x0800748e   0x00000002   PAD
    0x08007490   0x08007490   0x0000004a   Code   RO         1035    .text.__NVIC_SetPriority  stm32f1xx_hal_cortex.o
    0x080074da   0x080074da   0x00000002   PAD
    0x080074dc   0x080074dc   0x00000040   Code   RO         1029    .text.__NVIC_SetPriorityGrouping  stm32f1xx_hal_cortex.o
    0x0800751c   0x0800751c   0x00000030   Code   RO           47    .text.assert_failed  main.o
    0x0800754c   0x0800754c   0x00000070   Code   RO           11    .text.main          main.o
    0x080075bc   0x080075bc   0x00000048   Code   RO         1302    .text.uart_receive_dma_callback  uart_demo.o
    0x08007604   0x08007604   0x00000022   Code   RO         1284    .text.uart_receive_interrupt_callback  uart_demo.o
    0x08007626   0x08007626   0x00000002   PAD
    0x08007628   0x08007628   0x00000070   Code   RO         1288    .text.uart_rx_dma_configuration  uart_demo.o
    0x08007698   0x08007698   0x00000020   Code   RO         1555    i.__0printf         mc_w.l(printfa.o)
    0x080076b8   0x080076b8   0x0000000e   Code   RO         1630    i.__scatterload_copy  mc_w.l(handlers.o)
    0x080076c6   0x080076c6   0x00000002   Code   RO         1631    i.__scatterload_null  mc_w.l(handlers.o)
    0x080076c8   0x080076c8   0x0000000e   Code   RO         1632    i.__scatterload_zeroinit  mc_w.l(handlers.o)
    0x080076d6   0x080076d6   0x00000002   PAD
    0x080076d8   0x080076d8   0x00000184   Code   RO         1562    i._fp_digits        mc_w.l(printfa.o)
    0x0800785c   0x0800785c   0x000006dc   Code   RO         1563    i._printf_core      mc_w.l(printfa.o)
    0x08007f38   0x08007f38   0x00000024   Code   RO         1564    i._printf_post_padding  mc_w.l(printfa.o)
    0x08007f5c   0x08007f5c   0x0000002e   Code   RO         1565    i._printf_pre_padding  mc_w.l(printfa.o)
    0x08007f8a   0x08007f8a   0x00000012   Code   RO         1596    i.fputc             mc_w.l(fputc.o)
    0x08007f9c   0x08007f9c   0x00000010   Data   RO         1223    .rodata.AHBPrescTable  system_stm32f1xx.o
    0x08007fac   0x08007fac   0x00000008   Data   RO         1224    .rodata.APBPrescTable  system_stm32f1xx.o
    0x08007fb4   0x08007fb4   0x00000007   Data   RO          126    .rodata.CHANNEL_OFFSET_TAB  spi.o
    0x08007fbb   0x08007fbb   0x00000007   Data   RO          165    .rodata.CHANNEL_OFFSET_TAB  usart.o
    0x08007fc2   0x08007fc2   0x00000007   Data   RO          352    .rodata.CHANNEL_OFFSET_TAB  stm32f1xx_it.o
    0x08007fc9   0x08007fc9   0x00000007   Data   RO         1320    .rodata.CHANNEL_OFFSET_TAB  uart_demo.o
    0x08007fd0   0x08007fd0   0x0000002d   Data   RO           51    .rodata.str1.1      main.o
    0x08007ffd   0x08007ffd   0x00000042   Data   RO          280    .rodata.str1.1      usbd_desc.o
    0x0800803f   0x0800803f   0x00000038   Data   RO          424    .rodata.str1.1      stm32f1xx_ll_gpio.o
    0x08008077   0x08008077   0x00000038   Data   RO          499    .rodata.str1.1      stm32f1xx_hal_pcd.o
    0x080080af   0x080080af   0x00000037   Data   RO          648    .rodata.str1.1      stm32f1xx_ll_spi.o
    0x080080e6   0x080080e6   0x00000039   Data   RO          687    .rodata.str1.1      stm32f1xx_ll_usart.o
    0x0800811f   0x0800811f   0x00000038   Data   RO          838    .rodata.str1.1      stm32f1xx_ll_exti.o
    0x08008157   0x08008157   0x0000003b   Data   RO         1085    .rodata.str1.1      stm32f1xx_hal_cortex.o
    0x08008192   0x08008192   0x00000002   PAD
    0x08008194   0x08008194   0x00000020   Data   RO         1629    Region$$Table       anon$$obj.o


    Execution Region RW_IRAM1 (Exec base: 0x20000000, Load base: 0x080081b8, Size: 0x00002160, Max: 0x00005000, ABSOLUTE)

    Exec Addr    Load Addr    Size         Type   Attr      Idx    E Section Name        Object

    0x20000000   0x080081b8   0x00000004   Data   RW         1600    .data               mc_w.l(stdout.o)
    0x20000004   0x080081bc   0x0000001c   Data   RW          276    .data.FS_Desc       usbd_desc.o
    0x20000020   0x080081d8   0x00000004   Data   RW         1222    .data.SystemCoreClock  system_stm32f1xx.o
    0x20000024   0x080081dc   0x00000038   Data   RW         1534    .data.USBD_CDC      usbd_cdc.o
    0x2000005c   0x08008214   0x00000020   Data   RW         1536    .data.USBD_CDC_CfgFSDesc  usbd_cdc.o
    0x2000007c   0x08008234   0x00000020   Data   RW         1535    .data.USBD_CDC_CfgHSDesc  usbd_cdc.o
    0x2000009c   0x08008254   0x0000000a   Data   RW         1538    .data.USBD_CDC_DeviceQualifierDesc  usbd_cdc.o
    0x200000a6   0x0800825e   0x00000002   PAD
    0x200000a8   0x08008260   0x00000020   Data   RW         1537    .data.USBD_CDC_OtherSpeedCfgDesc  usbd_cdc.o
    0x200000c8   0x08008280   0x00000012   Data   RW          277    .data.USBD_FS_DeviceDesc  usbd_desc.o
    0x200000da   0x08008292   0x00000002   PAD
    0x200000dc   0x08008294   0x00000010   Data   RW          380    .data.USBD_Interface_fops_FS  usbd_cdc_if.o
    0x200000ec   0x080082a4   0x00000004   Data   RW          278    .data.USBD_LangIDDesc  usbd_desc.o
    0x200000f0   0x080082a8   0x0000001a   Data   RW          279    .data.USBD_StringSerial  usbd_desc.o
    0x2000010a   0x080082c2   0x00000001   Data   RW          898    .data.uwTickFreq    stm32f1xx_hal.o
    0x2000010b   0x080082c3   0x00000001   PAD
    0x2000010c   0x080082c4   0x00000004   Data   RW          897    .data.uwTickPrio    stm32f1xx_hal.o
    0x20000110        -       0x00000001   Zero   RW         1539    .bss.USBD_CDC_Setup.ifalt  usbd_cdc.o
    0x20000111        -       0x00000040   Zero   RW           50    .bss.USBD_RXBuffer  main.o
    0x20000151        -       0x00000001   Zero   RW           49    .bss.USBD_RxCnt     main.o
    0x20000152        -       0x00000001   Zero   RW         1473    .bss.USBD_SetConfig.cfgidx  usbd_ctlreq.o
    0x20000153   0x080082c8   0x00000001   PAD
    0x20000154        -       0x00000200   Zero   RW          281    .bss.USBD_StrDesc   usbd_desc.o
    0x20000354        -       0x000003e8   Zero   RW          381    .bss.UserRxBufferFS  usbd_cdc_if.o
    0x2000073c        -       0x000003e8   Zero   RW          382    .bss.UserTxBufferFS  usbd_cdc_if.o
    0x20000b24        -       0x000002c4   Zero   RW          176    .bss.hUsbDeviceFS   usb_device.o
    0x20000de8        -       0x0000026c   Zero   RW          248    .bss.hpcd_USB_FS    usbd_conf.o
    0x20001054        -       0x000000ff   Zero   RW         1317    .bss.recv_buff      uart_demo.o
    0x20001153   0x080082c8   0x00000001   PAD
    0x20001154        -       0x00000004   Zero   RW         1318    .bss.recv_len       uart_demo.o
    0x20001158        -       0x00000004   Zero   RW          899    .bss.uwTick         stm32f1xx_hal.o
    0x2000115c   0x080082c8   0x00000004   PAD
    0x20001160        -       0x00001000   Zero   RW            1    STACK               startup_stm32f103xb.o


==============================================================================

Image component sizes


      Code (inc. data)   RO Data    RW Data    ZI Data      Debug   Object Name

       470          0          0          0          0       4122   dma.o
       672          0          0          0          0       2701   gpio.o
       740          0         45          0         65       3667   main.o
      1172          0          7          0          0       6488   spi.o
        36          8        236          0       4096        760   startup_stm32f103xb.o
       190          0          0          5          4       5565   stm32f1xx_hal.o
       702          0         59          0          0       7622   stm32f1xx_hal_cortex.o
        96          0          0          0          0       1152   stm32f1xx_hal_msp.o
      3754          0         56          0          0      10442   stm32f1xx_hal_pcd.o
       138          0          0          0          0       3965   stm32f1xx_hal_pcd_ex.o
       642          0          7          0          0       4660   stm32f1xx_it.o
       670          0         56          0          0       2824   stm32f1xx_ll_exti.o
       810          0         56          0          0       3208   stm32f1xx_ll_gpio.o
       492          0          0          0          0       4549   stm32f1xx_ll_rcc.o
       724          0         55          0          0       2978   stm32f1xx_ll_spi.o
       844          0         57          0          0       4225   stm32f1xx_ll_usart.o
      5362          4          0          0          0      10437   stm32f1xx_ll_usb.o
       112          0          0          0          0       5803   stm32f1xx_ll_utils.o
        96          0         24          4          0       2073   system_stm32f1xx.o
       732          0          7          0        259       5560   uart_demo.o
      1238          0          7          0          0       6644   usart.o
       126          0          0          0        708       2789   usb_device.o
      1054          0          0        162          1       6481   usbd_cdc.o
       224         36          0         16       2000       2322   usbd_cdc_if.o
      1474          4          0          0        620      12412   usbd_conf.o
      1516          0          0          0          0       6584   usbd_core.o
      3306         30          0          0          1       7493   usbd_ctlreq.o
       668          0         66         76        512       3058   usbd_desc.o
       384          0          0          0          0       3882   usbd_ioreq.o

    ----------------------------------------------------------------------
     28724         82        772        268       8272     144466   Object Totals
         0          0         32          0          0          0   (incl. Generated)
       280          0          2          5          6          0   (incl. Padding)

    ----------------------------------------------------------------------

      Code (inc. data)   RO Data    RW Data    ZI Data      Debug   Library Member Name

         0          0          0          0          0          0   entry.o
         0          0          0          0          0          0   entry10a.o
         0          0          0          0          0          0   entry11a.o
         8          4          0          0          0          0   entry2.o
         4          0          0          0          0          0   entry5.o
         0          0          0          0          0          0   entry7b.o
         0          0          0          0          0          0   entry8b.o
         8          4          0          0          0          0   entry9a.o
        18          0          0          0          0         80   fputc.o
        30          0          0          0          0          0   handlers.o
        36          8          0          0          0         68   init.o
         0          0          0          0          0          0   iusefp.o
         0          0          0          0          0          0   iusesemip.o
        30          0          0          0          0         68   llshl.o
        36          0          0          0          0         68   llsshr.o
        32          0          0          0          0         68   llushr.o
        36          0          0          0          0        108   memseta.o
      2258         90          0          0          0        452   printfa.o
         0          0          0          0          0          0   semi.o
         0          0          0          4          0          0   stdout.o
        44          0          0          0          0         80   uidiv.o
        98          0          0          0          0         92   uldiv.o
        48          0          0          0          0         68   cdrcmple.o
       334          0          0          0          0        148   dadd.o
       222          0          0          0          0        100   ddiv.o
       186          0          0          0          0        176   depilogue.o
        48          0          0          0          0         68   dfixul.o
       228          0          0          0          0         96   dmul.o

    ----------------------------------------------------------------------
      3708        106          0          4          0       1740   Library Totals
         4          0          0          0          0          0   (incl. Padding)

    ----------------------------------------------------------------------

      Code (inc. data)   RO Data    RW Data    ZI Data      Debug   Library Name

      2638        106          0          4          0       1084   mc_w.l
      1066          0          0          0          0        656   mf_w.l

    ----------------------------------------------------------------------
      3708        106          0          4          0       1740   Library Totals

    ----------------------------------------------------------------------

==============================================================================


      Code (inc. data)   RO Data    RW Data    ZI Data      Debug   

     32432        188        772        272       8272     145042   Grand Totals
     32432        188        772        272       8272     145042   ELF Image Totals
     32432        188        772        272          0          0   ROM Totals

==============================================================================

    Total RO  Size (Code + RO Data)                33204 (  32.43kB)
    Total RW  Size (RW Data + ZI Data)              8544 (   8.34kB)
    Total ROM Size (Code + RO Data + RW Data)      33476 (  32.69kB)

==============================================================================

