Component: ARM Compiler 6.12 Tool: armlink [5d624300]

==============================================================================

Section Cross References

    startup_stm32f103xb.o(RESET) refers to startup_stm32f103xb.o(STACK) for __initial_sp
    startup_stm32f103xb.o(RESET) refers to startup_stm32f103xb.o(.text) for Reset_Handler
    startup_stm32f103xb.o(RESET) refers to stm32f1xx_it.o(.text.NMI_Handler) for NMI_Handler
    startup_stm32f103xb.o(RESET) refers to stm32f1xx_it.o(.text.HardFault_Handler) for HardFault_Handler
    startup_stm32f103xb.o(RESET) refers to stm32f1xx_it.o(.text.MemManage_Handler) for MemManage_Handler
    startup_stm32f103xb.o(RESET) refers to stm32f1xx_it.o(.text.BusFault_Handler) for BusFault_Handler
    startup_stm32f103xb.o(RESET) refers to stm32f1xx_it.o(.text.UsageFault_Handler) for UsageFault_Handler
    startup_stm32f103xb.o(RESET) refers to stm32f1xx_it.o(.text.SVC_Handler) for SVC_Handler
    startup_stm32f103xb.o(RESET) refers to stm32f1xx_it.o(.text.DebugMon_Handler) for DebugMon_Handler
    startup_stm32f103xb.o(RESET) refers to stm32f1xx_it.o(.text.PendSV_Handler) for PendSV_Handler
    startup_stm32f103xb.o(RESET) refers to stm32f1xx_it.o(.text.SysTick_Handler) for SysTick_Handler
    startup_stm32f103xb.o(RESET) refers to stm32f1xx_it.o(.text.DMA1_Channel2_IRQHandler) for DMA1_Channel2_IRQHandler
    startup_stm32f103xb.o(RESET) refers to stm32f1xx_it.o(.text.DMA1_Channel3_IRQHandler) for DMA1_Channel3_IRQHandler
    startup_stm32f103xb.o(RESET) refers to stm32f1xx_it.o(.text.DMA1_Channel4_IRQHandler) for DMA1_Channel4_IRQHandler
    startup_stm32f103xb.o(RESET) refers to stm32f1xx_it.o(.text.DMA1_Channel5_IRQHandler) for DMA1_Channel5_IRQHandler
    startup_stm32f103xb.o(RESET) refers to stm32f1xx_it.o(.text.SPI1_IRQHandler) for SPI1_IRQHandler
    startup_stm32f103xb.o(RESET) refers to stm32f1xx_it.o(.text.USART1_IRQHandler) for USART1_IRQHandler
    startup_stm32f103xb.o(.text) refers to system_stm32f1xx.o(.text.SystemInit) for SystemInit
    startup_stm32f103xb.o(.text) refers to entry.o(.ARM.Collect$$$$00000000) for __main
    main.o(.text.main) refers to stm32f1xx_hal.o(.text.HAL_Init) for HAL_Init
    main.o(.text.main) refers to main.o(.text.SystemClock_Config) for SystemClock_Config
    main.o(.text.main) refers to gpio.o(.text.MX_GPIO_Init) for MX_GPIO_Init
    main.o(.text.main) refers to dma.o(.text.MX_DMA_Init) for MX_DMA_Init
    main.o(.text.main) refers to usart.o(.text.MX_USART1_UART_Init) for MX_USART1_UART_Init
    main.o(.ARM.exidx.text.main) refers to main.o(.text.main) for [Anonymous Symbol]
    main.o(.text.SystemClock_Config) refers to stm32f1xx_ll_utils.o(.text.LL_Init1msTick) for LL_Init1msTick
    main.o(.text.SystemClock_Config) refers to stm32f1xx_ll_utils.o(.text.LL_SetSystemCoreClock) for LL_SetSystemCoreClock
    main.o(.ARM.exidx.text.SystemClock_Config) refers to main.o(.text.SystemClock_Config) for [Anonymous Symbol]
    main.o(.ARM.exidx.text.Error_Handler) refers to main.o(.text.Error_Handler) for [Anonymous Symbol]
    main.o(.ARM.exidx.text.assert_failed) refers to main.o(.text.assert_failed) for [Anonymous Symbol]
    gpio.o(.text.MX_GPIO_Init) refers to gpio.o(.text.LL_APB2_GRP1_EnableClock) for LL_APB2_GRP1_EnableClock
    gpio.o(.text.MX_GPIO_Init) refers to stm32f1xx_ll_gpio.o(.text.LL_GPIO_Init) for LL_GPIO_Init
    gpio.o(.ARM.exidx.text.MX_GPIO_Init) refers to gpio.o(.text.MX_GPIO_Init) for [Anonymous Symbol]
    gpio.o(.ARM.exidx.text.LL_APB2_GRP1_EnableClock) refers to gpio.o(.text.LL_APB2_GRP1_EnableClock) for [Anonymous Symbol]
    dma.o(.ARM.exidx.text.MX_DMA_Init) refers to dma.o(.text.MX_DMA_Init) for [Anonymous Symbol]
    user_diskio.o(.text.USER_initialize) refers to user_diskio.o(.data.Stat) for [Anonymous Symbol]
    user_diskio.o(.ARM.exidx.text.USER_initialize) refers to user_diskio.o(.text.USER_initialize) for [Anonymous Symbol]
    user_diskio.o(.text.USER_status) refers to user_diskio.o(.data.Stat) for [Anonymous Symbol]
    user_diskio.o(.ARM.exidx.text.USER_status) refers to user_diskio.o(.text.USER_status) for [Anonymous Symbol]
    user_diskio.o(.ARM.exidx.text.USER_read) refers to user_diskio.o(.text.USER_read) for [Anonymous Symbol]
    user_diskio.o(.ARM.exidx.text.USER_write) refers to user_diskio.o(.text.USER_write) for [Anonymous Symbol]
    user_diskio.o(.ARM.exidx.text.USER_ioctl) refers to user_diskio.o(.text.USER_ioctl) for [Anonymous Symbol]
    user_diskio.o(.data.USER_Driver) refers to user_diskio.o(.text.USER_initialize) for USER_initialize
    user_diskio.o(.data.USER_Driver) refers to user_diskio.o(.text.USER_status) for USER_status
    user_diskio.o(.data.USER_Driver) refers to user_diskio.o(.text.USER_read) for USER_read
    user_diskio.o(.data.USER_Driver) refers to user_diskio.o(.text.USER_write) for USER_write
    user_diskio.o(.data.USER_Driver) refers to user_diskio.o(.text.USER_ioctl) for USER_ioctl
[...]
    ff.o(.ARM.exidx.text.inc_lock) refers to ff.o(.text.inc_lock) for [Anonymous Symbol]
    ff.o(.text.f_read) refers to ff.o(.text.validate) for validate
    ff.o(.text.f_read) refers to ff.o(.text.mem_cpy) for mem_cpy
    ff.o(.text.f_read) refers to ff.o(.text.clmt_clust) for clmt_clust
    ff.o(.text.f_read) refers to ff.o(.text.get_fat) for get_fat
    ff.o(.text.f_read) refers to ff.o(.text.clust2sect) for clust2sect
    ff.o(.text.f_read) refers to diskio.o(.text.disk_read) for disk_read
    ff.o(.text.f_read) refers to diskio.o(.text.disk_write) for disk_write
    ff.o(.ARM.exidx.text.f_read) refers to ff.o(.text.f_read) for [Anonymous Symbol]
    ff.o(.text.validate) refers to diskio.o(.text.disk_status) for disk_status
    ff.o(.ARM.exidx.text.validate) refers to ff.o(.text.validate) for [Anonymous Symbol]
    ff.o(.ARM.exidx.text.clmt_clust) refers to ff.o(.text.clmt_clust) for [Anonymous Symbol]
    ff.o(.ARM.exidx.text.mem_cpy) refers to ff.o(.text.mem_cpy) for [Anonymous Symbol]
    ff.o(.text.f_write) refers to ff.o(.text.validate) for validate
    ff.o(.text.f_write) refers to ff.o(.text.mem_cpy) for mem_cpy
    ff.o(.text.f_write) refers to ff.o(.text.clmt_clust) for clmt_clust
    ff.o(.text.f_write) refers to ff.o(.text.create_chain) for create_chain
    ff.o(.text.f_write) refers to diskio.o(.text.disk_write) for disk_write
    ff.o(.text.f_write) refers to ff.o(.text.clust2sect) for clust2sect
    ff.o(.text.f_write) refers to diskio.o(.text.disk_read) for disk_read
    ff.o(.ARM.exidx.text.f_write) refers to ff.o(.text.f_write) for [Anonymous Symbol]
    ff.o(.text.create_chain) refers to ff.o(.text.get_fat) for get_fat
    ff.o(.text.create_chain) refers to ff.o(.text.put_fat) for put_fat
    ff.o(.ARM.exidx.text.create_chain) refers to ff.o(.text.create_chain) for [Anonymous Symbol]
    ff.o(.text.f_sync) refers to ff.o(.text.validate) for validate
    ff.o(.text.f_sync) refers to diskio.o(.text.disk_write) for disk_write
    ff.o(.text.f_sync) refers to ff.o(.text.move_window) for move_window
    ff.o(.text.f_sync) refers to ff.o(.text.st_clust) for st_clust
    ff.o(.text.f_sync) refers to fatfs.o(.text.get_fattime) for get_fattime
    ff.o(.text.f_sync) refers to ff.o(.text.sync_fs) for sync_fs
    ff.o(.ARM.exidx.text.f_sync) refers to ff.o(.text.f_sync) for [Anonymous Symbol]
    ff.o(.text.sync_fs) refers to ff.o(.text.sync_window) for sync_window
    ff.o(.text.sync_fs) refers to ff.o(.text.mem_set) for mem_set
    ff.o(.text.sync_fs) refers to diskio.o(.text.disk_write) for disk_write
    ff.o(.text.sync_fs) refers to diskio.o(.text.disk_ioctl) for disk_ioctl
    ff.o(.ARM.exidx.text.sync_fs) refers to ff.o(.text.sync_fs) for [Anonymous Symbol]
    ff.o(.text.f_close) refers to ff.o(.text.f_sync) for f_sync
    ff.o(.text.f_close) refers to ff.o(.text.validate) for validate
    ff.o(.text.f_close) refers to ff.o(.text.dec_lock) for dec_lock
    ff.o(.ARM.exidx.text.f_close) refers to ff.o(.text.f_close) for [Anonymous Symbol]
    ff.o(.text.dec_lock) refers to ff.o(.bss.Files) for [Anonymous Symbol]
    ff.o(.ARM.exidx.text.dec_lock) refers to ff.o(.text.dec_lock) for [Anonymous Symbol]
    ff.o(.text.f_lseek) refers to ff.o(.text.validate) for validate
    ff.o(.text.f_lseek) refers to ff.o(.text.clmt_clust) for clmt_clust
    ff.o(.text.f_lseek) refers to ff.o(.text.clust2sect) for clust2sect
    ff.o(.text.f_lseek) refers to diskio.o(.text.disk_write) for disk_write
    ff.o(.text.f_lseek) refers to diskio.o(.text.disk_read) for disk_read
    ff.o(.text.f_lseek) refers to ff.o(.text.get_fat) for get_fat
    ff.o(.text.f_lseek) refers to ff.o(.text.create_chain) for create_chain
    ff.o(.ARM.exidx.text.f_lseek) refers to ff.o(.text.f_lseek) for [Anonymous Symbol]
    ff.o(.text.f_opendir) refers to ff.o(.text.find_volume) for find_volume
    ff.o(.text.f_opendir) refers to ff.o(.text.follow_path) for follow_path
    ff.o(.text.f_opendir) refers to ff.o(.text.ld_clust) for ld_clust
    ff.o(.text.f_opendir) refers to ff.o(.text.dir_sdi) for dir_sdi
    ff.o(.text.f_opendir) refers to ff.o(.text.inc_lock) for inc_lock
    ff.o(.ARM.exidx.text.f_opendir) refers to ff.o(.text.f_opendir) for [Anonymous Symbol]
    ff.o(.text.dir_sdi) refers to ff.o(.text.get_fat) for get_fat
    ff.o(.text.dir_sdi) refers to ff.o(.text.clust2sect) for clust2sect
    ff.o(.ARM.exidx.text.dir_sdi) refers to ff.o(.text.dir_sdi) for [Anonymous Symbol]
    ff.o(.text.f_closedir) refers to ff.o(.text.validate) for validate
    ff.o(.text.f_closedir) refers to ff.o(.text.dec_lock) for dec_lock
    ff.o(.ARM.exidx.text.f_closedir) refers to ff.o(.text.f_closedir) for [Anonymous Symbol]
    ff.o(.text.f_readdir) refers to ff.o(.text.validate) for validate
    ff.o(.text.f_readdir) refers to ff.o(.text.dir_read) for dir_read
    ff.o(.text.f_readdir) refers to ff.o(.text.get_fileinfo) for get_fileinfo
    ff.o(.text.f_readdir) refers to ff.o(.text.dir_next) for dir_next
    ff.o(.text.f_readdir) refers to ff.o(.text.dir_sdi) for dir_sdi
    ff.o(.ARM.exidx.text.f_readdir) refers to ff.o(.text.f_readdir) for [Anonymous Symbol]
    ff.o(.text.dir_read) refers to ff.o(.text.move_window) for move_window
    ff.o(.text.dir_read) refers to ff.o(.text.dir_next) for dir_next
    ff.o(.ARM.exidx.text.dir_read) refers to ff.o(.text.dir_read) for [Anonymous Symbol]
    ff.o(.ARM.exidx.text.get_fileinfo) refers to ff.o(.text.get_fileinfo) for [Anonymous Symbol]
    ff.o(.text.dir_next) refers to ff.o(.text.get_fat) for get_fat
    ff.o(.text.dir_next) refers to ff.o(.text.clust2sect) for clust2sect
    ff.o(.text.dir_next) refers to ff.o(.text.create_chain) for create_chain
    ff.o(.text.dir_next) refers to ff.o(.text.sync_window) for sync_window
    ff.o(.text.dir_next) refers to ff.o(.text.mem_set) for mem_set
    ff.o(.ARM.exidx.text.dir_next) refers to ff.o(.text.dir_next) for [Anonymous Symbol]
    ff.o(.text.f_stat) refers to ff.o(.text.find_volume) for find_volume
    ff.o(.text.f_stat) refers to ff.o(.text.follow_path) for follow_path
    ff.o(.text.f_stat) refers to ff.o(.text.get_fileinfo) for get_fileinfo
    ff.o(.ARM.exidx.text.f_stat) refers to ff.o(.text.f_stat) for [Anonymous Symbol]
    ff.o(.text.f_getfree) refers to ff.o(.text.find_volume) for find_volume
    ff.o(.text.f_getfree) refers to ff.o(.text.get_fat) for get_fat
    ff.o(.text.f_getfree) refers to ff.o(.text.move_window) for move_window
    ff.o(.ARM.exidx.text.f_getfree) refers to ff.o(.text.f_getfree) for [Anonymous Symbol]
    ff.o(.text.f_truncate) refers to ff.o(.text.validate) for validate
    ff.o(.text.f_truncate) refers to ff.o(.text.get_fat) for get_fat
    ff.o(.text.f_truncate) refers to ff.o(.text.put_fat) for put_fat
    ff.o(.text.f_truncate) refers to ff.o(.text.remove_chain) for remove_chain
    ff.o(.text.f_truncate) refers to diskio.o(.text.disk_write) for disk_write
    ff.o(.ARM.exidx.text.f_truncate) refers to ff.o(.text.f_truncate) for [Anonymous Symbol]
    ff.o(.text.f_unlink) refers to ff.o(.text.find_volume) for find_volume
    ff.o(.text.f_unlink) refers to ff.o(.text.follow_path) for follow_path
    ff.o(.text.f_unlink) refers to ff.o(.text.chk_lock) for chk_lock
    ff.o(.text.f_unlink) refers to ff.o(.text.ld_clust) for ld_clust
    ff.o(.text.f_unlink) refers to ff.o(.text.mem_cpy) for mem_cpy
    ff.o(.text.f_unlink) refers to ff.o(.text.dir_sdi) for dir_sdi
    ff.o(.text.f_unlink) refers to ff.o(.text.dir_read) for dir_read
    ff.o(.text.f_unlink) refers to ff.o(.text.dir_remove) for dir_remove
    ff.o(.text.f_unlink) refers to ff.o(.text.remove_chain) for remove_chain
    ff.o(.text.f_unlink) refers to ff.o(.text.sync_fs) for sync_fs
    ff.o(.ARM.exidx.text.f_unlink) refers to ff.o(.text.f_unlink) for [Anonymous Symbol]
    ff.o(.text.dir_remove) refers to ff.o(.text.dir_sdi) for dir_sdi
    ff.o(.text.dir_remove) refers to ff.o(.text.move_window) for move_window
    ff.o(.text.dir_remove) refers to ff.o(.text.mem_set) for mem_set
    ff.o(.ARM.exidx.text.dir_remove) refers to ff.o(.text.dir_remove) for [Anonymous Symbol]
    ff.o(.text.f_mkdir) refers to fatfs.o(.text.get_fattime) for get_fattime
    ff.o(.text.f_mkdir) refers to ff.o(.text.find_volume) for find_volume
    ff.o(.text.f_mkdir) refers to ff.o(.text.follow_path) for follow_path
    ff.o(.text.f_mkdir) refers to ff.o(.text.create_chain) for create_chain
    ff.o(.text.f_mkdir) refers to ff.o(.text.sync_window) for sync_window
    ff.o(.text.f_mkdir) refers to ff.o(.text.clust2sect) for clust2sect
    ff.o(.text.f_mkdir) refers to ff.o(.text.mem_set) for mem_set
    ff.o(.text.f_mkdir) refers to ff.o(.text.st_clust) for st_clust
    ff.o(.text.f_mkdir) refers to ff.o(.text.mem_cpy) for mem_cpy
    ff.o(.text.f_mkdir) refers to ff.o(.text.dir_register) for dir_register
    ff.o(.text.f_mkdir) refers to ff.o(.text.remove_chain) for remove_chain
    ff.o(.text.f_mkdir) refers to ff.o(.text.sync_fs) for sync_fs
    ff.o(.ARM.exidx.text.f_mkdir) refers to ff.o(.text.f_mkdir) for [Anonymous Symbol]
    ff.o(.text.sync_window) refers to diskio.o(.text.disk_write) for disk_write
    ff.o(.ARM.exidx.text.sync_window) refers to ff.o(.text.sync_window) for [Anonymous Symbol]
    ff.o(.ARM.exidx.text.mem_set) refers to ff.o(.text.mem_set) for [Anonymous Symbol]
    ff.o(.text.f_chmod) refers to ff.o(.text.find_volume) for find_volume
    ff.o(.text.f_chmod) refers to ff.o(.text.follow_path) for follow_path
    ff.o(.text.f_chmod) refers to ff.o(.text.sync_fs) for sync_fs
    ff.o(.ARM.exidx.text.f_chmod) refers to ff.o(.text.f_chmod) for [Anonymous Symbol]
    ff.o(.text.f_rename) refers to ff.o(.text.find_volume) for find_volume
    ff.o(.text.f_rename) refers to ff.o(.text.follow_path) for follow_path
    ff.o(.text.f_rename) refers to ff.o(.text.chk_lock) for chk_lock
    ff.o(.text.f_rename) refers to ff.o(.text.mem_cpy) for mem_cpy
    ff.o(.text.f_rename) refers to ff.o(.text.get_ldnumber) for get_ldnumber
    ff.o(.text.f_rename) refers to ff.o(.text.dir_register) for dir_register
    ff.o(.text.f_rename) refers to ff.o(.text.dir_remove) for dir_remove
    ff.o(.text.f_rename) refers to ff.o(.text.sync_fs) for sync_fs
    ff.o(.text.f_rename) refers to ff.o(.text.ld_clust) for ld_clust
    ff.o(.text.f_rename) refers to ff.o(.text.clust2sect) for clust2sect
    ff.o(.text.f_rename) refers to ff.o(.text.move_window) for move_window
    ff.o(.text.f_rename) refers to ff.o(.text.st_clust) for st_clust
    ff.o(.ARM.exidx.text.f_rename) refers to ff.o(.text.f_rename) for [Anonymous Symbol]
    ff.o(.text.f_utime) refers to ff.o(.text.find_volume) for find_volume
    ff.o(.text.f_utime) refers to ff.o(.text.follow_path) for follow_path
    ff.o(.text.f_utime) refers to ff.o(.text.sync_fs) for sync_fs
    ff.o(.ARM.exidx.text.f_utime) refers to ff.o(.text.f_utime) for [Anonymous Symbol]
    ff.o(.text.f_mkfs) refers to ff.o(.text.get_ldnumber) for get_ldnumber
    ff.o(.text.f_mkfs) refers to diskio.o(.text.disk_initialize) for disk_initialize
    ff.o(.text.f_mkfs) refers to diskio.o(.text.disk_ioctl) for disk_ioctl
    ff.o(.text.f_mkfs) refers to ff.o(.text.mem_set) for mem_set
    ff.o(.text.f_mkfs) refers to ff.o(.text.mem_cpy) for mem_cpy
    ff.o(.text.f_mkfs) refers to fatfs.o(.text.get_fattime) for get_fattime
    ff.o(.text.f_mkfs) refers to diskio.o(.text.disk_write) for disk_write
    ff.o(.text.f_mkfs) refers to ff.o(.bss..L_MergedGlobals) for [Anonymous Symbol]
    ff.o(.text.f_mkfs) refers to ff.o(.rodata.f_mkfs.cst) for [Anonymous Symbol]
    ff.o(.text.f_mkfs) refers to ff.o(.rodata.str2.2) for f_mkfs.vst
    ff.o(.ARM.exidx.text.f_mkfs) refers to ff.o(.text.f_mkfs) for [Anonymous Symbol]
    ff.o(.text.f_gets) refers to ff.o(.text.f_read) for f_read
    ff.o(.ARM.exidx.text.f_gets) refers to ff.o(.text.f_gets) for [Anonymous Symbol]
    ff.o(.text.f_putc) refers to ff.o(.text.putc_bfd) for putc_bfd
    ff.o(.text.f_putc) refers to ff.o(.text.f_write) for f_write
    ff.o(.ARM.exidx.text.f_putc) refers to ff.o(.text.f_putc) for [Anonymous Symbol]
    ff.o(.text.putc_bfd) refers to ff.o(.text.f_write) for f_write
    ff.o(.ARM.exidx.text.putc_bfd) refers to ff.o(.text.putc_bfd) for [Anonymous Symbol]
    ff.o(.text.f_puts) refers to ff.o(.text.putc_bfd) for putc_bfd
    ff.o(.text.f_puts) refers to ff.o(.text.f_write) for f_write
    ff.o(.ARM.exidx.text.f_puts) refers to ff.o(.text.f_puts) for [Anonymous Symbol]
    ff.o(.text.f_printf) refers to ff.o(.text.putc_bfd) for putc_bfd
    ff.o(.text.f_printf) refers to ff.o(.text.f_write) for f_write
    ff.o(.ARM.exidx.text.f_printf) refers to ff.o(.text.f_printf) for [Anonymous Symbol]
    ff.o(.text.check_fs) refers to ff.o(.text.move_window) for move_window
    ff.o(.ARM.exidx.text.check_fs) refers to ff.o(.text.check_fs) for [Anonymous Symbol]
    ff_gen_drv.o(.text.FATFS_LinkDriverEx) refers to ff_gen_drv.o(.bss.disk) for disk
    ff_gen_drv.o(.ARM.exidx.text.FATFS_LinkDriverEx) refers to ff_gen_drv.o(.text.FATFS_LinkDriverEx) for [Anonymous Symbol]
    ff_gen_drv.o(.text.FATFS_LinkDriver) refers to ff_gen_drv.o(.text.FATFS_LinkDriverEx) for FATFS_LinkDriverEx
    ff_gen_drv.o(.ARM.exidx.text.FATFS_LinkDriver) refers to ff_gen_drv.o(.text.FATFS_LinkDriver) for [Anonymous Symbol]
    ff_gen_drv.o(.text.FATFS_UnLinkDriverEx) refers to ff_gen_drv.o(.bss.disk) for disk
    ff_gen_drv.o(.ARM.exidx.text.FATFS_UnLinkDriverEx) refers to ff_gen_drv.o(.text.FATFS_UnLinkDriverEx) for [Anonymous Symbol]
    ff_gen_drv.o(.text.FATFS_UnLinkDriver) refers to ff_gen_drv.o(.text.FATFS_UnLinkDriverEx) for FATFS_UnLinkDriverEx
    ff_gen_drv.o(.ARM.exidx.text.FATFS_UnLinkDriver) refers to ff_gen_drv.o(.text.FATFS_UnLinkDriver) for [Anonymous Symbol]
    ff_gen_drv.o(.text.FATFS_GetAttachedDriversNbr) refers to ff_gen_drv.o(.bss.disk) for disk
    ff_gen_drv.o(.ARM.exidx.text.FATFS_GetAttachedDriversNbr) refers to ff_gen_drv.o(.text.FATFS_GetAttachedDriversNbr) for [Anonymous Symbol]
    entry.o(.ARM.Collect$$$$00000000) refers (Special) to entry10a.o(.ARM.Collect$$$$0000000D) for __rt_final_cpp
    entry.o(.ARM.Collect$$$$00000000) refers (Special) to entry11a.o(.ARM.Collect$$$$0000000F) for __rt_final_exit
    entry.o(.ARM.Collect$$$$00000000) refers (Special) to entry7b.o(.ARM.Collect$$$$00000008) for _main_clock
    entry.o(.ARM.Collect$$$$00000000) refers (Special) to entry8b.o(.ARM.Collect$$$$0000000A) for _main_cpp_init
    entry.o(.ARM.Collect$$$$00000000) refers (Special) to entry9a.o(.ARM.Collect$$$$0000000B) for _main_init
    entry.o(.ARM.Collect$$$$00000000) refers (Special) to entry5.o(.ARM.Collect$$$$00000004) for _main_scatterload
    entry.o(.ARM.Collect$$$$00000000) refers (Special) to entry2.o(.ARM.Collect$$$$00000001) for _main_stk
    entry2.o(.ARM.Collect$$$$00000001) refers to entry2.o(.ARM.Collect$$$$00002712) for __lit__00000000
    entry2.o(.ARM.Collect$$$$00002712) refers to startup_stm32f103xb.o(STACK) for __initial_sp
    entry2.o(__vectab_stack_and_reset_area) refers to startup_stm32f103xb.o(STACK) for __initial_sp
    entry2.o(__vectab_stack_and_reset_area) refers to entry.o(.ARM.Collect$$$$00000000) for __main
    entry5.o(.ARM.Collect$$$$00000004) refers to init.o(.text) for __scatterload
    entry9a.o(.ARM.Collect$$$$0000000B) refers to main.o(.text.main) for main
    entry9b.o(.ARM.Collect$$$$0000000C) refers to main.o(.text.main) for main
    init.o(.text) refers to entry5.o(.ARM.Collect$$$$00000004) for __main_after_scatterload


==============================================================================

Removing Unused input sections from the image.

    Removing startup_stm32f103xb.o(HEAP), (512 bytes).
    Removing main.o(.text), (0 bytes).
    Removing main.o(.ARM.exidx.text.main), (8 bytes).
    Removing main.o(.ARM.exidx.text.SystemClock_Config), (8 bytes).
    Removing main.o(.text.Error_Handler), (2 bytes).
    Removing main.o(.ARM.exidx.text.Error_Handler), (8 bytes).
    Removing main.o(.ARM.exidx.text.assert_failed), (8 bytes).
    Removing main.o(.ARM.use_no_argv), (4 bytes).
    Removing gpio.o(.text), (0 bytes).
    Removing gpio.o(.ARM.exidx.text.MX_GPIO_Init), (8 bytes).
    Removing gpio.o(.ARM.exidx.text.LL_APB2_GRP1_EnableClock), (8 bytes).
    Removing dma.o(.text), (0 bytes).
    Removing dma.o(.ARM.exidx.text.MX_DMA_Init), (8 bytes).
    Removing user_diskio.o(.text), (0 bytes).
    Removing user_diskio.o(.text.USER_initialize), (16 bytes).
    Removing user_diskio.o(.ARM.exidx.text.USER_initialize), (8 bytes).
    Removing user_diskio.o(.text.USER_status), (16 bytes).
    Removing user_diskio.o(.ARM.exidx.text.USER_status), (8 bytes).
    Removing user_diskio.o(.text.USER_read), (4 bytes).
    Removing user_diskio.o(.ARM.exidx.text.USER_read), (8 bytes).
    Removing user_diskio.o(.text.USER_write), (4 bytes).
    Removing user_diskio.o(.ARM.exidx.text.USER_write), (8 bytes).
    Removing user_diskio.o(.text.USER_ioctl), (4 bytes).
    Removing user_diskio.o(.ARM.exidx.text.USER_ioctl), (8 bytes).
    Removing user_diskio.o(.data.USER_Driver), (20 bytes).
    Removing user_diskio.o(.data.Stat), (1 bytes).
    Removing fatfs.o(.text), (0 bytes).
    Removing fatfs.o(.text.MX_FATFS_Init), (24 bytes).
    Removing fatfs.o(.ARM.exidx.text.MX_FATFS_Init), (8 bytes).
    Removing fatfs.o(.text.get_fattime), (4 bytes).
    Removing fatfs.o(.ARM.exidx.text.get_fattime), (8 bytes).
    Removing fatfs.o(.bss.USERFatFS), (560 bytes).
    Removing fatfs.o(.bss.USERFile), (556 bytes).
    Removing fatfs.o(.bss..L_MergedGlobals), (5 bytes).
    Removing spi.o(.text), (0 bytes).
    Removing spi.o(.text.MX_SPI1_Init), (268 bytes).
    Removing spi.o(.ARM.exidx.text.MX_SPI1_Init), (8 bytes).
    Removing spi.o(.text.LL_APB2_GRP1_EnableClock), (28 bytes).
    Removing spi.o(.ARM.exidx.text.LL_APB2_GRP1_EnableClock), (8 bytes).
    Removing usart.o(.text), (0 bytes).
    Removing usart.o(.ARM.exidx.text.MX_USART1_UART_Init), (8 bytes).
    Removing usart.o(.ARM.exidx.text.LL_APB2_GRP1_EnableClock), (8 bytes).
    Removing stm32f1xx_it.o(.text), (0 bytes).
    Removing stm32f1xx_it.o(.ARM.exidx.text.NMI_Handler), (8 bytes).
    Removing stm32f1xx_it.o(.ARM.exidx.text.HardFault_Handler), (8 bytes).
    Removing stm32f1xx_it.o(.ARM.exidx.text.MemManage_Handler), (8 bytes).
    Removing stm32f1xx_it.o(.ARM.exidx.text.BusFault_Handler), (8 bytes).
    Removing stm32f1xx_it.o(.ARM.exidx.text.UsageFault_Handler), (8 bytes).
    Removing stm32f1xx_it.o(.ARM.exidx.text.SVC_Handler), (8 bytes).
    Removing stm32f1xx_it.o(.ARM.exidx.text.DebugMon_Handler), (8 bytes).
    Removing stm32f1xx_it.o(.ARM.exidx.text.PendSV_Handler), (8 bytes).
    Removing stm32f1xx_it.o(.ARM.exidx.text.SysTick_Handler), (8 bytes).
    Removing stm32f1xx_it.o(.ARM.exidx.text.DMA1_Channel2_IRQHandler), (8 bytes).
    Removing stm32f1xx_it.o(.ARM.exidx.text.DMA1_Channel3_IRQHandler), (8 bytes).
    Removing stm32f1xx_it.o(.ARM.exidx.text.DMA1_Channel4_IRQHandler), (8 bytes).
    Removing stm32f1xx_it.o(.ARM.exidx.text.DMA1_Channel5_IRQHandler), (8 bytes).
    Removing stm32f1xx_it.o(.ARM.exidx.text.SPI1_IRQHandler), (8 bytes).
    Removing stm32f1xx_it.o(.ARM.exidx.text.USART1_IRQHandler), (8 bytes).
    Removing stm32f1xx_hal_msp.o(.text), (0 bytes).
    Removing stm32f1xx_hal_msp.o(.ARM.exidx.text.HAL_MspInit), (8 bytes).
    Removing stm32f1xx_hal_gpio_ex.o(.text), (0 bytes).
    Removing stm32f1xx_hal_gpio_ex.o(.text.HAL_GPIOEx_ConfigEventout), (60 bytes).
    Removing stm32f1xx_hal_gpio_ex.o(.ARM.exidx.text.HAL_GPIOEx_ConfigEventout), (8 bytes).
    Removing stm32f1xx_hal_gpio_ex.o(.text.HAL_GPIOEx_EnableEventout), (16 bytes).
    Removing stm32f1xx_hal_gpio_ex.o(.ARM.exidx.text.HAL_GPIOEx_EnableEventout), (8 bytes).
    Removing stm32f1xx_hal_gpio_ex.o(.text.HAL_GPIOEx_DisableEventout), (16 bytes).
    Removing stm32f1xx_hal_gpio_ex.o(.ARM.exidx.text.HAL_GPIOEx_DisableEventout), (8 bytes).
    Removing stm32f1xx_hal_gpio_ex.o(.rodata.str1.1), (60 bytes).
    Removing stm32f1xx_ll_gpio.o(.text), (0 bytes).
    Removing stm32f1xx_ll_gpio.o(.text.LL_GPIO_DeInit), (144 bytes).
    Removing stm32f1xx_ll_gpio.o(.ARM.exidx.text.LL_GPIO_DeInit), (8 bytes).
    Removing stm32f1xx_ll_gpio.o(.ARM.exidx.text.LL_GPIO_Init), (8 bytes).
    Removing stm32f1xx_ll_gpio.o(.text.LL_GPIO_StructInit), (22 bytes).
    Removing stm32f1xx_ll_gpio.o(.ARM.exidx.text.LL_GPIO_StructInit), (8 bytes).
    Removing stm32f1xx_ll_dma.o(.text), (0 bytes).
    Removing stm32f1xx_ll_dma.o(.text.LL_DMA_DeInit), (200 bytes).
    Removing stm32f1xx_ll_dma.o(.ARM.exidx.text.LL_DMA_DeInit), (8 bytes).
    Removing stm32f1xx_ll_dma.o(.text.LL_DMA_Init), (288 bytes).
    Removing stm32f1xx_ll_dma.o(.ARM.exidx.text.LL_DMA_Init), (8 bytes).
    Removing stm32f1xx_ll_dma.o(.text.LL_DMA_StructInit), (10 bytes).
    Removing stm32f1xx_ll_dma.o(.ARM.exidx.text.LL_DMA_StructInit), (8 bytes).
    Removing stm32f1xx_ll_dma.o(.rodata.str1.1), (55 bytes).
    Removing stm32f1xx_ll_spi.o(.text), (0 bytes).
    Removing stm32f1xx_ll_spi.o(.text.LL_SPI_DeInit), (92 bytes).
    Removing stm32f1xx_ll_spi.o(.ARM.exidx.text.LL_SPI_DeInit), (8 bytes).
    Removing stm32f1xx_ll_spi.o(.text.LL_SPI_Init), (332 bytes).
    Removing stm32f1xx_ll_spi.o(.ARM.exidx.text.LL_SPI_Init), (8 bytes).
    Removing stm32f1xx_ll_spi.o(.text.LL_SPI_StructInit), (16 bytes).
    Removing stm32f1xx_ll_spi.o(.ARM.exidx.text.LL_SPI_StructInit), (8 bytes).
    Removing stm32f1xx_ll_spi.o(.rodata.str1.1), (55 bytes).
    Removing stm32f1xx_hal_tim.o(.text), (0 bytes).
    Removing stm32f1xx_hal_tim_ex.o(.text), (0 bytes).
    Removing stm32f1xx_ll_usart.o(.text), (0 bytes).
    Removing stm32f1xx_ll_usart.o(.text.LL_USART_DeInit), (112 bytes).
    Removing stm32f1xx_ll_usart.o(.ARM.exidx.text.LL_USART_DeInit), (8 bytes).
    Removing stm32f1xx_ll_usart.o(.ARM.exidx.text.LL_USART_Init), (8 bytes).
    Removing stm32f1xx_ll_usart.o(.text.LL_USART_StructInit), (22 bytes).
    Removing stm32f1xx_ll_usart.o(.ARM.exidx.text.LL_USART_StructInit), (8 bytes).
    Removing stm32f1xx_ll_usart.o(.text.LL_USART_ClockInit), (216 bytes).
    Removing stm32f1xx_ll_usart.o(.ARM.exidx.text.LL_USART_ClockInit), (8 bytes).
    Removing stm32f1xx_ll_usart.o(.text.LL_USART_ClockStructInit), (12 bytes).
    Removing stm32f1xx_ll_usart.o(.ARM.exidx.text.LL_USART_ClockStructInit), (8 bytes).
    Removing stm32f1xx_ll_rcc.o(.text), (0 bytes).
    Removing stm32f1xx_ll_rcc.o(.text.LL_RCC_DeInit), (88 bytes).
    Removing stm32f1xx_ll_rcc.o(.ARM.exidx.text.LL_RCC_DeInit), (8 bytes).
    Removing stm32f1xx_ll_rcc.o(.ARM.exidx.text.LL_RCC_GetSystemClocksFreq), (8 bytes).
    Removing stm32f1xx_ll_rcc.o(.ARM.exidx.text.RCC_GetSystemClockFreq), (8 bytes).
    Removing stm32f1xx_ll_rcc.o(.text.RCC_GetHCLKClockFreq), (24 bytes).
    Removing stm32f1xx_ll_rcc.o(.ARM.exidx.text.RCC_GetHCLKClockFreq), (8 bytes).
    Removing stm32f1xx_ll_rcc.o(.text.RCC_GetPCLK1ClockFreq), (24 bytes).
    Removing stm32f1xx_ll_rcc.o(.ARM.exidx.text.RCC_GetPCLK1ClockFreq), (8 bytes).
    Removing stm32f1xx_ll_rcc.o(.text.RCC_GetPCLK2ClockFreq), (24 bytes).
    Removing stm32f1xx_ll_rcc.o(.ARM.exidx.text.RCC_GetPCLK2ClockFreq), (8 bytes).
    Removing stm32f1xx_ll_rcc.o(.text.LL_RCC_GetUSBClockFreq), (72 bytes).
    Removing stm32f1xx_ll_rcc.o(.ARM.exidx.text.LL_RCC_GetUSBClockFreq), (8 bytes).
    Removing stm32f1xx_ll_rcc.o(.ARM.exidx.text.RCC_PLL_GetFreqDomain_SYS), (8 bytes).
    Removing stm32f1xx_ll_rcc.o(.text.LL_RCC_GetADCClockFreq), (96 bytes).
    Removing stm32f1xx_ll_rcc.o(.ARM.exidx.text.LL_RCC_GetADCClockFreq), (8 bytes).
    Removing stm32f1xx_ll_rcc.o(.rodata.str1.1), (55 bytes).
    Removing stm32f1xx_ll_utils.o(.text), (0 bytes).
    Removing stm32f1xx_ll_utils.o(.ARM.exidx.text.LL_Init1msTick), (8 bytes).
    Removing stm32f1xx_ll_utils.o(.text.LL_mDelay), (40 bytes).
    Removing stm32f1xx_ll_utils.o(.ARM.exidx.text.LL_mDelay), (8 bytes).
    Removing stm32f1xx_ll_utils.o(.ARM.exidx.text.LL_SetSystemCoreClock), (8 bytes).
    Removing stm32f1xx_ll_utils.o(.text.LL_PLL_ConfigSystemClock_HSI), (84 bytes).
    Removing stm32f1xx_ll_utils.o(.ARM.exidx.text.LL_PLL_ConfigSystemClock_HSI), (8 bytes).
    Removing stm32f1xx_ll_utils.o(.text.UTILS_GetPLLOutputFrequency), (76 bytes).
    Removing stm32f1xx_ll_utils.o(.ARM.exidx.text.UTILS_GetPLLOutputFrequency), (8 bytes).
    Removing stm32f1xx_ll_utils.o(.text.UTILS_EnablePLLAndSwitchSystem), (284 bytes).
    Removing stm32f1xx_ll_utils.o(.ARM.exidx.text.UTILS_EnablePLLAndSwitchSystem), (8 bytes).
    Removing stm32f1xx_ll_utils.o(.text.LL_PLL_ConfigSystemClock_HSE), (176 bytes).
    Removing stm32f1xx_ll_utils.o(.ARM.exidx.text.LL_PLL_ConfigSystemClock_HSE), (8 bytes).
    Removing stm32f1xx_ll_utils.o(.text.UTILS_SetFlashLatency), (64 bytes).
    Removing stm32f1xx_ll_utils.o(.ARM.exidx.text.UTILS_SetFlashLatency), (8 bytes).
    Removing stm32f1xx_ll_utils.o(.rodata.str1.1), (57 bytes).
    Removing stm32f1xx_ll_exti.o(.text), (0 bytes).
    Removing stm32f1xx_ll_exti.o(.text.LL_EXTI_DeInit), (32 bytes).
    Removing stm32f1xx_ll_exti.o(.ARM.exidx.text.LL_EXTI_DeInit), (8 bytes).
    Removing stm32f1xx_ll_exti.o(.text.LL_EXTI_Init), (204 bytes).
    Removing stm32f1xx_ll_exti.o(.ARM.exidx.text.LL_EXTI_Init), (8 bytes).
    Removing stm32f1xx_ll_exti.o(.text.LL_EXTI_StructInit), (12 bytes).
    Removing stm32f1xx_ll_exti.o(.ARM.exidx.text.LL_EXTI_StructInit), (8 bytes).
    Removing stm32f1xx_ll_exti.o(.rodata.str1.1), (56 bytes).
    Removing stm32f1xx_hal.o(.text), (0 bytes).
    Removing stm32f1xx_hal.o(.ARM.exidx.text.HAL_Init), (8 bytes).
    Removing stm32f1xx_hal.o(.ARM.exidx.text.HAL_InitTick), (8 bytes).
    Removing stm32f1xx_hal.o(.text.HAL_MspInit), (2 bytes).
    Removing stm32f1xx_hal.o(.ARM.exidx.text.HAL_MspInit), (8 bytes).
    Removing stm32f1xx_hal.o(.text.HAL_DeInit), (32 bytes).
    Removing stm32f1xx_hal.o(.ARM.exidx.text.HAL_DeInit), (8 bytes).
    Removing stm32f1xx_hal.o(.text.HAL_MspDeInit), (2 bytes).
    Removing stm32f1xx_hal.o(.ARM.exidx.text.HAL_MspDeInit), (8 bytes).
    Removing stm32f1xx_hal.o(.ARM.exidx.text.HAL_IncTick), (8 bytes).
    Removing stm32f1xx_hal.o(.text.HAL_GetTick), (12 bytes).
    Removing stm32f1xx_hal.o(.ARM.exidx.text.HAL_GetTick), (8 bytes).
    Removing stm32f1xx_hal.o(.text.HAL_GetTickPrio), (12 bytes).
    Removing stm32f1xx_hal.o(.ARM.exidx.text.HAL_GetTickPrio), (8 bytes).
    Removing stm32f1xx_hal.o(.text.HAL_SetTickFreq), (108 bytes).
    Removing stm32f1xx_hal.o(.ARM.exidx.text.HAL_SetTickFreq), (8 bytes).
    Removing stm32f1xx_hal.o(.text.HAL_GetTickFreq), (12 bytes).
    Removing stm32f1xx_hal.o(.ARM.exidx.text.HAL_GetTickFreq), (8 bytes).
    Removing stm32f1xx_hal.o(.text.HAL_Delay), (36 bytes).
    Removing stm32f1xx_hal.o(.ARM.exidx.text.HAL_Delay), (8 bytes).
    Removing stm32f1xx_hal.o(.text.HAL_SuspendTick), (16 bytes).
    Removing stm32f1xx_hal.o(.ARM.exidx.text.HAL_SuspendTick), (8 bytes).
    Removing stm32f1xx_hal.o(.text.HAL_ResumeTick), (16 bytes).
    Removing stm32f1xx_hal.o(.ARM.exidx.text.HAL_ResumeTick), (8 bytes).
    Removing stm32f1xx_hal.o(.text.HAL_GetHalVersion), (8 bytes).
    Removing stm32f1xx_hal.o(.ARM.exidx.text.HAL_GetHalVersion), (8 bytes).
    Removing stm32f1xx_hal.o(.text.HAL_GetREVID), (12 bytes).
    Removing stm32f1xx_hal.o(.ARM.exidx.text.HAL_GetREVID), (8 bytes).
    Removing stm32f1xx_hal.o(.text.HAL_GetDEVID), (16 bytes).
    Removing stm32f1xx_hal.o(.ARM.exidx.text.HAL_GetDEVID), (8 bytes).
    Removing stm32f1xx_hal.o(.text.HAL_GetUIDw0), (12 bytes).
    Removing stm32f1xx_hal.o(.ARM.exidx.text.HAL_GetUIDw0), (8 bytes).
    Removing stm32f1xx_hal.o(.text.HAL_GetUIDw1), (12 bytes).
    Removing stm32f1xx_hal.o(.ARM.exidx.text.HAL_GetUIDw1), (8 bytes).
    Removing stm32f1xx_hal.o(.text.HAL_GetUIDw2), (12 bytes).
    Removing stm32f1xx_hal.o(.ARM.exidx.text.HAL_GetUIDw2), (8 bytes).
    Removing stm32f1xx_hal.o(.text.HAL_DBGMCU_EnableDBGSleepMode), (16 bytes).
    Removing stm32f1xx_hal.o(.ARM.exidx.text.HAL_DBGMCU_EnableDBGSleepMode), (8 bytes).
    Removing stm32f1xx_hal.o(.text.HAL_DBGMCU_DisableDBGSleepMode), (16 bytes).
    Removing stm32f1xx_hal.o(.ARM.exidx.text.HAL_DBGMCU_DisableDBGSleepMode), (8 bytes).
    Removing stm32f1xx_hal.o(.text.HAL_DBGMCU_EnableDBGStopMode), (16 bytes).
    Removing stm32f1xx_hal.o(.ARM.exidx.text.HAL_DBGMCU_EnableDBGStopMode), (8 bytes).
    Removing stm32f1xx_hal.o(.text.HAL_DBGMCU_DisableDBGStopMode), (16 bytes).
    Removing stm32f1xx_hal.o(.ARM.exidx.text.HAL_DBGMCU_DisableDBGStopMode), (8 bytes).
    Removing stm32f1xx_hal.o(.text.HAL_DBGMCU_EnableDBGStandbyMode), (16 bytes).
    Removing stm32f1xx_hal.o(.ARM.exidx.text.HAL_DBGMCU_EnableDBGStandbyMode), (8 bytes).
    Removing stm32f1xx_hal.o(.text.HAL_DBGMCU_DisableDBGStandbyMode), (16 bytes).
    Removing stm32f1xx_hal.o(.ARM.exidx.text.HAL_DBGMCU_DisableDBGStandbyMode), (8 bytes).
    Removing stm32f1xx_hal_rcc.o(.text), (0 bytes).
    Removing stm32f1xx_hal_rcc.o(.text.HAL_RCC_DeInit), (212 bytes).
    Removing stm32f1xx_hal_rcc.o(.ARM.exidx.text.HAL_RCC_DeInit), (8 bytes).
    Removing stm32f1xx_hal_rcc.o(.text.HAL_RCC_OscConfig), (1044 bytes).
    Removing stm32f1xx_hal_rcc.o(.ARM.exidx.text.HAL_RCC_OscConfig), (8 bytes).
    Removing stm32f1xx_hal_rcc.o(.text.HAL_RCC_ClockConfig), (556 bytes).
    Removing stm32f1xx_hal_rcc.o(.ARM.exidx.text.HAL_RCC_ClockConfig), (8 bytes).
    Removing stm32f1xx_hal_rcc.o(.text.HAL_RCC_GetSysClockFreq), (88 bytes).
    Removing stm32f1xx_hal_rcc.o(.ARM.exidx.text.HAL_RCC_GetSysClockFreq), (8 bytes).
    Removing stm32f1xx_hal_rcc.o(.text.HAL_RCC_MCOConfig), (148 bytes).
    Removing stm32f1xx_hal_rcc.o(.ARM.exidx.text.HAL_RCC_MCOConfig), (8 bytes).
    Removing stm32f1xx_hal_rcc.o(.text.HAL_RCC_EnableCSS), (12 bytes).
    Removing stm32f1xx_hal_rcc.o(.ARM.exidx.text.HAL_RCC_EnableCSS), (8 bytes).
    Removing stm32f1xx_hal_rcc.o(.text.HAL_RCC_DisableCSS), (12 bytes).
    Removing stm32f1xx_hal_rcc.o(.ARM.exidx.text.HAL_RCC_DisableCSS), (8 bytes).
    Removing stm32f1xx_hal_rcc.o(.text.HAL_RCC_GetHCLKFreq), (12 bytes).
    Removing stm32f1xx_hal_rcc.o(.ARM.exidx.text.HAL_RCC_GetHCLKFreq), (8 bytes).
    Removing stm32f1xx_hal_rcc.o(.text.HAL_RCC_GetPCLK1Freq), (32 bytes).
    Removing stm32f1xx_hal_rcc.o(.ARM.exidx.text.HAL_RCC_GetPCLK1Freq), (8 bytes).
    Removing stm32f1xx_hal_rcc.o(.text.HAL_RCC_GetPCLK2Freq), (32 bytes).
    Removing stm32f1xx_hal_rcc.o(.ARM.exidx.text.HAL_RCC_GetPCLK2Freq), (8 bytes).
    Removing stm32f1xx_hal_rcc.o(.text.HAL_RCC_GetOscConfig), (144 bytes).
    Removing stm32f1xx_hal_rcc.o(.ARM.exidx.text.HAL_RCC_GetOscConfig), (8 bytes).
    Removing stm32f1xx_hal_rcc.o(.text.HAL_RCC_GetClockConfig), (96 bytes).
    Removing stm32f1xx_hal_rcc.o(.ARM.exidx.text.HAL_RCC_GetClockConfig), (8 bytes).
    Removing stm32f1xx_hal_rcc.o(.text.HAL_RCC_NMI_IRQHandler), (28 bytes).
    Removing stm32f1xx_hal_rcc.o(.ARM.exidx.text.HAL_RCC_NMI_IRQHandler), (8 bytes).
    Removing stm32f1xx_hal_rcc.o(.text.HAL_RCC_CSSCallback), (2 bytes).
    Removing stm32f1xx_hal_rcc.o(.ARM.exidx.text.HAL_RCC_CSSCallback), (8 bytes).
    Removing stm32f1xx_hal_rcc.o(.rodata.str1.1), (56 bytes).
    Removing stm32f1xx_hal_rcc_ex.o(.text), (0 bytes).
    Removing stm32f1xx_hal_rcc_ex.o(.text.HAL_RCCEx_PeriphCLKConfig), (324 bytes).
    Removing stm32f1xx_hal_rcc_ex.o(.ARM.exidx.text.HAL_RCCEx_PeriphCLKConfig), (8 bytes).
    Removing stm32f1xx_hal_rcc_ex.o(.text.HAL_RCCEx_GetPeriphCLKConfig), (36 bytes).
    Removing stm32f1xx_hal_rcc_ex.o(.ARM.exidx.text.HAL_RCCEx_GetPeriphCLKConfig), (8 bytes).
    Removing stm32f1xx_hal_rcc_ex.o(.text.HAL_RCCEx_GetPeriphCLKFreq), (220 bytes).
    Removing stm32f1xx_hal_rcc_ex.o(.ARM.exidx.text.HAL_RCCEx_GetPeriphCLKFreq), (8 bytes).
    Removing stm32f1xx_hal_rcc_ex.o(.rodata.str1.1), (59 bytes).
    Removing stm32f1xx_hal_gpio.o(.text), (0 bytes).
    Removing stm32f1xx_hal_gpio.o(.text.HAL_GPIO_Init), (784 bytes).
    Removing stm32f1xx_hal_gpio.o(.ARM.exidx.text.HAL_GPIO_Init), (8 bytes).
    Removing stm32f1xx_hal_gpio.o(.text.HAL_GPIO_DeInit), (304 bytes).
    Removing stm32f1xx_hal_gpio.o(.ARM.exidx.text.HAL_GPIO_DeInit), (8 bytes).
    Removing stm32f1xx_hal_gpio.o(.text.HAL_GPIO_ReadPin), (32 bytes).
    Removing stm32f1xx_hal_gpio.o(.ARM.exidx.text.HAL_GPIO_ReadPin), (8 bytes).
    Removing stm32f1xx_hal_gpio.o(.text.HAL_GPIO_WritePin), (48 bytes).
    Removing stm32f1xx_hal_gpio.o(.ARM.exidx.text.HAL_GPIO_WritePin), (8 bytes).
    Removing stm32f1xx_hal_gpio.o(.text.HAL_GPIO_TogglePin), (36 bytes).
    Removing stm32f1xx_hal_gpio.o(.ARM.exidx.text.HAL_GPIO_TogglePin), (8 bytes).
    Removing stm32f1xx_hal_gpio.o(.text.HAL_GPIO_LockPin), (88 bytes).
    Removing stm32f1xx_hal_gpio.o(.ARM.exidx.text.HAL_GPIO_LockPin), (8 bytes).
    Removing stm32f1xx_hal_gpio.o(.text.HAL_GPIO_EXTI_IRQHandler), (20 bytes).
    Removing stm32f1xx_hal_gpio.o(.ARM.exidx.text.HAL_GPIO_EXTI_IRQHandler), (8 bytes).
    Removing stm32f1xx_hal_gpio.o(.text.HAL_GPIO_EXTI_Callback), (2 bytes).
    Removing stm32f1xx_hal_gpio.o(.ARM.exidx.text.HAL_GPIO_EXTI_Callback), (8 bytes).
    Removing stm32f1xx_hal_gpio.o(.rodata.str1.1), (57 bytes).
    Removing stm32f1xx_hal_dma.o(.text), (0 bytes).
    Removing stm32f1xx_hal_dma.o(.text.HAL_DMA_Init), (328 bytes).
    Removing stm32f1xx_hal_dma.o(.ARM.exidx.text.HAL_DMA_Init), (8 bytes).
    Removing stm32f1xx_hal_dma.o(.text.HAL_DMA_DeInit), (164 bytes).
    Removing stm32f1xx_hal_dma.o(.ARM.exidx.text.HAL_DMA_DeInit), (8 bytes).
    Removing stm32f1xx_hal_dma.o(.text.HAL_DMA_Start), (116 bytes).
    Removing stm32f1xx_hal_dma.o(.ARM.exidx.text.HAL_DMA_Start), (8 bytes).
    Removing stm32f1xx_hal_dma.o(.text.DMA_SetConfig), (40 bytes).
    Removing stm32f1xx_hal_dma.o(.ARM.exidx.text.DMA_SetConfig), (8 bytes).
    Removing stm32f1xx_hal_dma.o(.text.HAL_DMA_Start_IT), (140 bytes).
    Removing stm32f1xx_hal_dma.o(.ARM.exidx.text.HAL_DMA_Start_IT), (8 bytes).
    Removing stm32f1xx_hal_dma.o(.text.HAL_DMA_Abort), (62 bytes).
    Removing stm32f1xx_hal_dma.o(.ARM.exidx.text.HAL_DMA_Abort), (8 bytes).
    Removing stm32f1xx_hal_dma.o(.text.HAL_DMA_Abort_IT), (156 bytes).
    Removing stm32f1xx_hal_dma.o(.ARM.exidx.text.HAL_DMA_Abort_IT), (8 bytes).
    Removing stm32f1xx_hal_dma.o(.text.HAL_DMA_PollForTransfer), (560 bytes).
    Removing stm32f1xx_hal_dma.o(.ARM.exidx.text.HAL_DMA_PollForTransfer), (8 bytes).
    Removing stm32f1xx_hal_dma.o(.text.HAL_DMA_IRQHandler), (320 bytes).
    Removing stm32f1xx_hal_dma.o(.ARM.exidx.text.HAL_DMA_IRQHandler), (8 bytes).
    Removing stm32f1xx_hal_dma.o(.text.HAL_DMA_RegisterCallback), (76 bytes).
    Removing stm32f1xx_hal_dma.o(.ARM.exidx.text.HAL_DMA_RegisterCallback), (8 bytes).
    Removing stm32f1xx_hal_dma.o(.text.HAL_DMA_UnRegisterCallback), (86 bytes).
    Removing stm32f1xx_hal_dma.o(.ARM.exidx.text.HAL_DMA_UnRegisterCallback), (8 bytes).
    Removing stm32f1xx_hal_dma.o(.text.HAL_DMA_GetState), (6 bytes).
    Removing stm32f1xx_hal_dma.o(.ARM.exidx.text.HAL_DMA_GetState), (8 bytes).
    Removing stm32f1xx_hal_dma.o(.text.HAL_DMA_GetError), (4 bytes).
    Removing stm32f1xx_hal_dma.o(.ARM.exidx.text.HAL_DMA_GetError), (8 bytes).
    Removing stm32f1xx_hal_dma.o(.rodata.str1.1), (56 bytes).
    Removing stm32f1xx_hal_cortex.o(.text), (0 bytes).
    Removing stm32f1xx_hal_cortex.o(.ARM.exidx.text.HAL_NVIC_SetPriorityGrouping), (8 bytes).
    Removing stm32f1xx_hal_cortex.o(.ARM.exidx.text.HAL_NVIC_SetPriority), (8 bytes).
    Removing stm32f1xx_hal_cortex.o(.ARM.exidx.text.__NVIC_SetPriority), (8 bytes).
    Removing stm32f1xx_hal_cortex.o(.text.HAL_NVIC_EnableIRQ), (44 bytes).
    Removing stm32f1xx_hal_cortex.o(.ARM.exidx.text.HAL_NVIC_EnableIRQ), (8 bytes).
    Removing stm32f1xx_hal_cortex.o(.text.HAL_NVIC_DisableIRQ), (52 bytes).
    Removing stm32f1xx_hal_cortex.o(.ARM.exidx.text.HAL_NVIC_DisableIRQ), (8 bytes).
    Removing stm32f1xx_hal_cortex.o(.text.HAL_NVIC_SystemReset), (4 bytes).
    Removing stm32f1xx_hal_cortex.o(.ARM.exidx.text.HAL_NVIC_SystemReset), (8 bytes).
    Removing stm32f1xx_hal_cortex.o(.text.__NVIC_SystemReset), (36 bytes).
    Removing stm32f1xx_hal_cortex.o(.ARM.exidx.text.__NVIC_SystemReset), (8 bytes).
    Removing stm32f1xx_hal_cortex.o(.ARM.exidx.text.HAL_SYSTICK_Config), (8 bytes).
    Removing stm32f1xx_hal_cortex.o(.text.HAL_NVIC_GetPriorityGrouping), (16 bytes).
    Removing stm32f1xx_hal_cortex.o(.ARM.exidx.text.HAL_NVIC_GetPriorityGrouping), (8 bytes).
    Removing stm32f1xx_hal_cortex.o(.text.HAL_NVIC_GetPriority), (108 bytes).
    Removing stm32f1xx_hal_cortex.o(.ARM.exidx.text.HAL_NVIC_GetPriority), (8 bytes).
    Removing stm32f1xx_hal_cortex.o(.text.HAL_NVIC_SetPendingIRQ), (44 bytes).
    Removing stm32f1xx_hal_cortex.o(.ARM.exidx.text.HAL_NVIC_SetPendingIRQ), (8 bytes).
    Removing stm32f1xx_hal_cortex.o(.text.HAL_NVIC_GetPendingIRQ), (56 bytes).
    Removing stm32f1xx_hal_cortex.o(.ARM.exidx.text.HAL_NVIC_GetPendingIRQ), (8 bytes).
    Removing stm32f1xx_hal_cortex.o(.text.HAL_NVIC_ClearPendingIRQ), (44 bytes).
    Removing stm32f1xx_hal_cortex.o(.ARM.exidx.text.HAL_NVIC_ClearPendingIRQ), (8 bytes).
    Removing stm32f1xx_hal_cortex.o(.text.HAL_NVIC_GetActive), (56 bytes).
    Removing stm32f1xx_hal_cortex.o(.ARM.exidx.text.HAL_NVIC_GetActive), (8 bytes).
    Removing stm32f1xx_hal_cortex.o(.text.HAL_SYSTICK_CLKSourceConfig), (52 bytes).
    Removing stm32f1xx_hal_cortex.o(.ARM.exidx.text.HAL_SYSTICK_CLKSourceConfig), (8 bytes).
    Removing stm32f1xx_hal_cortex.o(.text.HAL_SYSTICK_IRQHandler), (4 bytes).
    Removing stm32f1xx_hal_cortex.o(.ARM.exidx.text.HAL_SYSTICK_IRQHandler), (8 bytes).
    Removing stm32f1xx_hal_cortex.o(.text.HAL_SYSTICK_Callback), (2 bytes).
    Removing stm32f1xx_hal_cortex.o(.ARM.exidx.text.HAL_SYSTICK_Callback), (8 bytes).
    Removing stm32f1xx_hal_pwr.o(.text), (0 bytes).
    Removing stm32f1xx_hal_pwr.o(.text.HAL_PWR_DeInit), (24 bytes).
    Removing stm32f1xx_hal_pwr.o(.ARM.exidx.text.HAL_PWR_DeInit), (8 bytes).
    Removing stm32f1xx_hal_pwr.o(.text.HAL_PWR_EnableBkUpAccess), (12 bytes).
    Removing stm32f1xx_hal_pwr.o(.ARM.exidx.text.HAL_PWR_EnableBkUpAccess), (8 bytes).
    Removing stm32f1xx_hal_pwr.o(.text.HAL_PWR_DisableBkUpAccess), (12 bytes).
    Removing stm32f1xx_hal_pwr.o(.ARM.exidx.text.HAL_PWR_DisableBkUpAccess), (8 bytes).
    Removing stm32f1xx_hal_pwr.o(.text.HAL_PWR_ConfigPVD), (168 bytes).
    Removing stm32f1xx_hal_pwr.o(.ARM.exidx.text.HAL_PWR_ConfigPVD), (8 bytes).
    Removing stm32f1xx_hal_pwr.o(.text.HAL_PWR_EnablePVD), (12 bytes).
    Removing stm32f1xx_hal_pwr.o(.ARM.exidx.text.HAL_PWR_EnablePVD), (8 bytes).
    Removing stm32f1xx_hal_pwr.o(.text.HAL_PWR_DisablePVD), (12 bytes).
    Removing stm32f1xx_hal_pwr.o(.ARM.exidx.text.HAL_PWR_DisablePVD), (8 bytes).
    Removing stm32f1xx_hal_pwr.o(.text.HAL_PWR_EnableWakeUpPin), (48 bytes).
    Removing stm32f1xx_hal_pwr.o(.ARM.exidx.text.HAL_PWR_EnableWakeUpPin), (8 bytes).
    Removing stm32f1xx_hal_pwr.o(.text.HAL_PWR_DisableWakeUpPin), (48 bytes).
    Removing stm32f1xx_hal_pwr.o(.ARM.exidx.text.HAL_PWR_DisableWakeUpPin), (8 bytes).
    Removing stm32f1xx_hal_pwr.o(.text.HAL_PWR_EnterSLEEPMode), (64 bytes).
    Removing stm32f1xx_hal_pwr.o(.ARM.exidx.text.HAL_PWR_EnterSLEEPMode), (8 bytes).
    Removing stm32f1xx_hal_pwr.o(.text.HAL_PWR_EnterSTOPMode), (108 bytes).
    Removing stm32f1xx_hal_pwr.o(.ARM.exidx.text.HAL_PWR_EnterSTOPMode), (8 bytes).
    Removing stm32f1xx_hal_pwr.o(.text.PWR_OverloadWfe), (6 bytes).
    Removing stm32f1xx_hal_pwr.o(.ARM.exidx.text.PWR_OverloadWfe), (8 bytes).
    Removing stm32f1xx_hal_pwr.o(.text.HAL_PWR_EnterSTANDBYMode), (32 bytes).
    Removing stm32f1xx_hal_pwr.o(.ARM.exidx.text.HAL_PWR_EnterSTANDBYMode), (8 bytes).
    Removing stm32f1xx_hal_pwr.o(.text.HAL_PWR_EnableSleepOnExit), (16 bytes).
    Removing stm32f1xx_hal_pwr.o(.ARM.exidx.text.HAL_PWR_EnableSleepOnExit), (8 bytes).
    Removing stm32f1xx_hal_pwr.o(.text.HAL_PWR_DisableSleepOnExit), (16 bytes).
    Removing stm32f1xx_hal_pwr.o(.ARM.exidx.text.HAL_PWR_DisableSleepOnExit), (8 bytes).
    Removing stm32f1xx_hal_pwr.o(.text.HAL_PWR_EnableSEVOnPend), (16 bytes).
    Removing stm32f1xx_hal_pwr.o(.ARM.exidx.text.HAL_PWR_EnableSEVOnPend), (8 bytes).
    Removing stm32f1xx_hal_pwr.o(.text.HAL_PWR_DisableSEVOnPend), (16 bytes).
    Removing stm32f1xx_hal_pwr.o(.ARM.exidx.text.HAL_PWR_DisableSEVOnPend), (8 bytes).
    Removing stm32f1xx_hal_pwr.o(.text.HAL_PWR_PVD_IRQHandler), (28 bytes).
    Removing stm32f1xx_hal_pwr.o(.ARM.exidx.text.HAL_PWR_PVD_IRQHandler), (8 bytes).
    Removing stm32f1xx_hal_pwr.o(.text.HAL_PWR_PVDCallback), (2 bytes).
    Removing stm32f1xx_hal_pwr.o(.ARM.exidx.text.HAL_PWR_PVDCallback), (8 bytes).
    Removing stm32f1xx_hal_pwr.o(.rodata.str1.1), (56 bytes).
    Removing stm32f1xx_hal_flash.o(.text), (0 bytes).
    Removing stm32f1xx_hal_flash.o(.text.HAL_FLASH_Program), (240 bytes).
    Removing stm32f1xx_hal_flash.o(.ARM.exidx.text.HAL_FLASH_Program), (8 bytes).
    Removing stm32f1xx_hal_flash.o(.text.FLASH_WaitForLastOperation), (88 bytes).
    Removing stm32f1xx_hal_flash.o(.ARM.exidx.text.FLASH_WaitForLastOperation), (8 bytes).
    Removing stm32f1xx_hal_flash.o(.text.HAL_FLASH_Program_IT), (188 bytes).
    Removing stm32f1xx_hal_flash.o(.ARM.exidx.text.HAL_FLASH_Program_IT), (8 bytes).
    Removing stm32f1xx_hal_flash.o(.text.HAL_FLASH_IRQHandler), (296 bytes).
    Removing stm32f1xx_hal_flash.o(.ARM.exidx.text.HAL_FLASH_IRQHandler), (8 bytes).
    Removing stm32f1xx_hal_flash.o(.text.FLASH_SetErrorCode), (80 bytes).
    Removing stm32f1xx_hal_flash.o(.ARM.exidx.text.FLASH_SetErrorCode), (8 bytes).
    Removing stm32f1xx_hal_flash.o(.text.HAL_FLASH_OperationErrorCallback), (2 bytes).
    Removing stm32f1xx_hal_flash.o(.ARM.exidx.text.HAL_FLASH_OperationErrorCallback), (8 bytes).
    Removing stm32f1xx_hal_flash.o(.text.HAL_FLASH_EndOfOperationCallback), (2 bytes).
    Removing stm32f1xx_hal_flash.o(.ARM.exidx.text.HAL_FLASH_EndOfOperationCallback), (8 bytes).
    Removing stm32f1xx_hal_flash.o(.text.HAL_FLASH_Unlock), (40 bytes).
    Removing stm32f1xx_hal_flash.o(.ARM.exidx.text.HAL_FLASH_Unlock), (8 bytes).
    Removing stm32f1xx_hal_flash.o(.text.HAL_FLASH_Lock), (20 bytes).
    Removing stm32f1xx_hal_flash.o(.ARM.exidx.text.HAL_FLASH_Lock), (8 bytes).
    Removing stm32f1xx_hal_flash.o(.text.HAL_FLASH_OB_Unlock), (36 bytes).
    Removing stm32f1xx_hal_flash.o(.ARM.exidx.text.HAL_FLASH_OB_Unlock), (8 bytes).
    Removing stm32f1xx_hal_flash.o(.text.HAL_FLASH_OB_Lock), (20 bytes).
    Removing stm32f1xx_hal_flash.o(.ARM.exidx.text.HAL_FLASH_OB_Lock), (8 bytes).
    Removing stm32f1xx_hal_flash.o(.text.HAL_FLASH_OB_Launch), (4 bytes).
    Removing stm32f1xx_hal_flash.o(.ARM.exidx.text.HAL_FLASH_OB_Launch), (8 bytes).
    Removing stm32f1xx_hal_flash.o(.text.HAL_FLASH_GetError), (12 bytes).
    Removing stm32f1xx_hal_flash.o(.ARM.exidx.text.HAL_FLASH_GetError), (8 bytes).
    Removing stm32f1xx_hal_flash.o(.bss.pFlash), (32 bytes).
    Removing stm32f1xx_hal_flash.o(.rodata.str1.1), (58 bytes).
    Removing stm32f1xx_hal_flash_ex.o(.text), (0 bytes).
    Removing stm32f1xx_hal_flash_ex.o(.text.HAL_FLASHEx_Erase), (364 bytes).
    Removing stm32f1xx_hal_flash_ex.o(.ARM.exidx.text.HAL_FLASHEx_Erase), (8 bytes).
    Removing stm32f1xx_hal_flash_ex.o(.text.FLASH_PageErase), (36 bytes).
    Removing stm32f1xx_hal_flash_ex.o(.ARM.exidx.text.FLASH_PageErase), (8 bytes).
    Removing stm32f1xx_hal_flash_ex.o(.text.HAL_FLASHEx_Erase_IT), (304 bytes).
    Removing stm32f1xx_hal_flash_ex.o(.ARM.exidx.text.HAL_FLASHEx_Erase_IT), (8 bytes).
    Removing stm32f1xx_hal_flash_ex.o(.text.HAL_FLASHEx_OBErase), (88 bytes).
    Removing stm32f1xx_hal_flash_ex.o(.ARM.exidx.text.HAL_FLASHEx_OBErase), (8 bytes).
    Removing stm32f1xx_hal_flash_ex.o(.text.FLASH_OB_RDP_LevelConfig), (124 bytes).
    Removing stm32f1xx_hal_flash_ex.o(.ARM.exidx.text.FLASH_OB_RDP_LevelConfig), (8 bytes).
    Removing stm32f1xx_hal_flash_ex.o(.text.HAL_FLASHEx_OBProgram), (648 bytes).
    Removing stm32f1xx_hal_flash_ex.o(.ARM.exidx.text.HAL_FLASHEx_OBProgram), (8 bytes).
    Removing stm32f1xx_hal_flash_ex.o(.text.HAL_FLASHEx_OBGetConfig), (40 bytes).
    Removing stm32f1xx_hal_flash_ex.o(.ARM.exidx.text.HAL_FLASHEx_OBGetConfig), (8 bytes).
    Removing stm32f1xx_hal_flash_ex.o(.text.HAL_FLASHEx_OBGetUserData), (28 bytes).
    Removing stm32f1xx_hal_flash_ex.o(.ARM.exidx.text.HAL_FLASHEx_OBGetUserData), (8 bytes).
    Removing stm32f1xx_hal_flash_ex.o(.rodata.str1.1), (61 bytes).
    Removing system_stm32f1xx.o(.text), (0 bytes).
    Removing system_stm32f1xx.o(.ARM.exidx.text.SystemInit), (8 bytes).
    Removing system_stm32f1xx.o(.text.SystemCoreClockUpdate), (84 bytes).
    Removing system_stm32f1xx.o(.ARM.exidx.text.SystemCoreClockUpdate), (8 bytes).
    Removing diskio.o(.text), (0 bytes).
    Removing diskio.o(.text.disk_status), (20 bytes).
    Removing diskio.o(.ARM.exidx.text.disk_status), (8 bytes).
    Removing diskio.o(.text.disk_initialize), (32 bytes).
    Removing diskio.o(.ARM.exidx.text.disk_initialize), (8 bytes).
    Removing diskio.o(.text.disk_read), (32 bytes).
    Removing diskio.o(.ARM.exidx.text.disk_read), (8 bytes).
    Removing diskio.o(.text.disk_write), (32 bytes).
    Removing diskio.o(.ARM.exidx.text.disk_write), (8 bytes).
    Removing diskio.o(.text.disk_ioctl), (24 bytes).
    Removing diskio.o(.ARM.exidx.text.disk_ioctl), (8 bytes).
    Removing diskio.o(.text.get_fattime), (4 bytes).
    Removing diskio.o(.ARM.exidx.text.get_fattime), (8 bytes).
    Removing ff.o(.text), (0 bytes).
    Removing ff.o(.text.clust2sect), (28 bytes).
    Removing ff.o(.ARM.exidx.text.clust2sect), (8 bytes).
    Removing ff.o(.text.get_fat), (196 bytes).
    Removing ff.o(.ARM.exidx.text.get_fat), (8 bytes).
    Removing ff.o(.text.move_window), (60 bytes).
    Removing ff.o(.ARM.exidx.text.move_window), (8 bytes).
    Removing ff.o(.text.put_fat), (244 bytes).
    Removing ff.o(.ARM.exidx.text.put_fat), (8 bytes).
    Removing ff.o(.text.f_mount), (88 bytes).
    Removing ff.o(.ARM.exidx.text.f_mount), (8 bytes).
    Removing ff.o(.text.get_ldnumber), (66 bytes).
    Removing ff.o(.ARM.exidx.text.get_ldnumber), (8 bytes).
    Removing ff.o(.text.clear_lock), (32 bytes).
    Removing ff.o(.ARM.exidx.text.clear_lock), (8 bytes).
    Removing ff.o(.text.find_volume), (612 bytes).
    Removing ff.o(.ARM.exidx.text.find_volume), (8 bytes).
    Removing ff.o(.text.f_open), (412 bytes).
    Removing ff.o(.ARM.exidx.text.f_open), (8 bytes).
    Removing ff.o(.text.follow_path), (432 bytes).
    Removing ff.o(.ARM.exidx.text.follow_path), (8 bytes).
    Removing ff.o(.text.chk_lock), (124 bytes).
    Removing ff.o(.ARM.exidx.text.chk_lock), (8 bytes).
    Removing ff.o(.text.dir_register), (116 bytes).
    Removing ff.o(.ARM.exidx.text.dir_register), (8 bytes).
    Removing ff.o(.text.ld_clust), (34 bytes).
    Removing ff.o(.ARM.exidx.text.ld_clust), (8 bytes).
    Removing ff.o(.text.st_clust), (16 bytes).
    Removing ff.o(.ARM.exidx.text.st_clust), (8 bytes).
    Removing ff.o(.text.remove_chain), (100 bytes).
    Removing ff.o(.ARM.exidx.text.remove_chain), (8 bytes).
    Removing ff.o(.text.inc_lock), (152 bytes).
    Removing ff.o(.ARM.exidx.text.inc_lock), (8 bytes).
    Removing ff.o(.text.f_read), (388 bytes).
    Removing ff.o(.ARM.exidx.text.f_read), (8 bytes).
    Removing ff.o(.text.validate), (52 bytes).
    Removing ff.o(.ARM.exidx.text.validate), (8 bytes).
    Removing ff.o(.text.clmt_clust), (46 bytes).
    Removing ff.o(.ARM.exidx.text.clmt_clust), (8 bytes).
    Removing ff.o(.text.mem_cpy), (18 bytes).
    Removing ff.o(.ARM.exidx.text.mem_cpy), (8 bytes).
    Removing ff.o(.text.f_write), (460 bytes).
    Removing ff.o(.ARM.exidx.text.f_write), (8 bytes).
    Removing ff.o(.text.create_chain), (188 bytes).
    Removing ff.o(.ARM.exidx.text.create_chain), (8 bytes).
    Removing ff.o(.text.f_sync), (184 bytes).
    Removing ff.o(.ARM.exidx.text.f_sync), (8 bytes).
    Removing ff.o(.text.sync_fs), (164 bytes).
    Removing ff.o(.ARM.exidx.text.sync_fs), (8 bytes).
    Removing ff.o(.text.f_close), (38 bytes).
    Removing ff.o(.ARM.exidx.text.f_close), (8 bytes).
    Removing ff.o(.text.dec_lock), (68 bytes).
    Removing ff.o(.ARM.exidx.text.dec_lock), (8 bytes).
    Removing ff.o(.text.f_lseek), (672 bytes).
    Removing ff.o(.ARM.exidx.text.f_lseek), (8 bytes).
    Removing ff.o(.text.f_opendir), (152 bytes).
    Removing ff.o(.ARM.exidx.text.f_opendir), (8 bytes).
    Removing ff.o(.text.dir_sdi), (160 bytes).
    Removing ff.o(.ARM.exidx.text.dir_sdi), (8 bytes).
    Removing ff.o(.text.f_closedir), (32 bytes).
    Removing ff.o(.ARM.exidx.text.f_closedir), (8 bytes).
    Removing ff.o(.text.f_readdir), (82 bytes).
    Removing ff.o(.ARM.exidx.text.f_readdir), (8 bytes).
    Removing ff.o(.text.dir_read), (92 bytes).
    Removing ff.o(.ARM.exidx.text.dir_read), (8 bytes).
    Removing ff.o(.text.get_fileinfo), (78 bytes).
    Removing ff.o(.ARM.exidx.text.get_fileinfo), (8 bytes).
    Removing ff.o(.text.dir_next), (304 bytes).
    Removing ff.o(.ARM.exidx.text.dir_next), (8 bytes).
    Removing ff.o(.text.f_stat), (66 bytes).
    Removing ff.o(.ARM.exidx.text.f_stat), (8 bytes).
    Removing ff.o(.text.f_getfree), (220 bytes).
    Removing ff.o(.ARM.exidx.text.f_getfree), (8 bytes).
    Removing ff.o(.text.f_truncate), (206 bytes).
    Removing ff.o(.ARM.exidx.text.f_truncate), (8 bytes).
    Removing ff.o(.text.f_unlink), (176 bytes).
    Removing ff.o(.ARM.exidx.text.f_unlink), (8 bytes).
    Removing ff.o(.text.dir_remove), (68 bytes).
    Removing ff.o(.ARM.exidx.text.dir_remove), (8 bytes).
    Removing ff.o(.text.f_mkdir), (352 bytes).
    Removing ff.o(.ARM.exidx.text.f_mkdir), (8 bytes).
    Removing ff.o(.text.sync_window), (90 bytes).
    Removing ff.o(.ARM.exidx.text.sync_window), (8 bytes).
    Removing ff.o(.text.mem_set), (14 bytes).
    Removing ff.o(.ARM.exidx.text.mem_set), (8 bytes).
    Removing ff.o(.text.f_chmod), (86 bytes).
    Removing ff.o(.ARM.exidx.text.f_chmod), (8 bytes).
    Removing ff.o(.text.f_rename), (290 bytes).
    Removing ff.o(.ARM.exidx.text.f_rename), (8 bytes).
    Removing ff.o(.text.f_utime), (82 bytes).
    Removing ff.o(.ARM.exidx.text.f_utime), (8 bytes).
    Removing ff.o(.text.f_mkfs), (1436 bytes).
    Removing ff.o(.ARM.exidx.text.f_mkfs), (8 bytes).
    Removing ff.o(.text.f_gets), (88 bytes).
    Removing ff.o(.ARM.exidx.text.f_gets), (8 bytes).
    Removing ff.o(.text.f_putc), (72 bytes).
    Removing ff.o(.ARM.exidx.text.f_putc), (8 bytes).
    Removing ff.o(.text.putc_bfd), (70 bytes).
    Removing ff.o(.ARM.exidx.text.putc_bfd), (8 bytes).
    Removing ff.o(.text.f_puts), (80 bytes).
    Removing ff.o(.ARM.exidx.text.f_puts), (8 bytes).
    Removing ff.o(.text.f_printf), (554 bytes).
    Removing ff.o(.ARM.exidx.text.f_printf), (8 bytes).
    Removing ff.o(.text.check_fs), (116 bytes).
    Removing ff.o(.ARM.exidx.text.check_fs), (8 bytes).
    Removing ff.o(.rodata.str2.2), (22 bytes).
    Removing ff.o(.rodata.f_mkfs.cst), (22 bytes).
    Removing ff.o(.bss.Files), (24 bytes).
    Removing ff.o(.rodata.ExCvt), (128 bytes).
    Removing ff.o(.rodata.str1.1), (15 bytes).
    Removing ff.o(.bss..L_MergedGlobals), (8 bytes).
    Removing ff_gen_drv.o(.text), (0 bytes).
    Removing ff_gen_drv.o(.text.FATFS_LinkDriverEx), (68 bytes).
    Removing ff_gen_drv.o(.ARM.exidx.text.FATFS_LinkDriverEx), (8 bytes).
    Removing ff_gen_drv.o(.text.FATFS_LinkDriver), (6 bytes).
    Removing ff_gen_drv.o(.ARM.exidx.text.FATFS_LinkDriver), (8 bytes).
    Removing ff_gen_drv.o(.text.FATFS_UnLinkDriverEx), (48 bytes).
    Removing ff_gen_drv.o(.ARM.exidx.text.FATFS_UnLinkDriverEx), (8 bytes).
    Removing ff_gen_drv.o(.text.FATFS_UnLinkDriver), (6 bytes).
    Removing ff_gen_drv.o(.ARM.exidx.text.FATFS_UnLinkDriver), (8 bytes).
    Removing ff_gen_drv.o(.text.FATFS_GetAttachedDriversNbr), (12 bytes).
    Removing ff_gen_drv.o(.ARM.exidx.text.FATFS_GetAttachedDriversNbr), (8 bytes).
    Removing ff_gen_drv.o(.bss.disk), (12 bytes).
    Removing syscall.o(.text), (0 bytes).

532 unused section(s) (total 28858 bytes) removed from the image.

==============================================================================

Image Symbol Table

    Local Symbols

    Symbol Name                              Value     Ov Type        Size  Object(Section)

    ../clib/microlib/init/entry.s            0x00000000   Number         0  entry.o ABSOLUTE
    ../clib/microlib/init/entry.s            0x00000000   Number         0  entry2.o ABSOLUTE
    ../clib/microlib/init/entry.s            0x00000000   Number         0  entry5.o ABSOLUTE
    ../clib/microlib/init/entry.s            0x00000000   Number         0  entry7a.o ABSOLUTE
    ../clib/microlib/init/entry.s            0x00000000   Number         0  entry7b.o ABSOLUTE
    ../clib/microlib/init/entry.s            0x00000000   Number         0  entry8a.o ABSOLUTE
    ../clib/microlib/init/entry.s            0x00000000   Number         0  entry8b.o ABSOLUTE
    ../clib/microlib/init/entry.s            0x00000000   Number         0  entry9a.o ABSOLUTE
    ../clib/microlib/init/entry.s            0x00000000   Number         0  entry9b.o ABSOLUTE
    ../clib/microlib/init/entry.s            0x00000000   Number         0  entry10a.o ABSOLUTE
    ../clib/microlib/init/entry.s            0x00000000   Number         0  entry10b.o ABSOLUTE
    ../clib/microlib/init/entry.s            0x00000000   Number         0  entry11a.o ABSOLUTE
    ../clib/microlib/init/entry.s            0x00000000   Number         0  entry11b.o ABSOLUTE
    ../clib/microlib/longlong.c              0x00000000   Number         0  llushr.o ABSOLUTE
    ../clib/microlib/string/memset.c         0x00000000   Number         0  memseta.o ABSOLUTE
    dc.s                                     0x00000000   Number         0  dc.o ABSOLUTE
    diskio.c                                 0x00000000   Number         0  diskio.o ABSOLUTE
    dma.c                                    0x00000000   Number         0  dma.o ABSOLUTE
    fatfs.c                                  0x00000000   Number         0  fatfs.o ABSOLUTE
    ff.c                                     0x00000000   Number         0  ff.o ABSOLUTE
    ff_gen_drv.c                             0x00000000   Number         0  ff_gen_drv.o ABSOLUTE
    gpio.c                                   0x00000000   Number         0  gpio.o ABSOLUTE
    handlers.s                               0x00000000   Number         0  handlers.o ABSOLUTE
    init.s                                   0x00000000   Number         0  init.o ABSOLUTE
    main.c                                   0x00000000   Number         0  main.o ABSOLUTE
    spi.c                                    0x00000000   Number         0  spi.o ABSOLUTE
    startup_stm32f103xb.s                    0x00000000   Number         0  startup_stm32f103xb.o ABSOLUTE
    stm32f1xx_hal.c                          0x00000000   Number         0  stm32f1xx_hal.o ABSOLUTE
    stm32f1xx_hal_cortex.c                   0x00000000   Number         0  stm32f1xx_hal_cortex.o ABSOLUTE
    stm32f1xx_hal_dma.c                      0x00000000   Number         0  stm32f1xx_hal_dma.o ABSOLUTE
    stm32f1xx_hal_flash.c                    0x00000000   Number         0  stm32f1xx_hal_flash.o ABSOLUTE
    stm32f1xx_hal_flash_ex.c                 0x00000000   Number         0  stm32f1xx_hal_flash_ex.o ABSOLUTE
    stm32f1xx_hal_gpio.c                     0x00000000   Number         0  stm32f1xx_hal_gpio.o ABSOLUTE
    stm32f1xx_hal_gpio_ex.c                  0x00000000   Number         0  stm32f1xx_hal_gpio_ex.o ABSOLUTE
    stm32f1xx_hal_msp.c                      0x00000000   Number         0  stm32f1xx_hal_msp.o ABSOLUTE
    stm32f1xx_hal_pwr.c                      0x00000000   Number         0  stm32f1xx_hal_pwr.o ABSOLUTE
    stm32f1xx_hal_rcc.c                      0x00000000   Number         0  stm32f1xx_hal_rcc.o ABSOLUTE
    stm32f1xx_hal_rcc_ex.c                   0x00000000   Number         0  stm32f1xx_hal_rcc_ex.o ABSOLUTE
    stm32f1xx_hal_tim.c                      0x00000000   Number         0  stm32f1xx_hal_tim.o ABSOLUTE
    stm32f1xx_hal_tim_ex.c                   0x00000000   Number         0  stm32f1xx_hal_tim_ex.o ABSOLUTE
    stm32f1xx_it.c                           0x00000000   Number         0  stm32f1xx_it.o ABSOLUTE
    stm32f1xx_ll_dma.c                       0x00000000   Number         0  stm32f1xx_ll_dma.o ABSOLUTE
    stm32f1xx_ll_exti.c                      0x00000000   Number         0  stm32f1xx_ll_exti.o ABSOLUTE
    stm32f1xx_ll_gpio.c                      0x00000000   Number         0  stm32f1xx_ll_gpio.o ABSOLUTE
    stm32f1xx_ll_rcc.c                       0x00000000   Number         0  stm32f1xx_ll_rcc.o ABSOLUTE
    stm32f1xx_ll_spi.c                       0x00000000   Number         0  stm32f1xx_ll_spi.o ABSOLUTE
    stm32f1xx_ll_usart.c                     0x00000000   Number         0  stm32f1xx_ll_usart.o ABSOLUTE
    stm32f1xx_ll_utils.c                     0x00000000   Number         0  stm32f1xx_ll_utils.o ABSOLUTE
    syscall.c                                0x00000000   Number         0  syscall.o ABSOLUTE
    system_stm32f1xx.c                       0x00000000   Number         0  system_stm32f1xx.o ABSOLUTE
    usart.c                                  0x00000000   Number         0  usart.o ABSOLUTE
    user_diskio.c                            0x00000000   Number         0  user_diskio.o ABSOLUTE
    RESET                                    0x08000000   Section      236  startup_stm32f103xb.o(RESET)
    .ARM.Collect$$$$00000000                 0x080000ec   Section        0  entry.o(.ARM.Collect$$$$00000000)
    .ARM.Collect$$$$00000001                 0x080000ec   Section        4  entry2.o(.ARM.Collect$$$$00000001)
    .ARM.Collect$$$$00000004                 0x080000f0   Section        4  entry5.o(.ARM.Collect$$$$00000004)
    .ARM.Collect$$$$00000008                 0x080000f4   Section        0  entry7b.o(.ARM.Collect$$$$00000008)
    .ARM.Collect$$$$0000000A                 0x080000f4   Section        0  entry8b.o(.ARM.Collect$$$$0000000A)
    .ARM.Collect$$$$0000000B                 0x080000f4   Section        8  entry9a.o(.ARM.Collect$$$$0000000B)
    __lit__00000000                          0x080000fc   Data           4  entry2.o(.ARM.Collect$$$$00002712)
    .ARM.Collect$$$$0000000D                 0x080000fc   Section        0  entry10a.o(.ARM.Collect$$$$0000000D)
    .ARM.Collect$$$$0000000F                 0x080000fc   Section        0  entry11a.o(.ARM.Collect$$$$0000000F)
    .ARM.Collect$$$$00002712                 0x080000fc   Section        4  entry2.o(.ARM.Collect$$$$00002712)
    .text                                    0x08000100   Section       36  startup_stm32f103xb.o(.text)
    .text                                    0x08000124   Section       36  init.o(.text)
    [Anonymous Symbol]                       0x08000148   Section        0  stm32f1xx_it.o(.text.BusFault_Handler)
    [Anonymous Symbol]                       0x0800014a   Section        0  stm32f1xx_it.o(.text.DMA1_Channel2_IRQHandler)
    [Anonymous Symbol]                       0x0800014c   Section        0  stm32f1xx_it.o(.text.DMA1_Channel3_IRQHandler)
    [Anonymous Symbol]                       0x0800014e   Section        0  stm32f1xx_it.o(.text.DMA1_Channel4_IRQHandler)
    [Anonymous Symbol]                       0x08000150   Section        0  stm32f1xx_it.o(.text.DMA1_Channel5_IRQHandler)
    [Anonymous Symbol]                       0x08000152   Section        0  stm32f1xx_it.o(.text.DebugMon_Handler)
    [Anonymous Symbol]                       0x08000154   Section        0  stm32f1xx_hal.o(.text.HAL_IncTick)
    __arm_cp.5_1                             0x08000164   Number         4  stm32f1xx_hal.o(.text.HAL_IncTick)
    [Anonymous Symbol]                       0x08000168   Section        0  stm32f1xx_hal.o(.text.HAL_Init)
    __arm_cp.0_0                             0x08000188   Number         4  stm32f1xx_hal.o(.text.HAL_Init)
    [Anonymous Symbol]                       0x0800018c   Section        0  stm32f1xx_hal.o(.text.HAL_InitTick)
    __arm_cp.1_0                             0x080001c4   Number         4  stm32f1xx_hal.o(.text.HAL_InitTick)
    [Anonymous Symbol]                       0x080001c8   Section        0  stm32f1xx_hal_msp.o(.text.HAL_MspInit)
    __arm_cp.0_1                             0x08000200   Number         4  stm32f1xx_hal_msp.o(.text.HAL_MspInit)
    [Anonymous Symbol]                       0x08000204   Section        0  stm32f1xx_hal_cortex.o(.text.HAL_NVIC_SetPriority)
    [Anonymous Symbol]                       0x08000260   Section        0  stm32f1xx_hal_cortex.o(.text.HAL_NVIC_SetPriorityGrouping)
    __arm_cp.0_0                             0x08000288   Number         4  stm32f1xx_hal_cortex.o(.text.HAL_NVIC_SetPriorityGrouping)
    __arm_cp.0_1                             0x0800028c   Number         4  stm32f1xx_hal_cortex.o(.text.HAL_NVIC_SetPriorityGrouping)
    __arm_cp.0_2                             0x08000290   Number         4  stm32f1xx_hal_cortex.o(.text.HAL_NVIC_SetPriorityGrouping)
    [Anonymous Symbol]                       0x08000294   Section        0  stm32f1xx_hal_cortex.o(.text.HAL_SYSTICK_Config)
    __arm_cp.7_1                             0x080002b4   Number         4  stm32f1xx_hal_cortex.o(.text.HAL_SYSTICK_Config)
    [Anonymous Symbol]                       0x080002b8   Section        0  stm32f1xx_it.o(.text.HardFault_Handler)
    LL_APB2_GRP1_EnableClock                 0x080002bd   Thumb Code    28  gpio.o(.text.LL_APB2_GRP1_EnableClock)
    [Anonymous Symbol]                       0x080002bc   Section        0  gpio.o(.text.LL_APB2_GRP1_EnableClock)
    LL_APB2_GRP1_EnableClock                 0x080002d5   Thumb Code    28  usart.o(.text.LL_APB2_GRP1_EnableClock)
    [Anonymous Symbol]                       0x080002d4   Section        0  usart.o(.text.LL_APB2_GRP1_EnableClock)
    __arm_cp.1_0                             0x080002ec   Number         4  usart.o(.text.LL_APB2_GRP1_EnableClock)
    [Anonymous Symbol]                       0x080002f0   Section        0  stm32f1xx_ll_gpio.o(.text.LL_GPIO_Init)
    __arm_cp.1_0                             0x08000438   Number         4  stm32f1xx_ll_gpio.o(.text.LL_GPIO_Init)
    __arm_cp.1_1                             0x0800043c   Number         4  stm32f1xx_ll_gpio.o(.text.LL_GPIO_Init)
    [Anonymous Symbol]                       0x08000440   Section        0  stm32f1xx_ll_utils.o(.text.LL_Init1msTick)
    __arm_cp.0_0                             0x08000458   Number         4  stm32f1xx_ll_utils.o(.text.LL_Init1msTick)
    [Anonymous Symbol]                       0x0800045c   Section        0  stm32f1xx_ll_rcc.o(.text.LL_RCC_GetSystemClocksFreq)
    __arm_cp.1_0                             0x08000494   Number         4  stm32f1xx_ll_rcc.o(.text.LL_RCC_GetSystemClocksFreq)
    __arm_cp.1_1                             0x08000498   Number         4  stm32f1xx_ll_rcc.o(.text.LL_RCC_GetSystemClocksFreq)
    __arm_cp.1_2                             0x0800049c   Number         4  stm32f1xx_ll_rcc.o(.text.LL_RCC_GetSystemClocksFreq)
    [Anonymous Symbol]                       0x080004a0   Section        0  stm32f1xx_ll_utils.o(.text.LL_SetSystemCoreClock)
    __arm_cp.2_0                             0x080004a8   Number         4  stm32f1xx_ll_utils.o(.text.LL_SetSystemCoreClock)
    [Anonymous Symbol]                       0x080004ac   Section        0  stm32f1xx_ll_usart.o(.text.LL_USART_Init)
    __arm_cp.1_0                             0x08000600   Number         4  stm32f1xx_ll_usart.o(.text.LL_USART_Init)
    __arm_cp.1_1                             0x08000604   Number         4  stm32f1xx_ll_usart.o(.text.LL_USART_Init)
    __arm_cp.1_2                             0x08000608   Number         4  stm32f1xx_ll_usart.o(.text.LL_USART_Init)
    __arm_cp.1_3                             0x0800060c   Number         4  stm32f1xx_ll_usart.o(.text.LL_USART_Init)
    __arm_cp.1_4                             0x08000610   Number         4  stm32f1xx_ll_usart.o(.text.LL_USART_Init)
    [Anonymous Symbol]                       0x08000614   Section        0  dma.o(.text.MX_DMA_Init)
    __arm_cp.0_0                             0x08000660   Number         4  dma.o(.text.MX_DMA_Init)
    __arm_cp.0_1                             0x08000664   Number         4  dma.o(.text.MX_DMA_Init)
    __arm_cp.0_2                             0x08000668   Number         4  dma.o(.text.MX_DMA_Init)
    __arm_cp.0_3                             0x0800066c   Number         4  dma.o(.text.MX_DMA_Init)
    [Anonymous Symbol]                       0x08000670   Section        0  gpio.o(.text.MX_GPIO_Init)
    __arm_cp.0_0                             0x08000730   Number         4  gpio.o(.text.MX_GPIO_Init)
    __arm_cp.0_2                             0x08000734   Number         4  gpio.o(.text.MX_GPIO_Init)
    __arm_cp.0_3                             0x08000738   Number         4  gpio.o(.text.MX_GPIO_Init)
    __arm_cp.0_4                             0x0800073c   Number         4  gpio.o(.text.MX_GPIO_Init)
    __arm_cp.0_5                             0x08000740   Number         4  gpio.o(.text.MX_GPIO_Init)
    __arm_cp.0_6                             0x08000744   Number         4  gpio.o(.text.MX_GPIO_Init)
    __arm_cp.0_7                             0x08000748   Number         4  gpio.o(.text.MX_GPIO_Init)
    __arm_cp.0_8                             0x0800074c   Number         4  gpio.o(.text.MX_GPIO_Init)
    [Anonymous Symbol]                       0x08000750   Section        0  usart.o(.text.MX_USART1_UART_Init)
    __arm_cp.0_0                             0x08000854   Number         4  usart.o(.text.MX_USART1_UART_Init)
    __arm_cp.0_1                             0x08000858   Number         4  usart.o(.text.MX_USART1_UART_Init)
    __arm_cp.0_2                             0x0800085c   Number         4  usart.o(.text.MX_USART1_UART_Init)
    __arm_cp.0_3                             0x08000860   Number         4  usart.o(.text.MX_USART1_UART_Init)
    __arm_cp.0_4                             0x08000864   Number         4  usart.o(.text.MX_USART1_UART_Init)
    __arm_cp.0_5                             0x08000868   Number         4  usart.o(.text.MX_USART1_UART_Init)
    __arm_cp.0_6                             0x0800086c   Number         4  usart.o(.text.MX_USART1_UART_Init)
    __arm_cp.0_7                             0x08000870   Number         4  usart.o(.text.MX_USART1_UART_Init)
    [Anonymous Symbol]                       0x08000874   Section        0  stm32f1xx_it.o(.text.MemManage_Handler)
    [Anonymous Symbol]                       0x08000876   Section        0  stm32f1xx_it.o(.text.NMI_Handler)
    [Anonymous Symbol]                       0x08000878   Section        0  stm32f1xx_it.o(.text.PendSV_Handler)
    [Anonymous Symbol]                       0x0800087c   Section        0  stm32f1xx_ll_rcc.o(.text.RCC_GetSystemClockFreq)
    [Anonymous Symbol]                       0x08000890   Section        0  stm32f1xx_ll_rcc.o(.text.RCC_PLL_GetFreqDomain_SYS)
    __arm_cp.7_0                             0x080008b8   Number         4  stm32f1xx_ll_rcc.o(.text.RCC_PLL_GetFreqDomain_SYS)
    __arm_cp.7_1                             0x080008bc   Number         4  stm32f1xx_ll_rcc.o(.text.RCC_PLL_GetFreqDomain_SYS)
    __arm_cp.7_2                             0x080008c0   Number         4  stm32f1xx_ll_rcc.o(.text.RCC_PLL_GetFreqDomain_SYS)
    [Anonymous Symbol]                       0x080008c4   Section        0  stm32f1xx_it.o(.text.SPI1_IRQHandler)
    [Anonymous Symbol]                       0x080008c6   Section        0  stm32f1xx_it.o(.text.SVC_Handler)
    [Anonymous Symbol]                       0x080008c8   Section        0  stm32f1xx_it.o(.text.SysTick_Handler)
    [Anonymous Symbol]                       0x080008cc   Section        0  main.o(.text.SystemClock_Config)
    __arm_cp.1_0                             0x08000958   Number         4  main.o(.text.SystemClock_Config)
    __arm_cp.1_2                             0x0800095c   Number         4  main.o(.text.SystemClock_Config)
    __arm_cp.1_3                             0x08000960   Number         4  main.o(.text.SystemClock_Config)
    [Anonymous Symbol]                       0x08000964   Section        0  system_stm32f1xx.o(.text.SystemInit)
    __arm_cp.0_0                             0x080009a0   Number         4  system_stm32f1xx.o(.text.SystemInit)
    __arm_cp.0_1                             0x080009a4   Number         4  system_stm32f1xx.o(.text.SystemInit)
    __arm_cp.0_2                             0x080009a8   Number         4  system_stm32f1xx.o(.text.SystemInit)
    __arm_cp.0_3                             0x080009ac   Number         4  system_stm32f1xx.o(.text.SystemInit)
    [Anonymous Symbol]                       0x080009b0   Section        0  stm32f1xx_it.o(.text.USART1_IRQHandler)
    [Anonymous Symbol]                       0x080009b2   Section        0  stm32f1xx_it.o(.text.UsageFault_Handler)
    __NVIC_SetPriority                       0x080009b5   Thumb Code    36  stm32f1xx_hal_cortex.o(.text.__NVIC_SetPriority)
    [Anonymous Symbol]                       0x080009b4   Section        0  stm32f1xx_hal_cortex.o(.text.__NVIC_SetPriority)
    __arm_cp.2_0                             0x080009d0   Number         4  stm32f1xx_hal_cortex.o(.text.__NVIC_SetPriority)
    __arm_cp.2_1                             0x080009d4   Number         4  stm32f1xx_hal_cortex.o(.text.__NVIC_SetPriority)
    [Anonymous Symbol]                       0x080009d8   Section        0  main.o(.text.assert_failed)
    [Anonymous Symbol]                       0x080009da   Section        0  main.o(.text.main)
    i.__scatterload_copy                     0x080009f0   Section       14  handlers.o(i.__scatterload_copy)
    i.__scatterload_null                     0x080009fe   Section        2  handlers.o(i.__scatterload_null)
    i.__scatterload_zeroinit                 0x08000a00   Section       14  handlers.o(i.__scatterload_zeroinit)
    .L.str                                   0x08000a26   Data          56  stm32f1xx_ll_gpio.o(.rodata.str1.1)
    [Anonymous Symbol]                       0x08000a26   Section        0  stm32f1xx_ll_gpio.o(.rodata.str1.1)
    .L.str                                   0x08000a5e   Data          57  stm32f1xx_ll_usart.o(.rodata.str1.1)
    [Anonymous Symbol]                       0x08000a5e   Section        0  stm32f1xx_ll_usart.o(.rodata.str1.1)
    .L.str                                   0x08000a97   Data          59  stm32f1xx_hal_cortex.o(.rodata.str1.1)
    [Anonymous Symbol]                       0x08000a97   Section        0  stm32f1xx_hal_cortex.o(.rodata.str1.1)
    [Anonymous Symbol]                       0x20000000   Section        0  stm32f1xx_hal.o(.data..L_MergedGlobals)
    STACK                                    0x20000018   Section     1024  startup_stm32f103xb.o(STACK)

    Global Symbols

    Symbol Name                              Value     Ov Type        Size  Object(Section)

    BuildAttributes$$THM_ISAv4$P$D$K$B$S$PE$A:L22UL41UL21$X:L11$S22US41US21$IEEE1$IW$~IW$USESV6$~STKCKD$USESV7$~SHL$OSPACE$EBA8$MICROLIB$REQ8$PRES8$EABIv2 0x00000000   Number         0  anon$$obj.o ABSOLUTE
    __cpp_initialize__aeabi_                  - Undefined Weak Reference
    __cxa_finalize                            - Undefined Weak Reference
    __decompress                              - Undefined Weak Reference
    _clock_init                               - Undefined Weak Reference
    _microlib_exit                            - Undefined Weak Reference
    __Vectors_Size                           0x000000ec   Number         0  startup_stm32f103xb.o ABSOLUTE
    __Vectors                                0x08000000   Data           4  startup_stm32f103xb.o(RESET)
    __Vectors_End                            0x080000ec   Data           0  startup_stm32f103xb.o(RESET)
    __main                                   0x080000ed   Thumb Code     0  entry.o(.ARM.Collect$$$$00000000)
    _main_stk                                0x080000ed   Thumb Code     0  entry2.o(.ARM.Collect$$$$00000001)
    _main_scatterload                        0x080000f1   Thumb Code     0  entry5.o(.ARM.Collect$$$$00000004)
    __main_after_scatterload                 0x080000f5   Thumb Code     0  entry5.o(.ARM.Collect$$$$00000004)
    _main_clock                              0x080000f5   Thumb Code     0  entry7b.o(.ARM.Collect$$$$00000008)
    _main_cpp_init                           0x080000f5   Thumb Code     0  entry8b.o(.ARM.Collect$$$$0000000A)
    _main_init                               0x080000f5   Thumb Code     0  entry9a.o(.ARM.Collect$$$$0000000B)
    __rt_final_cpp                           0x080000fd   Thumb Code     0  entry10a.o(.ARM.Collect$$$$0000000D)
    __rt_final_exit                          0x080000fd   Thumb Code     0  entry11a.o(.ARM.Collect$$$$0000000F)
    Reset_Handler                            0x08000101   Thumb Code     8  startup_stm32f103xb.o(.text)
    ADC1_2_IRQHandler                        0x0800011b   Thumb Code     0  startup_stm32f103xb.o(.text)
    CAN1_RX1_IRQHandler                      0x0800011b   Thumb Code     0  startup_stm32f103xb.o(.text)
    CAN1_SCE_IRQHandler                      0x0800011b   Thumb Code     0  startup_stm32f103xb.o(.text)
    DMA1_Channel1_IRQHandler                 0x0800011b   Thumb Code     0  startup_stm32f103xb.o(.text)
    DMA1_Channel6_IRQHandler                 0x0800011b   Thumb Code     0  startup_stm32f103xb.o(.text)
    DMA1_Channel7_IRQHandler                 0x0800011b   Thumb Code     0  startup_stm32f103xb.o(.text)
    EXTI0_IRQHandler                         0x0800011b   Thumb Code     0  startup_stm32f103xb.o(.text)
    EXTI15_10_IRQHandler                     0x0800011b   Thumb Code     0  startup_stm32f103xb.o(.text)
    EXTI1_IRQHandler                         0x0800011b   Thumb Code     0  startup_stm32f103xb.o(.text)
    EXTI2_IRQHandler                         0x0800011b   Thumb Code     0  startup_stm32f103xb.o(.text)
    EXTI3_IRQHandler                         0x0800011b   Thumb Code     0  startup_stm32f103xb.o(.text)
    EXTI4_IRQHandler                         0x0800011b   Thumb Code     0  startup_stm32f103xb.o(.text)
    EXTI9_5_IRQHandler                       0x0800011b   Thumb Code     0  startup_stm32f103xb.o(.text)
    FLASH_IRQHandler                         0x0800011b   Thumb Code     0  startup_stm32f103xb.o(.text)
    I2C1_ER_IRQHandler                       0x0800011b   Thumb Code     0  startup_stm32f103xb.o(.text)
    I2C1_EV_IRQHandler                       0x0800011b   Thumb Code     0  startup_stm32f103xb.o(.text)
    I2C2_ER_IRQHandler                       0x0800011b   Thumb Code     0  startup_stm32f103xb.o(.text)
    I2C2_EV_IRQHandler                       0x0800011b   Thumb Code     0  startup_stm32f103xb.o(.text)
    PVD_IRQHandler                           0x0800011b   Thumb Code     0  startup_stm32f103xb.o(.text)
    RCC_IRQHandler                           0x0800011b   Thumb Code     0  startup_stm32f103xb.o(.text)
    RTC_Alarm_IRQHandler                     0x0800011b   Thumb Code     0  startup_stm32f103xb.o(.text)
    RTC_IRQHandler                           0x0800011b   Thumb Code     0  startup_stm32f103xb.o(.text)
    SPI2_IRQHandler                          0x0800011b   Thumb Code     0  startup_stm32f103xb.o(.text)
    TAMPER_IRQHandler                        0x0800011b   Thumb Code     0  startup_stm32f103xb.o(.text)
    TIM1_BRK_IRQHandler                      0x0800011b   Thumb Code     0  startup_stm32f103xb.o(.text)
    TIM1_CC_IRQHandler                       0x0800011b   Thumb Code     0  startup_stm32f103xb.o(.text)
    TIM1_TRG_COM_IRQHandler                  0x0800011b   Thumb Code     0  startup_stm32f103xb.o(.text)
    TIM1_UP_IRQHandler                       0x0800011b   Thumb Code     0  startup_stm32f103xb.o(.text)
    TIM2_IRQHandler                          0x0800011b   Thumb Code     0  startup_stm32f103xb.o(.text)
    TIM3_IRQHandler                          0x0800011b   Thumb Code     0  startup_stm32f103xb.o(.text)
    TIM4_IRQHandler                          0x0800011b   Thumb Code     0  startup_stm32f103xb.o(.text)
    USART2_IRQHandler                        0x0800011b   Thumb Code     0  startup_stm32f103xb.o(.text)
    USART3_IRQHandler                        0x0800011b   Thumb Code     0  startup_stm32f103xb.o(.text)
    USBWakeUp_IRQHandler                     0x0800011b   Thumb Code     0  startup_stm32f103xb.o(.text)
    USB_HP_CAN1_TX_IRQHandler                0x0800011b   Thumb Code     0  startup_stm32f103xb.o(.text)
    USB_LP_CAN1_RX0_IRQHandler               0x0800011b   Thumb Code     0  startup_stm32f103xb.o(.text)
    WWDG_IRQHandler                          0x0800011b   Thumb Code     0  startup_stm32f103xb.o(.text)
    __scatterload                            0x08000125   Thumb Code    28  init.o(.text)
    __scatterload_rt2                        0x08000125   Thumb Code     0  init.o(.text)
    BusFault_Handler                         0x08000149   Thumb Code     2  stm32f1xx_it.o(.text.BusFault_Handler)
    DMA1_Channel2_IRQHandler                 0x0800014b   Thumb Code     2  stm32f1xx_it.o(.text.DMA1_Channel2_IRQHandler)
    DMA1_Channel3_IRQHandler                 0x0800014d   Thumb Code     2  stm32f1xx_it.o(.text.DMA1_Channel3_IRQHandler)
    DMA1_Channel4_IRQHandler                 0x0800014f   Thumb Code     2  stm32f1xx_it.o(.text.DMA1_Channel4_IRQHandler)
    DMA1_Channel5_IRQHandler                 0x08000151   Thumb Code     2  stm32f1xx_it.o(.text.DMA1_Channel5_IRQHandler)
    DebugMon_Handler                         0x08000153   Thumb Code     2  stm32f1xx_it.o(.text.DebugMon_Handler)
    HAL_IncTick                              0x08000155   Thumb Code    24  stm32f1xx_hal.o(.text.HAL_IncTick)
    HAL_Init                                 0x08000169   Thumb Code    36  stm32f1xx_hal.o(.text.HAL_Init)
    HAL_InitTick                             0x0800018d   Thumb Code    64  stm32f1xx_hal.o(.text.HAL_InitTick)
    HAL_MspInit                              0x080001c9   Thumb Code    64  stm32f1xx_hal_msp.o(.text.HAL_MspInit)
    HAL_NVIC_SetPriority                     0x08000205   Thumb Code   100  stm32f1xx_hal_cortex.o(.text.HAL_NVIC_SetPriority)
    HAL_NVIC_SetPriorityGrouping             0x08000261   Thumb Code    52  stm32f1xx_hal_cortex.o(.text.HAL_NVIC_SetPriorityGrouping)
    HAL_SYSTICK_Config                       0x08000295   Thumb Code    40  stm32f1xx_hal_cortex.o(.text.HAL_SYSTICK_Config)
    HardFault_Handler                        0x080002b9   Thumb Code     2  stm32f1xx_it.o(.text.HardFault_Handler)
    LL_GPIO_Init                             0x080002f1   Thumb Code   336  stm32f1xx_ll_gpio.o(.text.LL_GPIO_Init)
    LL_Init1msTick                           0x08000441   Thumb Code    28  stm32f1xx_ll_utils.o(.text.LL_Init1msTick)
    LL_RCC_GetSystemClocksFreq               0x0800045d   Thumb Code    68  stm32f1xx_ll_rcc.o(.text.LL_RCC_GetSystemClocksFreq)
    LL_SetSystemCoreClock                    0x080004a1   Thumb Code    12  stm32f1xx_ll_utils.o(.text.LL_SetSystemCoreClock)
    LL_USART_Init                            0x080004ad   Thumb Code   360  stm32f1xx_ll_usart.o(.text.LL_USART_Init)
    MX_DMA_Init                              0x08000615   Thumb Code    92  dma.o(.text.MX_DMA_Init)
    MX_GPIO_Init                             0x08000671   Thumb Code   228  gpio.o(.text.MX_GPIO_Init)
    MX_USART1_UART_Init                      0x08000751   Thumb Code   292  usart.o(.text.MX_USART1_UART_Init)
    MemManage_Handler                        0x08000875   Thumb Code     2  stm32f1xx_it.o(.text.MemManage_Handler)
    NMI_Handler                              0x08000877   Thumb Code     2  stm32f1xx_it.o(.text.NMI_Handler)
    PendSV_Handler                           0x08000879   Thumb Code     2  stm32f1xx_it.o(.text.PendSV_Handler)
    RCC_GetSystemClockFreq                   0x0800087d   Thumb Code    28  stm32f1xx_ll_rcc.o(.text.RCC_GetSystemClockFreq)
    RCC_PLL_GetFreqDomain_SYS                0x08000891   Thumb Code    52  stm32f1xx_ll_rcc.o(.text.RCC_PLL_GetFreqDomain_SYS)
    SPI1_IRQHandler                          0x080008c5   Thumb Code     2  stm32f1xx_it.o(.text.SPI1_IRQHandler)
    SVC_Handler                              0x080008c7   Thumb Code     2  stm32f1xx_it.o(.text.SVC_Handler)
    SysTick_Handler                          0x080008c9   Thumb Code     4  stm32f1xx_it.o(.text.SysTick_Handler)
    SystemClock_Config                       0x080008cd   Thumb Code   156  main.o(.text.SystemClock_Config)
    SystemInit                               0x08000965   Thumb Code    76  system_stm32f1xx.o(.text.SystemInit)
    USART1_IRQHandler                        0x080009b1   Thumb Code     2  stm32f1xx_it.o(.text.USART1_IRQHandler)
    UsageFault_Handler                       0x080009b3   Thumb Code     2  stm32f1xx_it.o(.text.UsageFault_Handler)
    assert_failed                            0x080009d9   Thumb Code     2  main.o(.text.assert_failed)
    main                                     0x080009db   Thumb Code    22  main.o(.text.main)
    __scatterload_copy                       0x080009f1   Thumb Code    14  handlers.o(i.__scatterload_copy)
    __scatterload_null                       0x080009ff   Thumb Code     2  handlers.o(i.__scatterload_null)
    __scatterload_zeroinit                   0x08000a01   Thumb Code    14  handlers.o(i.__scatterload_zeroinit)
    AHBPrescTable                            0x08000a0e   Data          16  system_stm32f1xx.o(.rodata.AHBPrescTable)
    APBPrescTable                            0x08000a1e   Data           8  system_stm32f1xx.o(.rodata.APBPrescTable)
    Region$$Table$$Base                      0x08000ad4   Number         0  anon$$obj.o(Region$$Table)
    Region$$Table$$Limit                     0x08000af4   Number         0  anon$$obj.o(Region$$Table)
    uwTickFreq                               0x20000000   Data           1  stm32f1xx_hal.o(.data..L_MergedGlobals)
    uwTickPrio                               0x20000004   Data           4  stm32f1xx_hal.o(.data..L_MergedGlobals)
    SystemCoreClock                          0x20000008   Data           4  system_stm32f1xx.o(.data.SystemCoreClock)
    uwTick                                   0x20000010   Data           4  stm32f1xx_hal.o(.bss.uwTick)
    __initial_sp                             0x20000418   Data           0  startup_stm32f103xb.o(STACK)



==============================================================================

Memory Map of the image

  Image Entry point : 0x080000ed

  Load Region LR_IROM1 (Base: 0x08000000, Size: 0x00000b08, Max: 0x00020000, ABSOLUTE)

    Execution Region ER_IROM1 (Exec base: 0x08000000, Load base: 0x08000000, Size: 0x00000af4, Max: 0x00020000, ABSOLUTE)

    Exec Addr    Load Addr    Size         Type   Attr      Idx    E Section Name        Object

    0x08000000   0x08000000   0x000000ec   Data   RO            3    RESET               startup_stm32f103xb.o
    0x080000ec   0x080000ec   0x00000000   Code   RO          821  * .ARM.Collect$$$$00000000  mc_w.l(entry.o)
    0x080000ec   0x080000ec   0x00000004   Code   RO          828    .ARM.Collect$$$$00000001  mc_w.l(entry2.o)
    0x080000f0   0x080000f0   0x00000004   Code   RO          831    .ARM.Collect$$$$00000004  mc_w.l(entry5.o)
    0x080000f4   0x080000f4   0x00000000   Code   RO          833    .ARM.Collect$$$$00000008  mc_w.l(entry7b.o)
    0x080000f4   0x080000f4   0x00000000   Code   RO          835    .ARM.Collect$$$$0000000A  mc_w.l(entry8b.o)
    0x080000f4   0x080000f4   0x00000008   Code   RO          836    .ARM.Collect$$$$0000000B  mc_w.l(entry9a.o)
    0x080000fc   0x080000fc   0x00000000   Code   RO          838    .ARM.Collect$$$$0000000D  mc_w.l(entry10a.o)
    0x080000fc   0x080000fc   0x00000000   Code   RO          840    .ARM.Collect$$$$0000000F  mc_w.l(entry11a.o)
    0x080000fc   0x080000fc   0x00000004   Code   RO          829    .ARM.Collect$$$$00002712  mc_w.l(entry2.o)
    0x08000100   0x08000100   0x00000024   Code   RO            4    .text               startup_stm32f103xb.o
    0x08000124   0x08000124   0x00000024   Code   RO          842    .text               mc_w.l(init.o)
    0x08000148   0x08000148   0x00000002   Code   RO          117    .text.BusFault_Handler  stm32f1xx_it.o
    0x0800014a   0x0800014a   0x00000002   Code   RO          129    .text.DMA1_Channel2_IRQHandler  stm32f1xx_it.o
    0x0800014c   0x0800014c   0x00000002   Code   RO          131    .text.DMA1_Channel3_IRQHandler  stm32f1xx_it.o
    0x0800014e   0x0800014e   0x00000002   Code   RO          133    .text.DMA1_Channel4_IRQHandler  stm32f1xx_it.o
    0x08000150   0x08000150   0x00000002   Code   RO          135    .text.DMA1_Channel5_IRQHandler  stm32f1xx_it.o
    0x08000152   0x08000152   0x00000002   Code   RO          123    .text.DebugMon_Handler  stm32f1xx_it.o
    0x08000154   0x08000154   0x00000014   Code   RO          325    .text.HAL_IncTick   stm32f1xx_hal.o
    0x08000168   0x08000168   0x00000024   Code   RO          315    .text.HAL_Init      stm32f1xx_hal.o
    0x0800018c   0x0800018c   0x0000003c   Code   RO          317    .text.HAL_InitTick  stm32f1xx_hal.o
    0x080001c8   0x080001c8   0x0000003c   Code   RO          149    .text.HAL_MspInit   stm32f1xx_hal_msp.o
    0x08000204   0x08000204   0x0000005c   Code   RO          494    .text.HAL_NVIC_SetPriority  stm32f1xx_hal_cortex.o
    0x08000260   0x08000260   0x00000034   Code   RO          492    .text.HAL_NVIC_SetPriorityGrouping  stm32f1xx_hal_cortex.o
    0x08000294   0x08000294   0x00000024   Code   RO          506    .text.HAL_SYSTICK_Config  stm32f1xx_hal_cortex.o
    0x080002b8   0x080002b8   0x00000002   Code   RO          113    .text.HardFault_Handler  stm32f1xx_it.o
    0x080002ba   0x080002ba   0x00000002   PAD
    0x080002bc   0x080002bc   0x00000018   Code   RO           30    .text.LL_APB2_GRP1_EnableClock  gpio.o
    0x080002d4   0x080002d4   0x0000001c   Code   RO          100    .text.LL_APB2_GRP1_EnableClock  usart.o
    0x080002f0   0x080002f0   0x00000150   Code   RO          177    .text.LL_GPIO_Init  stm32f1xx_ll_gpio.o
    0x08000440   0x08000440   0x0000001c   Code   RO          273    .text.LL_Init1msTick  stm32f1xx_ll_utils.o
    0x0800045c   0x0800045c   0x00000044   Code   RO          247    .text.LL_RCC_GetSystemClocksFreq  stm32f1xx_ll_rcc.o
    0x080004a0   0x080004a0   0x0000000c   Code   RO          277    .text.LL_SetSystemCoreClock  stm32f1xx_ll_utils.o
    0x080004ac   0x080004ac   0x00000168   Code   RO          227    .text.LL_USART_Init  stm32f1xx_ll_usart.o
    0x08000614   0x08000614   0x0000005c   Code   RO           41    .text.MX_DMA_Init   dma.o
    0x08000670   0x08000670   0x000000e0   Code   RO           28    .text.MX_GPIO_Init  gpio.o
    0x08000750   0x08000750   0x00000124   Code   RO           98    .text.MX_USART1_UART_Init  usart.o
    0x08000874   0x08000874   0x00000002   Code   RO          115    .text.MemManage_Handler  stm32f1xx_it.o
    0x08000876   0x08000876   0x00000002   Code   RO          111    .text.NMI_Handler   stm32f1xx_it.o
    0x08000878   0x08000878   0x00000002   Code   RO          125    .text.PendSV_Handler  stm32f1xx_it.o
    0x0800087a   0x0800087a   0x00000002   PAD
    0x0800087c   0x0800087c   0x00000014   Code   RO          249    .text.RCC_GetSystemClockFreq  stm32f1xx_ll_rcc.o
    0x08000890   0x08000890   0x00000034   Code   RO          259    .text.RCC_PLL_GetFreqDomain_SYS  stm32f1xx_ll_rcc.o
    0x080008c4   0x080008c4   0x00000002   Code   RO          137    .text.SPI1_IRQHandler  stm32f1xx_it.o
    0x080008c6   0x080008c6   0x00000002   Code   RO          121    .text.SVC_Handler   stm32f1xx_it.o
    0x080008c8   0x080008c8   0x00000004   Code   RO          127    .text.SysTick_Handler  stm32f1xx_it.o
    0x080008cc   0x080008cc   0x00000098   Code   RO           13    .text.SystemClock_Config  main.o
    0x08000964   0x08000964   0x0000004c   Code   RO          645    .text.SystemInit    system_stm32f1xx.o
    0x080009b0   0x080009b0   0x00000002   Code   RO          139    .text.USART1_IRQHandler  stm32f1xx_it.o
    0x080009b2   0x080009b2   0x00000002   Code   RO          119    .text.UsageFault_Handler  stm32f1xx_it.o
    0x080009b4   0x080009b4   0x00000024   Code   RO          496    .text.__NVIC_SetPriority  stm32f1xx_hal_cortex.o
    0x080009d8   0x080009d8   0x00000002   Code   RO           17    .text.assert_failed  main.o
    0x080009da   0x080009da   0x00000016   Code   RO           11    .text.main          main.o
    0x080009f0   0x080009f0   0x0000000e   Code   RO          846    i.__scatterload_copy  mc_w.l(handlers.o)
    0x080009fe   0x080009fe   0x00000002   Code   RO          847    i.__scatterload_null  mc_w.l(handlers.o)
    0x08000a00   0x08000a00   0x0000000e   Code   RO          848    i.__scatterload_zeroinit  mc_w.l(handlers.o)
    0x08000a0e   0x08000a0e   0x00000010   Data   RO          650    .rodata.AHBPrescTable  system_stm32f1xx.o
    0x08000a1e   0x08000a1e   0x00000008   Data   RO          651    .rodata.APBPrescTable  system_stm32f1xx.o
    0x08000a26   0x08000a26   0x00000038   Data   RO          181    .rodata.str1.1      stm32f1xx_ll_gpio.o
    0x08000a5e   0x08000a5e   0x00000039   Data   RO          235    .rodata.str1.1      stm32f1xx_ll_usart.o
    0x08000a97   0x08000a97   0x0000003b   Data   RO          526    .rodata.str1.1      stm32f1xx_hal_cortex.o
    0x08000ad2   0x08000ad2   0x00000002   PAD
    0x08000ad4   0x08000ad4   0x00000020   Data   RO          845    Region$$Table       anon$$obj.o


    Execution Region RW_IRAM1 (Exec base: 0x20000000, Load base: 0x08000af8, Size: 0x00000418, Max: 0x00005000, ABSOLUTE)

    Exec Addr    Load Addr    Size         Type   Attr      Idx    E Section Name        Object

    0x20000000   0x08000af8   0x00000008   Data   RW          366    .data..L_MergedGlobals  stm32f1xx_hal.o
    0x20000008   0x08000b00   0x00000004   Data   RW          649    .data.SystemCoreClock  system_stm32f1xx.o
    0x2000000c   0x08000b04   0x00000004   PAD
    0x20000010        -       0x00000004   Zero   RW          365    .bss.uwTick         stm32f1xx_hal.o
    0x20000014   0x08000b04   0x00000004   PAD
    0x20000018        -       0x00000400   Zero   RW            1    STACK               startup_stm32f103xb.o


==============================================================================

Image component sizes


      Code (inc. data)   RO Data    RW Data    ZI Data      Debug   Object Name

        92         16          0          0          0       3724   dma.o
       248         32          0          0          0       1844   gpio.o
       176         12          0          0          0       2772   main.o
        36          8        236          0       1024        760   startup_stm32f103xb.o
       116         12          0          8          4       5776   stm32f1xx_hal.o
       216         24         59          0          0       8223   stm32f1xx_hal_cortex.o
        60          4          0          0          0       1161   stm32f1xx_hal_msp.o
        32          0          0          0          0       1519   stm32f1xx_it.o
       336          8         56          0          0       3637   stm32f1xx_ll_gpio.o
       140         24          0          0          0       4999   stm32f1xx_ll_rcc.o
       360         20         57          0          0       4565   stm32f1xx_ll_usart.o
        40          8          0          0          0       5903   stm32f1xx_ll_utils.o
        76         16         24          4          0       2058   system_stm32f1xx.o
       320         36          0          0          0       6291   usart.o

    ----------------------------------------------------------------------
      2252        220        466         12       1036      53232   Object Totals
         0          0         32          0          0          0   (incl. Generated)
         4          0          2          0          8          0   (incl. Padding)

    ----------------------------------------------------------------------

      Code (inc. data)   RO Data    RW Data    ZI Data      Debug   Library Member Name

         0          0          0          0          0          0   entry.o
         0          0          0          0          0          0   entry10a.o
         0          0          0          0          0          0   entry11a.o
         8          4          0          0          0          0   entry2.o
         4          0          0          0          0          0   entry5.o
         0          0          0          0          0          0   entry7b.o
         0          0          0          0          0          0   entry8b.o
         8          4          0          0          0          0   entry9a.o
        30          0          0          0          0          0   handlers.o
        36          8          0          0          0         68   init.o

    ----------------------------------------------------------------------
        86         16          0          0          0         68   Library Totals
         0          0          0          0          0          0   (incl. Padding)

    ----------------------------------------------------------------------

      Code (inc. data)   RO Data    RW Data    ZI Data      Debug   Library Name

        86         16          0          0          0         68   mc_w.l

    ----------------------------------------------------------------------
        86         16          0          0          0         68   Library Totals

    ----------------------------------------------------------------------

==============================================================================


      Code (inc. data)   RO Data    RW Data    ZI Data      Debug   

      2338        236        466         12       1036      53260   Grand Totals
      2338        236        466         12       1036      53260   ELF Image Totals
      2338        236        466         12          0          0   ROM Totals

==============================================================================

    Total RO  Size (Code + RO Data)                 2804 (   2.74kB)
    Total RW  Size (RW Data + ZI Data)              1048 (   1.02kB)
    Total ROM Size (Code + RO Data + RW Data)       2816 (   2.75kB)

==============================================================================

